10-12 08:03:47.992 25730 25753 I TestRunner: started: uiComponentsExist(LoginTest)
10-12 08:03:48.004  1355  2095 I SearchManagerService: _updateSearchables completed.
10-12 08:03:48.054 25730 25753 W FileTestStorage: Output properties is not supported.
10-12 08:03:48.055 25730 25753 I Tracing : Tracer added: class androidx.test.platform.tracing.AndroidXTracer
10-12 08:03:48.064  2303  2303 I AODNotificationManager: updateNotification()
10-12 08:03:48.066 25730 25730 D EventInjectionStrategy: Creating injection strategy with input manager.
10-12 08:03:48.066 25730 25730 W icare.auth.test: Accessing hidden method Landroid/hardware/input/InputManager;->getInstance()Landroid/hardware/input/InputManager; (unsupported, reflection, allowed)
10-12 08:03:48.067 25730 25730 W icare.auth.test: Accessing hidden method Landroid/hardware/input/InputManager;->injectInputEvent(Landroid/view/InputEvent;I)Z (unsupported, reflection, allowed)
10-12 08:03:48.067 25730 25730 W icare.auth.test: Accessing hidden field Landroid/hardware/input/InputManager;->INJECT_INPUT_EVENT_MODE_WAIT_FOR_FINISH:I (unsupported, reflection, allowed)
10-12 08:03:48.084   844   844 I BufferQueueProducer: [StatusBar$_2303#100](this:0xb4000071afab0ba0,id:-1,api:0,p:-1,c:844) queueBuffer: fps=0.57 dur=1765.77 max=1765.77 min=1765.77
10-12 08:03:48.085   844   844 D SurfaceFlinger: GPIS:: requestGPISForClientComposition
10-12 08:03:48.096 25730 25730 W icare.auth.test: Accessing hidden method Landroid/os/MessageQueue;->next()Landroid/os/Message; (unsupported, reflection, allowed)
10-12 08:03:48.097 25730 25730 W icare.auth.test: Accessing hidden field Landroid/os/MessageQueue;->mMessages:Landroid/os/Message; (unsupported, reflection, allowed)
10-12 08:03:48.097 25730 25730 W icare.auth.test: Accessing hidden method Landroid/os/Message;->recycleUnchecked()V (unsupported, reflection, allowed)
10-12 08:03:48.098 25730 25753 D IdlingRegistry: Registering idling resources: [androidx.compose.ui.test.junit4.EspressoLink@a4df020]
10-12 08:03:48.130   800  1201 I hwcomposer: [HWC] (0)fire a callback of refresh to SF[4]
10-12 08:03:48.146 25730 25753 W Settings: Setting always_finish_activities has moved from android.provider.Settings.System to android.provider.Settings.Global, returning read-only value.
10-12 08:03:48.163  1355  1407 I ChimeraSystemEventListener: appLaunchIntent package name is: com.medicare.auth.test
10-12 08:03:48.179  1355  3137 I SemDvfsHyPerManager: acquire hyper - AMS_APP_SWITCH/1355@21, type = -999
10-12 08:03:48.180   812   832 I HYPER-HAL: [RequestManager.cpp]acquire(): Acquired ID : 947397  [1355 / 21]    HINT : AMS_ACT_SWITCH    list :
10-12 08:03:48.180   844   909 E BufferQueueDebug: [Task=750#19597](this:0xb4000071afb43ba0,id:-1,api:0,p:-1,c:-1) id info cannot be read from 'Task=750#19597'
10-12 08:03:48.181   844   909 I BufferQueueDebug: [Task=750#19597](this:0xb4000071afb43ba0,id:-1,api:0,p:-1,c:-1) BufferQueue core=(844:/system/bin/surfaceflinger)
10-12 08:03:48.181   844   909 I SurfaceFlinger: id=19597 createSurf, flag=24004, Task=750#19597
10-12 08:03:48.182   812   832 I mtkpower_client: perf_lock_acq, hdl:0, dur:0, num:2, tid:832
10-12 08:03:48.184   812   832 I mtkpower_client: ret_hdl:37177
10-12 08:03:48.184   812   832 I mtkpower_client: perf_lock_acq, hdl:0, dur:0, num:2, tid:832
10-12 08:03:48.184   816   880 I libPowerHal: [perfLockAcq] idx:0 hdl:37177 hint:-1 pid:812 tid:832 duration:0 lock_user:vendor.samsung. => ret_hdl:37177
10-12 08:03:48.184   844   909 E BufferQueueDebug: [ActivityRecord{8db480b u0 com.medicare.auth.test/androidx.activity.ComponentActivity t750}#19598](this:0xb4000071afb46ba0,id:-1,api:0,p:-1,c:-1) id info cannot be read from 'ActivityRecord{8db480b u0 com.medicare.auth.test/androidx.activity.ComponentActivity t750}#19598'
10-12 08:03:48.184   844   909 I BufferQueueDebug: [ActivityRecord{8db480b u0 com.medicare.auth.test/androidx.activity.ComponentActivity t750}#19598](this:0xb4000071afb46ba0,id:-1,api:0,p:-1,c:-1) BufferQueue core=(844:/system/bin/surfaceflinger)
10-12 08:03:48.184   844   909 I SurfaceFlinger: id=19598 createSurf, flag=84004, ActivityRecord{8db480b u0 com.medicare.auth.test/androidx.activity.ComponentActivity t750}#19598
10-12 08:03:48.184   816   880 I libPowerHal: [PE] vendor.samsung. update cmd:300c000, param:15
10-12 08:03:48.183  3527  3527 I SemDvfsHyPerManager: acquire hyper - APP_START_SHORT/3527@14, type = -999
10-12 08:03:48.186   812   832 I mtkpower_client: ret_hdl:37178
10-12 08:03:48.186   812   832 I mtkpower_client: perf_lock_acq, hdl:0, dur:0, num:2, tid:832
10-12 08:03:48.188   816   880 I libPowerHal: cmdSetting - unknown cmd:1c3c000, scmd:(null) ,param_1:0
10-12 08:03:48.188   816   880 I libPowerHal: [perfLockAcq] idx:1 hdl:37178 hint:-1 pid:812 tid:832 duration:0 lock_user:vendor.samsung. => ret_hdl:37178
10-12 08:03:48.188   812   832 I mtkpower_client: ret_hdl:37179
10-12 08:03:48.188   812   832 I mtkpower_client: perf_lock_acq, hdl:0, dur:0, num:2, tid:832
10-12 08:03:48.188   816   880 I libPowerHal: [perfLockAcq] idx:2 hdl:37179 hint:-1 pid:812 tid:832 duration:0 lock_user:vendor.samsung. => ret_hdl:37179
10-12 08:03:48.189   816   880 I libPowerHal: [setClusterFreq] vendor.samsung. set cpufreq[0] min:2000000 max:-1 cpufreq[1] min:-1 max:-1
10-12 08:03:48.189   816   880 I libPowerHal: [setClusterFreq]  set cpu_ctrl cpufreq: 2000000 -1 -1 -1
10-12 08:03:48.189   816   829 I mtkpower@impl: [setMode] type:5, enabled:1
10-12 08:03:48.190   812   832 I mtkpower_client: ret_hdl:37180
10-12 08:03:48.191   812   832 I HYPER-HAL: [RequestManager.cpp]acquire(): Acquired ID : 6271125  [3527 / 14]    HINT : APP_START    list : [TIMEOUT / 1500]
10-12 08:03:48.191   816   880 I libPowerHal: [perfLockAcq] idx:3 hdl:37180 hint:-1 pid:812 tid:832 duration:0 lock_user:vendor.samsung. => ret_hdl:37180
10-12 08:03:48.191   816   880 I libPowerHal: [setDvfsrcDevFreqOpp] opp:0, freq:4266000000
10-12 08:03:48.191   816   880 I libPowerHal: [PE] vendor.samsung. update cmd:1000000 param:0
10-12 08:03:48.192  1355  2381 I SemDvfsHyPerManager: acquire hyper - AMS_APP_LAUNCH/1355@17, type = -999
10-12 08:03:48.192   812   832 I HYPER-HAL: [RequestManager.cpp]acquire(): Acquired ID : 941895  [1355 / 17]    HINT : AMS_APP_LAUNCH    list :
10-12 08:03:48.193   812   832 I mtkpower_client: perf_lock_rel, hdl:37177, tid:832
10-12 08:03:48.194  3527  3527 I SemDvfsHyPerManager: acquire hyper - APP_START/3527@16, type = -999
10-12 08:03:48.194  3158  3158 E pageboostd: Received HALT command code 2
10-12 08:03:48.194   812   832 I mtkpower_client: perf_lock_acq, hdl:0, dur:0, num:2, tid:832
10-12 08:03:48.195   816   880 I libPowerHal: [perfLockRel] hdl:37177, idx:0
10-12 08:03:48.195   816   880 I libPowerHal: [PD] vendor.samsung. update cmd:300c000 param:0
10-12 08:03:48.197   812   832 I mtkpower_client: ret_hdl:37181
10-12 08:03:48.197   844  1281 D SurfaceFlinger: [SF client] NEW(0xb4000071c21cd880) for (2303:com.android.systemui)
10-12 08:03:48.197   812   832 I mtkpower_client: perf_lock_rel, hdl:37178, tid:832
10-12 08:03:48.197   816   880 I libPowerHal: [perfLockAcq] idx:4 hdl:37181 hint:-1 pid:812 tid:832 duration:0 lock_user:vendor.samsung. => ret_hdl:37181
10-12 08:03:48.197   816   880 I libPowerHal: [PE] vendor.samsung. update cmd:300c000, param:15
10-12 08:03:48.199   816   880 I libPowerHal: [perfLockRel] hdl:37178, idx:1
10-12 08:03:48.199   812   832 I mtkpower_client: perf_lock_acq, hdl:0, dur:0, num:2, tid:832
10-12 08:03:48.199   812   832 I mtkpower_client: ret_hdl:37182
10-12 08:03:48.199   812   832 I mtkpower_client: perf_lock_rel, hdl:37179, tid:832
10-12 08:03:48.199  1005 17699 I CameraService: onUidStateChanged: uid=10065, procState is changed. (0 -> 1)
10-12 08:03:48.200   812   832 I mtkpower_client: perf_lock_acq, hdl:0, dur:0, num:2, tid:832
10-12 08:03:48.200   812   832 I mtkpower_client: ret_hdl:37183
10-12 08:03:48.200   812   832 I mtkpower_client: perf_lock_rel, hdl:37180, tid:832
10-12 08:03:48.200  2303  2392 D NativeCustomFrequencyManager: [NativeCFMS] BpCustomFrequencyManager::BpCustomFrequencyManager()
10-12 08:03:48.201   812   832 I mtkpower_client: perf_lock_acq, hdl:0, dur:0, num:2, tid:832
10-12 08:03:48.201  3524  3650 I HoneySpace.TopTaskSource: onTaskMovedToFront : taskId = 750
10-12 08:03:48.201   816   880 I libPowerHal: cmdSetting - unknown cmd:1c3c000, scmd:(null) ,param_1:0
10-12 08:03:48.201   816   880 I libPowerHal: [perfLockAcq] idx:0 hdl:37182 hint:-1 pid:812 tid:832 duration:0 lock_user:vendor.samsung. => ret_hdl:37182
10-12 08:03:48.202   816   880 I libPowerHal: [perfLockRel] hdl:37179, idx:2
10-12 08:03:48.202   816   880 I libPowerHal: [setClusterFreq]  set cpu_ctrl cpufreq: -1 -1 -1 -1
10-12 08:03:48.203   816   880 I libPowerHal: [perfLockAcq] idx:1 hdl:37183 hint:-1 pid:812 tid:832 duration:0 lock_user:vendor.samsung. => ret_hdl:37183
10-12 08:03:48.203   816   880 I libPowerHal: [setClusterFreq] vendor.samsung. set cpufreq[0] min:2000000 max:-1 cpufreq[1] min:-1 max:-1
10-12 08:03:48.203   816   880 I libPowerHal: [setClusterFreq]  set cpu_ctrl cpufreq: 2000000 -1 -1 -1
10-12 08:03:48.203   816   880 I libPowerHal: [perfLockRel] hdl:37180, idx:3
10-12 08:03:48.203  1355  1687 D InputDispatcher: Focused application(0): ActivityRecord{8db480b u0 com.medicare.auth.test/androidx.activity.ComponentActivity t750}
10-12 08:03:48.203  3524  3652 I HoneySpace.TopTaskUseCase: topTasks 750 ComponentInfo{com.medicare.auth.test/androidx.activity.ComponentActivity}
10-12 08:03:48.204   816   880 I libPowerHal: [PD] vendor.samsung. update cmd:1000000 param:-1
10-12 08:03:48.204   844   844 E BufferQueueDebug: [Screenshot Parent#19599](this:0xb4000071b006aba0,id:-1,api:0,p:-1,c:-1) id info cannot be read from 'Screenshot Parent#19599'
10-12 08:03:48.204   844   844 I BufferQueueDebug: [Screenshot Parent#19599](this:0xb4000071b006aba0,id:-1,api:0,p:-1,c:-1) BufferQueue core=(844:/system/bin/surfaceflinger)
10-12 08:03:48.204   812   832 I mtkpower_client: ret_hdl:37184
10-12 08:03:48.204   812   832 I HYPER-HAL: [RequestManager.cpp]acquire(): Acquired ID : 6278212  [3527 / 16]    HINT : APP_START    list :
10-12 08:03:48.205   816   880 I libPowerHal: [perfLockAcq] idx:5 hdl:37184 hint:-1 pid:812 tid:832 duration:0 lock_user:vendor.samsung. => ret_hdl:37184
10-12 08:03:48.205   816   880 I libPowerHal: [setDvfsrcDevFreqOpp] opp:0, freq:4266000000
10-12 08:03:48.206   816   880 I libPowerHal: [PE] vendor.samsung. update cmd:1000000 param:0
10-12 08:03:48.208  3524 25438 I HoneySpace.RecentTasks: onRecentTasksChanged
10-12 08:03:48.208  3524 24155 I HoneySpace.RecentTasks: onRecentTasksChanged
10-12 08:03:48.210   844   844 I BufferQueueDebug: [Screenshot Parent#19599](this:0xb4000071b006aba0,id:-1,api:0,p:-1,c:844) onDestructor()
10-12 08:03:48.210   844   844 I Layer   : id=19599 Destroyed Screenshot Parent#19599
10-12 08:03:48.210 25730 25730 D OpenGLRenderer: HWUI - treat SMPTE_170M as sRGB
10-12 08:03:48.212   844   909 E BufferQueueDebug: [IME-snapshot-surface#19600](this:0xb4000071afb5eba0,id:-1,api:0,p:-1,c:-1) id info cannot be read from 'IME-snapshot-surface#19600'
10-12 08:03:48.212   844   909 I BufferQueueDebug: [IME-snapshot-surface#19600](this:0xb4000071afb5eba0,id:-1,api:0,p:-1,c:-1) BufferQueue core=(844:/system/bin/surfaceflinger)
10-12 08:03:48.213   844   909 I SurfaceFlinger: id=19600 createSurf, flag=44004, IME-snapshot-surface#19600
10-12 08:03:48.214 25730 25760 D libMEOW : meow new tls: 0x7e4ecef540
10-12 08:03:48.215 25730 25760 D libMEOW : meow reload base cfg path: na
10-12 08:03:48.215 25730 25760 D libMEOW : meow reload overlay cfg path: na
10-12 08:03:48.215 25730 25760 W QT      : qt_process_init() called
10-12 08:03:48.215 25730 25760 E QT      : [QT]file does not exist
10-12 08:03:48.215 25730 25760 W QT      : Support!!
10-12 08:03:48.215 25730 25760 D libMEOW : applied 0 plugin for [com.medicare.auth.test].
10-12 08:03:48.218   844   844 I SurfaceFlinger: [624e1d1 com.tv.medicare/com.tv.medicare.MainActivity#18687] FrameRatePriority: -1
10-12 08:03:48.219   844   844 I BpBinder: onLastStrongRef automatically unlinking death recipients:
10-12 08:03:48.219  1355  2167 D SemWifiTransportLayerMonitor.TcpMonitorHandler: MSG_SAVE_PACKAGE_INFO
10-12 08:03:48.219  1355  2167 D SemWifiTransportLayerFileManager: saveWifiPackageInfoToFile
10-12 08:03:48.219  1355  2167 D SemWifiTransportLayerFileManager: writeWifiPackageInfoList
10-12 08:03:48.220  1355  2216 D InputTransport: Input channel constructed: '6985c32', fd=1124
10-12 08:03:48.220  1355  2216 D InputTransport: Input channel constructed: '6985c32', fd=1125
10-12 08:03:48.220  1355  2099 D AS.MultiSoundManager: mForegroundUid = 10413
10-12 08:03:48.220  1355  2216 D InputTransport: Input channel constructed: '6985c32', fd=1127
10-12 08:03:48.220  1355  2099 D AS.MultiSoundManager: mForegroundUid = 10413
10-12 08:03:48.222   844   909 E BufferQueueDebug: [6985c32 Splash Screen com.medicare.auth.test#19601](this:0xb4000071afad5ba0,id:-1,api:0,p:-1,c:-1) id info cannot be read from '6985c32 Splash Screen com.medicare.auth.test#19601'
10-12 08:03:48.222   844   909 I BufferQueueDebug: [6985c32 Splash Screen com.medicare.auth.test#19601](this:0xb4000071afad5ba0,id:-1,api:0,p:-1,c:-1) BufferQueue core=(844:/system/bin/surfaceflinger)
10-12 08:03:48.223   844   909 I SurfaceFlinger: id=19601 createSurf, flag=84004, 6985c32 Splash Screen com.medicare.auth.test#19601
10-12 08:03:48.223   844   844 D SurfaceFlinger: Display 4627039422300187648 HWC layers:
10-12 08:03:48.223   844   844 D SurfaceFlinger:      DEVICE | 0xb4000071ba2e7580 | 0102 | RGBA_8888    |    0.0    0.0 1080.0 2340.0 |    0    0 1080 2340 | com.tv.medicare/com.tv.medicare.MainActivity$_30346#19584
10-12 08:03:48.223   844   844 D SurfaceFlinger:      DEVICE | 0xb4000071affed1c0 | 0100 | RGBA_8888    |    0.0    0.0 1080.0 2260.0 |    0   80 1080 2340 | InputMethod$_10994#19573
10-12 08:03:48.223   844   844 D SurfaceFlinger:      DEVICE | 0xb4000071ba2e8980 | 0000 | RGBA_8888    |    0.0    0.0 1080.0 2260.0 |    0   80 1080 2340 | IME-snapshot-surface#19600
10-12 08:03:48.223   844   844 D SurfaceFlinger:      DEVICE | 0xb4000071ba137a00 | 0100 | RGBA_8888    |    0.0    0.0 1080.0   80.0 |    0    0 1080   80 | StatusBar$_2303#100
10-12 08:03:48.223   844   844 D SurfaceFlinger:      DEVICE | 0xb4000071aff0c480 | 0100 | RGBA_8888    |    0.0    0.0 1080.0  135.0 |    0 2205 1080 2340 | NavigationBar0$_2303#96
10-12 08:03:48.223   844   844 D SurfaceFlinger:
10-12 08:03:48.225   844   844 E BufferQueueDebug: [Screenshot Parent#19602](this:0xb4000071b006aba0,id:-1,api:0,p:-1,c:-1) id info cannot be read from 'Screenshot Parent#19602'
10-12 08:03:48.225   844   844 I BufferQueueDebug: [Screenshot Parent#19602](this:0xb4000071b006aba0,id:-1,api:0,p:-1,c:-1) BufferQueue core=(844:/system/bin/surfaceflinger)
10-12 08:03:48.229   844   844 I BufferQueueDebug: [Screenshot Parent#19602](this:0xb4000071b006aba0,id:-1,api:0,p:-1,c:844) onDestructor()
10-12 08:03:48.229   844   844 I Layer   : id=19602 Destroyed Screenshot Parent#19602
10-12 08:03:48.232   844  1281 E BufferQueueDebug: [IME-snapshot-surface#19603](this:0xb4000071afc70ba0,id:-1,api:0,p:-1,c:-1) id info cannot be read from 'IME-snapshot-surface#19603'
10-12 08:03:48.232   844  1281 I BufferQueueDebug: [IME-snapshot-surface#19603](this:0xb4000071afc70ba0,id:-1,api:0,p:-1,c:-1) BufferQueue core=(844:/system/bin/surfaceflinger)
10-12 08:03:48.233   844  1281 I SurfaceFlinger: id=19603 createSurf, flag=44004, IME-snapshot-surface#19603
10-12 08:03:48.234  1355  2216 D InputTransport: Input channel destroyed: '6985c32', fd=1127
10-12 08:03:48.234   479   479 I hwservicemanager: getTransport: Cannot find entry android.hardware.configstore@1.0::ISurfaceFlingerConfigs/default in either framework or device VINTF manifest.
10-12 08:03:48.235  2303  2387 I InsetsController: onStateChanged: host=Splash Screen com.medicare.auth.test, from=android.view.ViewRootImpl.setView:1753, state=InsetsState: {mDisplayFrame=Rect(0, 0 - 1080, 2340), mDisplayCutout=DisplayCutout{insets=Rect(0, 80 - 0, 0) waterfall=Insets{left=0, top=0, right=0, bottom=0} boundingRect={Bounds=[Rect(0, 0 - 0, 0), Rect(472, 0 - 608, 80), Rect(0, 0 - 0, 0), Rect(0, 0 - 0, 0)]} cutoutPathParserInfo={CutoutPathParserInfo{displayWidth=1080 displayHeight=2340 physicalDisplayWidth=1080 physicalDisplayHeight=2340 density={2.8125} cutoutSpec={M 0,0 H -24.177777778 V 28.4444444444 H 24.177777778 V 0 H 0 Z @dp} rotation={0} scale={1.0} physicalPixelDisplaySizeRatio={1.0}}}}, mRoundedCorners=RoundedCorners{[RoundedCorner{position=TopLeft, radius=0, center=Point(0, 0)}, RoundedCorner{position=TopRight, radius=0, center=Point(0, 0)}, RoundedCorner{position=BottomRight, radius=0, center=Point(0, 0)}, RoundedCorner{position=BottomLeft, radius=0, center=Point(0, 0)}]}  mRoundedCornerFrame=Rect(0, 0 - 1080, 2340), mPrivacyIndicatorBounds=PrivacyIndicatorBounds {static bounds=Rect(956, 0 - 1080, 80) rotation=0}, mDisplayShape=DisplayShape{ spec=-311912193 displayWidth=1080 displayHeight=2340 physicalPixelDisplaySizeRatio=1.0 rotation=0 offsetX=0 offsetY=0 scale=1.0}, mSources= { InsetsSource: {3 mType=ime mFrame=[0,1332][1080,2340] mVisible=true mFlags=[]}, InsetsSource: {27 mType=displayCutout mFrame=[0,0][1080,80] mVisible=true mFlags=[]}, InsetsSource: {67fe0000 mType=statusBars mFrame=[0,0][1080,80] mVisible=true mFlags=[]}, InsetsSource: {67fe0005 mType=mandatorySystemGestures mFrame=[0,0][1080,114] mVisible=true mFlags=[]}, InsetsSource: {67fe0006 mType=tappableElement mFrame=[0,0][1080,80] mVisible=true mFlags=[]}, InsetsSource: {789d0001 mType=navigationBars mFrame=[0,2205][1080,2340] mVisible=true mFlags=[]}, InsetsSource: {789d0004 mType=systemGestures mFrame=[0,0][0,0] mVisible=true mFlags=[]}, InsetsSource: {789d0005 mType=mandatorySystemGestures mFrame=[0,2205][1080,2340] mVisible=true mFlags=[]}, InsetsSource: {789d0006 mType=tappableElement mFrame=[0,2205][1080,2340] mVisible=true mFlags=[]}, InsetsSource: {789d0024 mType=systemGestures mFrame=[0,0][0,0] mVisible=true mFlags=[]} }
10-12 08:03:48.235  2303  2387 I ViewRootImpl@81801d9[test]: synced displayState. AttachInfo displayState=2
10-12 08:03:48.235  2303  2387 I ViewRootImpl@81801d9[test]: setView = android.widget.FrameLayout@84dd24c TM=true
10-12 08:03:48.239 14126 14126 I Finsky  : [2] aeua.onStartJob(127): SCH: job service start with id 9538.
10-12 08:03:48.240   844   844 I Layer   : id=19600 removeFromCurrentState IME-snapshot-surface#19600 (141)
10-12 08:03:48.240  2303  2392 D OpenGLRenderer: HWUI - treat SMPTE_170M as sRGB
10-12 08:03:48.244  1355  1408 D SurfaceComposerClient: Transaction::apply InputWindowCommands.focusRequests timestamp=2122413202424193, windowName=<null>
10-12 08:03:48.245  1355  2216 V WindowManager: Relayout Window{6985c32 u0 Splash Screen com.medicare.auth.test}: viewVisibility=0 req=1080x2340 ty=3 d0
10-12 08:03:48.246   844   844 D SurfaceFlinger: Display 4627039422300187648 HWC layers:
10-12 08:03:48.246   844   844 D SurfaceFlinger:      DEVICE | 0xb4000071ba2e7580 | 0102 | RGBA_8888    |    0.0    0.0 1080.0 2340.0 |    0    0 1080 2340 | com.tv.medicare/com.tv.medicare.MainActivity$_30346#19584
10-12 08:03:48.246   844   844 D SurfaceFlinger:      DEVICE | 0xb4000071affed1c0 | 0100 | RGBA_8888    |    0.0    0.0 1080.0 2260.0 |    0   80 1080 2340 | InputMethod$_10994#19573
10-12 08:03:48.246   844   844 D SurfaceFlinger:      DEVICE | 0xb4000071ba2e6040 | 0000 | RGBA_8888    |    0.0    0.0 1080.0 2260.0 |    0   80 1080 2340 | IME-snapshot-surface#19603
10-12 08:03:48.246   844   844 D SurfaceFlinger:      DEVICE | 0xb4000071ba137a00 | 0100 | RGBA_8888    |    0.0    0.0 1080.0   80.0 |    0    0 1080   80 | StatusBar$_2303#100
10-12 08:03:48.246   844   844 D SurfaceFlinger:      DEVICE | 0xb4000071aff0c480 | 0100 | RGBA_8888    |    0.0    0.0 1080.0  135.0 |    0 2205 1080 2340 | NavigationBar0$_2303#96
10-12 08:03:48.246   844   844 D SurfaceFlinger:
10-12 08:03:48.248   844  1281 I SurfaceFlinger: id=19600 Removed IME-snapshot-surface#19600 (141)
10-12 08:03:48.251   844   844 D SurfaceFlinger: Focus addInputWindowCommands timestamp=2122413202424193, windowName=<null>
10-12 08:03:48.251   844   844 I BufferQueueDebug: [IME-snapshot-surface#19600](this:0xb4000071afb5eba0,id:-1,api:0,p:-1,c:844) onDestructor()
10-12 08:03:48.251   844   844 I Layer   : id=19600 Destroyed IME-snapshot-surface#19600
10-12 08:03:48.251   844   909 E BufferQueueDebug: [Splash Screen com.medicare.auth.test$_2303#19604](this:0xb4000071afb0aba0,id:-1,api:0,p:-1,c:-1) id info cannot be read from 'Splash Screen com.medicare.auth.test$_2303#19604'
10-12 08:03:48.251   844   909 I BufferQueueDebug: [Splash Screen com.medicare.auth.test$_2303#19604](this:0xb4000071afb0aba0,id:-1,api:0,p:-1,c:-1) BufferQueue core=(844:/system/bin/surfaceflinger)
10-12 08:03:48.251   844   844 D SurfaceFlinger: Find Focus windowName=<null>, notVisible=1
10-12 08:03:48.251   844   844 D Layer   : Focus: TransientLaunchOverlayToken{2a17dff token=android.os.BinderProxy@41e711e}#17791 isHiddenByPolicy s.flags&layer_state_t::eLayerHidden=1
10-12 08:03:48.251   844   844 D Layer   : Focus: isHiddenByPolicy parent TransientLaunchOverlayToken{2a17dff token=android.os.BinderProxy@41e711e}#17791 is hidden cause not visible
10-12 08:03:48.251   844   844 D SurfaceFlinger: Focus inVisible Reason:isVisibleForInput(){hasInputInfo()?canReceiveInput():isVisible()}=0 has=1 can{!isHiddenByPolicy()&&(mBuffer==nullptr||getAlpha()>0.0f)}=0 Hidden=1 Buf=0 getA=1
10-12 08:03:48.251   844   909 I SurfaceFlinger: id=19604 createSurf, flag=44004, Splash Screen com.medicare.auth.test$_2303#19604
10-12 08:03:48.251   844   844 D SurfaceFlinger: Find Focus windowName=<null>, notVisible=1
10-12 08:03:48.251   844   844 D Layer   : Focus: Task=705#17607 isHiddenByPolicy s.flags&layer_state_t::eLayerHidden=1
10-12 08:03:48.251   844   844 D Layer   : Focus: isHiddenByPolicy parent Task=705#17607 is hidden cause not visible
10-12 08:03:48.251   844   844 D SurfaceFlinger: Focus inVisible Reason:isVisibleForInput(){hasInputInfo()?canReceiveInput():isVisible()}=0 has=1 can{!isHiddenByPolicy()&&(mBuffer==nullptr||getAlpha()>0.0f)}=0 Hidden=1 Buf=1 getA=1
10-12 08:03:48.251   844   844 D SurfaceFlinger: Find Focus windowName=<null>, notVisible=1
10-12 08:03:48.251   844   844 D Layer   : Focus: Task=546#6469 isHiddenByPolicy s.flags&layer_state_t::eLayerHidden=1
10-12 08:03:48.251   844   844 D Layer   : Focus: isHiddenByPolicy parent Task=546#6469 is hidden cause not visible
10-12 08:03:48.251   844   844 D SurfaceFlinger: Focus inVisible Reason:isVisibleForInput(){hasInputInfo()?canReceiveInput():isVisible()}=0 has=1 can{!isHiddenByPolicy()&&(mBuffer==nullptr||getAlpha()>0.0f)}=0 Hidden=1 Buf=1 getA=1
10-12 08:03:48.251   844   844 D SurfaceFlinger: Find Focus windowName=<null>, notVisible=1
10-12 08:03:48.251   844   844 D Layer   : Focus: Task=466#632 isHiddenByPolicy s.flags&layer_state_t::eLayerHidden=1
10-12 08:03:48.251   844   844 D Layer   : Focus: isHiddenByPolicy parent Task=466#632 is hidden cause not visible
10-12 08:03:48.251   844   844 D SurfaceFlinger: Focus inVisible Reason:isVisibleForInput(){hasInputInfo()?canReceiveInput():isVisible()}=0 has=1 can{!isHiddenByPolicy()&&(mBuffer==nullptr||getAlpha()>0.0f)}=0 Hidden=1 Buf=1 getA=1
10-12 08:03:48.251   844   844 D SurfaceFlinger: Find Focus windowName=<null>, notVisible=1
10-12 08:03:48.251   844   844 D Layer   : Focus: Task=466#632 isHiddenByPolicy s.flags&layer_state_t::eLayerHidden=1
10-12 08:03:48.251   844   844 D Layer   : Focus: isHiddenByPolicy parent Task=466#632 is hidden cause not visible
10-12 08:03:48.251   844   844 D SurfaceFlinger: Focus inVisible Reason:isVisibleForInput(){hasInputInfo()?canReceiveInput():isVisible()}=0 has=1 can{!isHiddenByPolicy()&&(mBuffer==nullptr||getAlpha()>0.0f)}=0 Hidden=1 Buf=1 getA=1
10-12 08:03:48.251   844   844 D SurfaceFlinger: Find Focus windowName=<null>, notVisible=1
10-12 08:03:48.252   844   844 D Layer   : Focus: Task=466#632 isHiddenByPolicy s.flags&layer_state_t::eLayerHidden=1
10-12 08:03:48.252   844   844 D Layer   : Focus: isHiddenByPolicy parent Task=466#632 is hidden cause not visible
10-12 08:03:48.252   844   844 D SurfaceFlinger: Focus inVisible Reason:isVisibleForInput(){hasInputInfo()?canReceiveInput():isVisible()}=0 has=1 can{!isHiddenByPolicy()&&(mBuffer==nullptr||getAlpha()>0.0f)}=0 Hidden=1 Buf=1 getA=1
10-12 08:03:48.252   844   844 D SurfaceFlinger: Find Focus windowName=<null>, notVisible=1
10-12 08:03:48.252   844   844 D Layer   : Focus: Task=507#4178 isHiddenByPolicy s.flags&layer_state_t::eLayerHidden=1
10-12 08:03:48.252   844   844 D Layer   : Focus: isHiddenByPolicy parent Task=507#4178 is hidden cause not visible
10-12 08:03:48.252   844   844 D SurfaceFlinger: Focus inVisible Reason:isVisibleForInput(){hasInputInfo()?canReceiveInput():isVisible()}=0 has=1 can{!isHiddenByPolicy()&&(mBuffer==nullptr||getAlpha()>0.0f)}=0 Hidden=1 Buf=1 getA=1
10-12 08:03:48.252   844   844 D SurfaceFlinger: Find Focus windowName=<null>, notVisible=1
10-12 08:03:48.252   844   844 D Layer   : Focus: Task=476#1905 isHiddenByPolicy s.flags&layer_state_t::eLayerHidden=1
10-12 08:03:48.252   844   844 D Layer   : Focus: isHiddenByPolicy parent Task=476#1905 is hidden cause not visible
10-12 08:03:48.252   844   844 D SurfaceFlinger: Focus inVisible Reason:isVisibleForInput(){hasInputInfo()?canReceiveInput():isVisible()}=0 has=1 can{!isHiddenByPolicy()&&(mBuffer==nullptr||getAlpha()>0.0f)}=0 Hidden=1 Buf=1 getA=1
10-12 08:03:48.252   844   844 D SurfaceFlinger: Find Focus windowName=<null>, notVisible=1
10-12 08:03:48.252   844   844 D Layer   : Focus: Task=460#120 isHiddenByPolicy s.flags&layer_state_t::eLayerHidden=1
10-12 08:03:48.252   844   844 D Layer   : Focus: isHiddenByPolicy parent Task=460#120 is hidden cause not visible
10-12 08:03:48.252   844   844 D SurfaceFlinger: Focus inVisible Reason:isVisibleForInput(){hasInputInfo()?canReceiveInput():isVisible()}=0 has=1 can{!isHiddenByPolicy()&&(mBuffer==nullptr||getAlpha()>0.0f)}=0 Hidden=1 Buf=1 getA=1
10-12 08:03:48.252   844   844 D SurfaceFlinger: Find Focus windowName=<null>, notVisible=1
10-12 08:03:48.252   844   844 D Layer   : Focus: Task=1#52 isHiddenByPolicy s.flags&layer_state_t::eLayerHidden=1
10-12 08:03:48.252   844   844 D Layer   : Focus: isHiddenByPolicy parent Task=1#52 is hidden cause not visible
10-12 08:03:48.252   844   844 D SurfaceFlinger: Focus inVisible Reason:isVisibleForInput(){hasInputInfo()?canReceiveInput():isVisible()}=0 has=1 can{!isHiddenByPolicy()&&(mBuffer==nullptr||getAlpha()>0.0f)}=0 Hidden=1 Buf=1 getA=1
10-12 08:03:48.252   844   844 D SurfaceFlinger: Find Focus windowName=<null>, notVisible=1
10-12 08:03:48.252   844   844 D Layer   : Focus: com.android.systemui.wallpapers.ImageWallpaper_system$_2303#87 isHiddenByPolicy s.flags&layer_state_t::eLayerHidden=1
10-12 08:03:48.252   844   844 D Layer   : Focus: isHiddenByPolicy parent com.android.systemui.wallpapers.ImageWallpaper_system$_2303#87 is hidden cause not visible
10-12 08:03:48.252   844   844 D SurfaceFlinger: Focus inVisible Reason:isVisibleForInput(){hasInputInfo()?canReceiveInput():isVisible()}=0 has=1 can{!isHiddenByPolicy()&&(mBuffer==nullptr||getAlpha()>0.0f)}=0 Hidden=1 Buf=0 getA=1
10-12 08:03:48.252   844  1242 D SurfaceFlinger: updateWinowInfo=1, setFocusedWindow timestamp=2122413202424193, windowName=<null>
10-12 08:03:48.252 14126 25647 I Finsky  : [793] mad.a(188): SCH: Satisfied jobs for 9538 are: 12-1
10-12 08:03:48.252  1355  1687 D InputDispatcher: Focus request (0): <null> but waiting because NO_WINDOW
10-12 08:03:48.252  1355  1687 D InputDispatcher: Focus left window (0): 624e1d1 com.tv.medicare/com.tv.medicare.MainActivity
10-12 08:03:48.255 14126 25774 I Finsky  : [800] abpd.accept(98): SCH: Job 12-1 starting
10-12 08:03:48.255  2303  3916 I ViewRootImpl@81801d9[test]: Resizing android.view.ViewRootImpl@8610faa: frame = [0,0][1080,2340] reportDraw = true forceLayout = false syncSeqId = -1
10-12 08:03:48.256 14126 14126 I Finsky  : [2] ContentSyncJob.h(9): [ContentSync] job started
10-12 08:03:48.256 30346 30346 I ViewRootImpl@da819f1[MainActivity]: handleWindowFocusChanged: 0 0 call from android.view.ViewRootImpl.-$$Nest$mhandleWindowFocusChanged:0
10-12 08:03:48.256 25730 25730 D LifecycleMonitor: Lifecycle status change: androidx.activity.ComponentActivity@d143f49 in: PRE_ON_CREATE
10-12 08:03:48.256 30346 30346 I ImeFocusController: onPreWindowFocus: skipped, hasWindowFocus=false mHasImeFocus=true
10-12 08:03:48.257  1355  2216 V WindowManager: Relayout hash=6985c32, pid=2303, syncId=-1: mAttrs={(0,0)(fillxfill) sim={adjust=pan} ty=APPLICATION_STARTING fmt=TRANSLUCENT wanim=0x10302f2
10-12 08:03:48.257  1355  2216 V WindowManager:   fl=81030118
10-12 08:03:48.257  1355  2216 V WindowManager:   pfl=16000010
10-12 08:03:48.257  1355  2216 V WindowManager:   apr=LIGHT_STATUS_BARS LIGHT_NAVIGATION_BARS
10-12 08:03:48.257  1355  2216 V WindowManager:   bhv=DEFAULT
10-12 08:03:48.257  1355  2216 V WindowManager:   fitSides= naviIconColor=0}
10-12 08:03:48.257 25730 25730 V ActivityScenario: Activity lifecycle changed event received but ignored because the reported transition was not ON_CREATE while the last known transition was PRE_ON_CREATE
10-12 08:03:48.258  2303  2387 D BufferQueueConsumer: [](id:8ff00000515,api:0,p:-1,c:2303) connect: controlledByApp=false
10-12 08:03:48.259  3524  3650 I HoneySpace.TopTaskSource: onTaskFocusChanged(): taskId = 750
10-12 08:03:48.259  3524  3650 I HoneySpace.TopTaskSource: onTaskFocusChanged(): taskId = 750
10-12 08:03:48.259  3524  3650 I HoneySpace.TopTaskSource: onTaskMovedToFront : taskId = 750
10-12 08:03:48.259  3524  3650 I HoneySpace.TopTaskSource: onTaskMovedToFront : taskId = 750
10-12 08:03:48.259  2303  2387 I BLASTBufferQueue_Java: new BLASTBufferQueue, mName= ViewRootImpl@81801d9[test] mNativeObject= 0xb400007d0ac8f780 sc.mNativeObject= 0xb400007d28caff80 caller= android.view.ViewRootImpl.updateBlastSurfaceIfNeeded:3028 android.view.ViewRootImpl.relayoutWindow:10131 android.view.ViewRootImpl.performTraversals:4110 android.view.ViewRootImpl.doTraversal:3288 android.view.ViewRootImpl$TraversalRunnable.run:11344 android.view.Choreographer$CallbackRecord.run:1689 android.view.Choreographer$CallbackRecord.run:1698 android.view.Choreographer.doCallbacks:1153 android.view.Choreographer.doFrame:1079 android.view.Choreographer$FrameDisplayEventReceiver.run:1646
10-12 08:03:48.259  2303  2387 I BLASTBufferQueue_Java: update, w= 1080 h= 2340 mName = ViewRootImpl@81801d9[test] mNativeObject= 0xb400007d0ac8f780 sc.mNativeObject= 0xb400007d28caff80 format= -3 caller= android.graphics.BLASTBufferQueue.<init>:89 android.view.ViewRootImpl.updateBlastSurfaceIfNeeded:3028 android.view.ViewRootImpl.relayoutWindow:10131 android.view.ViewRootImpl.performTraversals:4110 android.view.ViewRootImpl.doTraversal:3288 android.view.ViewRootImpl$TraversalRunnable.run:11344
10-12 08:03:48.260 31587 31709 I Rubin   : [456] zb.a.c(Unknown Source) : Notify com.samsung.android.rubin.inferenceengine.contextanalytics.engine.loggers.AppUsageLogger's database is updated.
10-12 08:03:48.260  2303  2387 I ViewRootImpl@81801d9[test]: Relayout returned: old=(0,0,1080,2340) new=(0,0,1080,2340) relayoutAsync=false req=(1080,2340)0 dur=14 res=0x403 s={true 0xb400007ccf2b6000} ch=true seqId=0
10-12 08:03:48.261  2303  2387 I ViewRootImpl@81801d9[test]: performConfigurationChange setNightDimText nightDimLevel=0
10-12 08:03:48.262  2303  2387 D ViewRootImpl@81801d9[test]: mThreadedRenderer.initialize() mSurface={isValid=true 0xb400007ccf2b6000} hwInitialized=true
10-12 08:03:48.263  2303  2387 D ViewRootImpl@81801d9[test]: reportNextDraw android.view.ViewRootImpl.performTraversals:4718 android.view.ViewRootImpl.doTraversal:3288 android.view.ViewRootImpl$TraversalRunnable.run:11344 android.view.Choreographer$CallbackRecord.run:1689 android.view.Choreographer$CallbackRecord.run:1698
10-12 08:03:48.263  2303  2387 I ViewRootImpl@81801d9[test]: Setup new sync=wmsSync-ViewRootImpl@81801d9[test]#14
10-12 08:03:48.263  1355  1405 D PkgPredictorService-SecIpmManagerServiceImpl: onForegroundActivitiesChanged pid:25730 uid:10413
10-12 08:03:48.263  2303  2387 I ViewRootImpl@81801d9[test]: Creating new active sync group ViewRootImpl@81801d9[test]#15
10-12 08:03:48.263  1355  3047 V PkgPredictorService-SecIpmManagerServiceImpl: discard foreground app:com.medicare.auth.test 1|true
10-12 08:03:48.264  2303  2387 I ViewRootImpl@81801d9[test]: registerCallbacksForSync syncBuffer=false
10-12 08:03:48.265  2303  3314 I ViewRootImpl@81801d9[test]: Received frameDrawingCallback syncResult=0 frameNum=1.
10-12 08:03:48.265  2303  3314 I ViewRootImpl@81801d9[test]: mWNT: t=0xb400007ccecc4900 mBlastBufferQueue=0xb400007d0ac8f780 fn= 1 mRenderHdrSdrRatio=1.0 caller= android.view.ViewRootImpl$8.onFrameDraw:13841 android.view.ThreadedRenderer$1.onFrameDraw:792 <bottom of call stack>
10-12 08:03:48.266  2303  3314 I ViewRootImpl@81801d9[test]: Setting up sync and frameCommitCallback
10-12 08:03:48.266 30346 30346 I ImeFocusController: onPostWindowFocus: skipped, hasWindowFocus=false mHasImeFocus=true
10-12 08:03:48.271  2303  2392 D BLASTBufferQueue: [ViewRootImpl@81801d9[test]#1301](f:0,a:0) onFrameAvailable the first frame is available
10-12 08:03:48.271  2303  2392 D BLASTBufferQueue: [ViewRootImpl@81801d9[test]#1301](f:0,a:1) acquireNextBufferLocked size=1080x2340 mFrameNumber=1 applyTransaction=true mTimestamp=2122413229846654(auto) mPendingTransactions.size=0 graphicBufferId=9891309704635 transform=0
10-12 08:03:48.272  2303  2392 I ViewRootImpl@81801d9[test]: Received frameCommittedCallback lastAttemptedDrawFrameNum=1 didProduceBuffer=true
10-12 08:03:48.273  2303  2392 D OpenGLRenderer: CFMS:: SetUp Pid : 2303    Tid : 2392
10-12 08:03:48.274  2303  2387 I ViewRootImpl@81801d9[test]: reportDrawFinished seqId=0
10-12 08:03:48.274  2303  2387 I ViewRootImpl@81801d9[test]: handleResized, msg = 5 frames=ClientWindowFrames{frame=[0,0][1080,2340] display=[0,0][1080,2340] parentFrame=[0,0][0,0]} forceNextWindowRelayout=false displayId=0 dragResizing=false compatScale=1.0 frameChanged=false attachedFrameChanged=false configChanged=false displayChanged=false compatScaleChanged=false
10-12 08:03:48.274  2303  2387 I ViewRootImpl@81801d9[test]: handleResized mSyncSeqId = 0
10-12 08:03:48.274  2303  2387 D ViewRootImpl@81801d9[test]: reportNextDraw android.view.ViewRootImpl.handleResized:2530 android.view.ViewRootImpl.-$$Nest$mhandleResized:0 android.view.ViewRootImpl$ViewRootHandler.handleMessageImpl:7197 android.view.ViewRootImpl$ViewRootHandler.handleMessage:7166 android.os.Handler.dispatchMessage:106
10-12 08:03:48.279   844  1281 E BufferQueueDebug: [Transition Root: Task=750#19605](this:0xb4000071afc73ba0,id:-1,api:0,p:-1,c:-1) id info cannot be read from 'Transition Root: Task=750#19605'
10-12 08:03:48.279   844  1281 I BufferQueueDebug: [Transition Root: Task=750#19605](this:0xb4000071afc73ba0,id:-1,api:0,p:-1,c:-1) BufferQueue core=(844:/system/bin/surfaceflinger)
10-12 08:03:48.279   844  1281 I SurfaceFlinger: id=19605 createSurf, flag=84004, Transition Root: Task=750#19605
10-12 08:03:48.282  1355  1408 I SurfaceControl: show, t=StartTransaction_SyncId<1092>, sc=Surface(name=ActivityRecord{8db480b u0 com.medicare.auth.test/androidx.activity.ComponentActivity t750})/@0x53c35e2, caller=com.android.server.wm.Transition.onTransactionReady:1992 com.android.server.wm.BLASTSyncEngine$SyncGroup.finishNow:315 com.android.server.wm.BLASTSyncEngine$SyncGroup.tryFinish:242 com.android.server.wm.BLASTSyncEngine$SyncGroup.-$$Nest$mtryFinish:0 com.android.server.wm.BLASTSyncEngine.onSurfacePlacement:675 com.android.server.wm.RootWindowContainer.performSurfacePlacementNoTrace:990
10-12 08:03:48.283  1355  1408 D ScreenCapture: [Capture_TEST] : setIsScreenShotBySystem false
10-12 08:03:48.283   844   844 E BufferQueueDebug: [Screenshot Parent#19606](this:0xb4000071afb5eba0,id:-1,api:0,p:-1,c:-1) id info cannot be read from 'Screenshot Parent#19606'
10-12 08:03:48.283   844   844 I BufferQueueDebug: [Screenshot Parent#19606](this:0xb4000071afb5eba0,id:-1,api:0,p:-1,c:-1) BufferQueue core=(844:/system/bin/surfaceflinger)
10-12 08:03:48.284  2303  2387 I ViewRootImpl@81801d9[test]: Setup new sync=wmsSync-ViewRootImpl@81801d9[test]#16
10-12 08:03:48.284  2303  2387 I ViewRootImpl@81801d9[test]: Creating new active sync group ViewRootImpl@81801d9[test]#17
10-12 08:03:48.287 25730 25730 I DecorView: setWindowBackground: isPopOver=false color=fff0f0f3 d=android.graphics.drawable.ColorDrawable@eb7a514
10-12 08:03:48.288  2303  2387 I ViewRootImpl@81801d9[test]: registerCallbacksForSync syncBuffer=false
10-12 08:03:48.288  2303  3314 I ViewRootImpl@81801d9[test]: Received frameDrawingCallback syncResult=0 frameNum=2.
10-12 08:03:48.288  2303  3314 I ViewRootImpl@81801d9[test]: mWNT: t=0xb400007ccede3c00 mBlastBufferQueue=0xb400007d0ac8f780 fn= 2 mRenderHdrSdrRatio=1.0 caller= android.view.ViewRootImpl$8.onFrameDraw:13841 android.view.ThreadedRenderer$1.onFrameDraw:792 <bottom of call stack>
10-12 08:03:48.288  2303  3314 I ViewRootImpl@81801d9[test]: Setting up sync and frameCommitCallback
10-12 08:03:48.288  2303  2392 I ViewRootImpl@81801d9[test]: Received frameCommittedCallback lastAttemptedDrawFrameNum=2 didProduceBuffer=false
10-12 08:03:48.288  2303  2392 I BLASTBufferQueue_Java: gatherPendingTransactions, mName= ViewRootImpl@81801d9[test] mNativeObject= 0xb400007d0ac8f780 frameNumber= 2 caller= android.view.ViewRootImpl$8.lambda$onFrameDraw$1:13914 android.view.ViewRootImpl$8.$r8$lambda$6frSHsGsDhUEo8Wl9hChpniTVZ0:0 android.view.ViewRootImpl$8$$ExternalSyntheticLambda1.onFrameCommit:9 android.view.ThreadedRenderer$1.lambda$onFrameDraw$0:804 android.view.ThreadedRenderer$1$$ExternalSyntheticLambda0.onFrameCommit:2 <bottom of call stack>
10-12 08:03:48.289  2303  2387 I ViewRootImpl@81801d9[test]: reportDrawFinished seqId=0
10-12 08:03:48.294   844   844 I BufferQueueDebug: [Screenshot Parent#19606](this:0xb4000071afb5eba0,id:-1,api:0,p:-1,c:844) onDestructor()
10-12 08:03:48.294   844   844 I Layer   : id=19606 Destroyed Screenshot Parent#19606
10-12 08:03:48.302 25730 25730 D LifecycleMonitor: Lifecycle status change: androidx.activity.ComponentActivity@d143f49 in: CREATED
10-12 08:03:48.303 25730 25730 V ActivityScenario: Update currentActivityStage to CREATED, currentActivity=androidx.activity.ComponentActivity@d143f49
10-12 08:03:48.304  2303  2366 I SurfaceControl: hide, t=FinishTransaction_SyncId<1092>, sc=Surface(name=Task=732)/@0xe376f13, caller=com.android.wm.shell.transition.Transitions.dispatchReady:682 com.android.wm.shell.transition.Transitions.onTransitionReady:119 com.android.wm.shell.transition.Transitions$TransitionPlayerImpl$$ExternalSyntheticLambda0.run:13 android.os.Handler.handleCallback:958 android.os.Handler.dispatchMessage:99 android.os.Looper.loopOnce:230
10-12 08:03:48.304  2303  2366 I SurfaceControl: show, t=StartTransaction_SyncId<1092>, sc=Surface(name=Task=750)/@0xa07ea02, caller=com.android.wm.shell.transition.Transitions.dispatchReady:687 com.android.wm.shell.transition.Transitions.onTransitionReady:119 com.android.wm.shell.transition.Transitions$TransitionPlayerImpl$$ExternalSyntheticLambda0.run:13 android.os.Handler.handleCallback:958 android.os.Handler.dispatchMessage:99 android.os.Looper.loopOnce:230
10-12 08:03:48.304  2303  2366 I SurfaceControl: show, t=FinishTransaction_SyncId<1092>, sc=Surface(name=Task=750)/@0xa07ea02, caller=com.android.wm.shell.transition.Transitions.dispatchReady:744 com.android.wm.shell.transition.Transitions.onTransitionReady:119 com.android.wm.shell.transition.Transitions$TransitionPlayerImpl$$ExternalSyntheticLambda0.run:13 android.os.Handler.handleCallback:958 android.os.Handler.dispatchMessage:99 android.os.Looper.loopOnce:230
10-12 08:03:48.304  2303  2366 I SurfaceControl: show, t=StartTransaction_SyncId<1092>, sc=Surface(name=Transition Root: Task=750)/@0xd244550, caller=com.android.wm.shell.transition.Transitions.playTransition:80 com.android.wm.shell.transition.Transitions.processReadyQueue:195 com.android.wm.shell.transition.Transitions.dispatchReady:762 com.android.wm.shell.transition.Transitions.onTransitionReady:119 com.android.wm.shell.transition.Transitions$TransitionPlayerImpl$$ExternalSyntheticLambda0.run:13 android.os.Handler.handleCallback:958
10-12 08:03:48.305 25730 25730 D LifecycleMonitor: Lifecycle status change: androidx.activity.ComponentActivity@d143f49 in: STARTED
10-12 08:03:48.305 25730 25730 V ActivityScenario: Update currentActivityStage to STARTED, currentActivity=androidx.activity.ComponentActivity@d143f49
10-12 08:03:48.307   844  1281 E BufferQueueDebug: [Bottom Edge Extension#19607](this:0xb4000071afc78ba0,id:-1,api:0,p:-1,c:-1) id info cannot be read from 'Bottom Edge Extension#19607'
10-12 08:03:48.307   844  1281 I BufferQueueDebug: [Bottom Edge Extension#19607](this:0xb4000071afc78ba0,id:-1,api:0,p:-1,c:-1) BufferQueue core=(844:/system/bin/surfaceflinger)
10-12 08:03:48.307   844  1281 I SurfaceFlinger: id=19607 createSurf, flag=44404, Bottom Edge Extension#19607
10-12 08:03:48.307   844   909 E BufferQueueDebug: [7a41185 ActivityRecordInputSink com.medicare.auth.test/androidx.activity.ComponentActivity#19608](this:0xb4000071afb39ba0,id:-1,api:0,p:-1,c:-1) id info cannot be read from '7a41185 ActivityRecordInputSink com.medicare.auth.test/androidx.activity.ComponentActivity#19608'
10-12 08:03:48.308   844   909 I BufferQueueDebug: [7a41185 ActivityRecordInputSink com.medicare.auth.test/androidx.activity.ComponentActivity#19608](this:0xb4000071afb39ba0,id:-1,api:0,p:-1,c:-1) BufferQueue core=(844:/system/bin/surfaceflinger)
10-12 08:03:48.308   844   844 E BufferQueueDebug: [Screenshot Parent#19609](this:0xb4000071afb5eba0,id:-1,api:0,p:-1,c:-1) id info cannot be read from 'Screenshot Parent#19609'
10-12 08:03:48.308   844   909 I SurfaceFlinger: id=19608 createSurf, flag=84000, 7a41185 ActivityRecordInputSink com.medicare.auth.test/androidx.activity.ComponentActivity#19608
10-12 08:03:48.308   844   844 I BufferQueueDebug: [Screenshot Parent#19609](this:0xb4000071afb5eba0,id:-1,api:0,p:-1,c:-1) BufferQueue core=(844:/system/bin/surfaceflinger)
10-12 08:03:48.311 25730 25730 D CompatibilityChangeReporter: Compat change id reported: 210923482; UID 10413; state: DISABLED
10-12 08:03:48.311 25730 25730 D CompatibilityChangeReporter: Compat change id reported: 37756858; UID 10413; state: DISABLED
10-12 08:03:48.313   844   909 E BufferQueueDebug: [Surface(name=ebd9d0 StatusBar)/@0x6b5583d - animation-leash of insets_animation#19610](this:0xb4000071afbceba0,id:-1,api:0,p:-1,c:-1) id info cannot be read from 'Surface(name=ebd9d0 StatusBar)/@0x6b5583d - animation-leash of insets_animation#19610'
10-12 08:03:48.313   844   909 I BufferQueueDebug: [Surface(name=ebd9d0 StatusBar)/@0x6b5583d - animation-leash of insets_animation#19610](this:0xb4000071afbceba0,id:-1,api:0,p:-1,c:-1) BufferQueue core=(844:/system/bin/surfaceflinger)
10-12 08:03:48.313   844   909 I SurfaceFlinger: id=19610 createSurf, flag=24000, Surface(name=ebd9d0 StatusBar)/@0x6b5583d - animation-leash of insets_animation#19610
10-12 08:03:48.315 25730 25730 D LifecycleMonitor: Lifecycle status change: androidx.activity.ComponentActivity@d143f49 in: RESUMED
10-12 08:03:48.315 25730 25730 V ActivityScenario: Update currentActivityStage to RESUMED, currentActivity=androidx.activity.ComponentActivity@d143f49
10-12 08:03:48.315   844   844 I BufferQueueDebug: [Screenshot Parent#19609](this:0xb4000071afb5eba0,id:-1,api:0,p:-1,c:844) onDestructor()
10-12 08:03:48.315   844   844 I Layer   : id=19609 Destroyed Screenshot Parent#19609
10-12 08:03:48.318   844   844 I Layer   : id=19586 removeFromCurrentState Surface(name=ebd9d0 StatusBar)/@0x6b5583d - animation-leash of insets_animation#19586 (145)
10-12 08:03:48.319   844  1281 E BufferQueueDebug: [bbq-wrapper#19611](this:0xb4000071afc7bba0,id:-1,api:0,p:-1,c:-1) id info cannot be read from 'bbq-wrapper#19611'
10-12 08:03:48.319   844  1281 I BufferQueueDebug: [bbq-wrapper#19611](this:0xb4000071afc7bba0,id:-1,api:0,p:-1,c:-1) BufferQueue core=(844:/system/bin/surfaceflinger)
10-12 08:03:48.319  2303  2387 I InsetsSourceConsumer: applyRequestedVisibilityToControl: visible=true, type=statusBars, host=Splash Screen com.medicare.auth.test
10-12 08:03:48.319   844  1281 I SurfaceFlinger: id=19611 createSurf, flag=4400, bbq-wrapper#19611
10-12 08:03:48.320  2303  2303 D NavigationModeController: getCurrentUserContext: contextUser=0 currentUser=0
10-12 08:03:48.320  2303  2366 D BufferQueueConsumer: [](id:8ff00000516,api:0,p:-1,c:2303) connect: controlledByApp=false
10-12 08:03:48.320  2303  2366 D BLASTBufferQueue: [bbq-adapter#1302](f:0,a:0) constructor() width=1080 height=73 format=-1
10-12 08:03:48.321  2303  2392 D NativeCustomFrequencyManager: [NativeCFMS] BpCustomFrequencyManager::BpCustomFrequencyManager()
10-12 08:03:48.323   844  1281 I SurfaceFlinger: id=19586 Removed Surface(name=ebd9d0 StatusBar)/@0x6b5583d - animation-leash of insets_animation#19586 (146)
10-12 08:03:48.323  2303  2303 D NavigationModeController: getCurrentUserContext: contextUser=0 currentUser=0
10-12 08:03:48.326   844   909 D SurfaceFlinger: [SF client] NEW(0xb4000071b9d5eb80) for (25730:com.medicare.auth.test)
10-12 08:03:48.326  2303  2303 D NavigationModeController: getCurrentUserContext: contextUser=0 currentUser=0
10-12 08:03:48.327  3527  3821 I SemDvfsHyPerManager: acquire hyper - TABaseBoost/3527@19, type = 1090523139
10-12 08:03:48.328   812   832 I HYPER-HAL: [RequestManager.cpp]acquire(): Acquired ID : 6288850  [3527 / 19]    HINT :      list : [TABoost / 0]
10-12 08:03:48.328 25730 25730 D CompatibilityChangeReporter: Compat change id reported: 237531167; UID 10413; state: DISABLED
10-12 08:03:48.329  2303  2303 D NavigationModeController: getCurrentUserContext: contextUser=0 currentUser=0
10-12 08:03:48.329   844   844 I BufferQueueDebug: [Surface(name=ebd9d0 StatusBar)/@0x6b5583d - animation-leash of insets_animation#19586](this:0xb4000071afa91ba0,id:-1,api:0,p:-1,c:844) onDestructor()
10-12 08:03:48.329   844   844 I Layer   : id=19586 Destroyed Surface(name=ebd9d0 StatusBar)/@0x6b5583d - animation-leash of insets_animation#19586
10-12 08:03:48.331  2303  2392 D BLASTBufferQueue: [bbq-adapter#1302](f:0,a:0) onFrameAvailable the first frame is available
10-12 08:03:48.331  2303  2392 D BLASTBufferQueue: [bbq-adapter#1302](f:0,a:1) acquireNextBufferLocked size=1080x73 mFrameNumber=1 applyTransaction=true mTimestamp=2122413289674347(auto) mPendingTransactions.size=0 graphicBufferId=9891309704642 transform=0
10-12 08:03:48.332 25730 25730 W OpenGLRenderer: Unknown dataspace 0
10-12 08:03:48.332  2303  2303 D NavigationModeController: getCurrentUserContext: contextUser=0 currentUser=0
10-12 08:03:48.333 25730 25760 D NativeCustomFrequencyManager: [NativeCFMS] BpCustomFrequencyManager::BpCustomFrequencyManager()
10-12 08:03:48.333  2303  2392 D OpenGLRenderer: CFMS:: SetUp Pid : 2303    Tid : 2392
10-12 08:03:48.335  2303  2366 I SurfaceControl: show, t=StartTransaction_SyncId<1092>, sc=Surface(name=Bottom Edge Extension)/@0xeb4b75a, caller=android.view.SurfaceControl$Transaction.setVisibility:3012 com.android.wm.shell.transition.TransitionAnimationHelper.createExtensionSurface:241 com.android.wm.shell.transition.TransitionAnimationHelper.edgeExtendWindow:228 com.android.wm.shell.transition.DefaultTransitionHandler.startAnimation:2403 com.android.wm.shell.transition.Transitions.dispatchTransition:80 com.android.wm.shell.transition.Transitions.playTransition:793
10-12 08:03:48.338   844  1281 E BufferQueueDebug: [DimTransitionLayer for Surface(name=Task=750)/@0xa07ea02#19612](this:0xb4000071afc7eba0,id:-1,api:0,p:-1,c:-1) id info cannot be read from 'DimTransitionLayer for Surface(name=Task=750)/@0xa07ea02#19612'
10-12 08:03:48.338   844  1281 I BufferQueueDebug: [DimTransitionLayer for Surface(name=Task=750)/@0xa07ea02#19612](this:0xb4000071afc7eba0,id:-1,api:0,p:-1,c:-1) BufferQueue core=(844:/system/bin/surfaceflinger)
10-12 08:03:48.338   844  1281 I SurfaceFlinger: id=19612 createSurf, flag=20004, DimTransitionLayer for Surface(name=Task=750)/@0xa07ea02#19612
10-12 08:03:48.338  2303  2366 I SurfaceControl: show, t=StartTransaction_SyncId<1092>, sc=Surface(name=DimTransitionLayer for Surface(name=Task=750)/@0xa07ea02)/@0x392bcfe, caller=com.android.wm.shell.transition.DefaultTransitionHandler.startAnimation:2970 com.android.wm.shell.transition.Transitions.dispatchTransition:80 com.android.wm.shell.transition.Transitions.playTransition:793 com.android.wm.shell.transition.Transitions.processReadyQueue:195 com.android.wm.shell.transition.Transitions.dispatchReady:762 com.android.wm.shell.transition.Transitions.onTransitionReady:119
10-12 08:03:48.339  2303  2366 I SurfaceControl: apply is called, name=StartTransaction_SyncId<1092>, caller=com.android.wm.shell.transition.DefaultTransitionHandler.startAnimation:3203 com.android.wm.shell.transition.Transitions.dispatchTransition:80 com.android.wm.shell.transition.Transitions.playTransition:793 com.android.wm.shell.transition.Transitions.processReadyQueue:195 com.android.wm.shell.transition.Transitions.dispatchReady:762 com.android.wm.shell.transition.Transitions.onTransitionReady:119
