10-12 08:03:49.702  1355  1408 I SurfaceControl: show, t=StartTransaction_SyncId<1093>, sc=Surface(name=ActivityRecord{844f5e6 u0 com.medicare.auth.test/androidx.test.core.app.InstrumentationActivityInvoker$EmptyActivity t750})/@0x87b8683, caller=com.android.server.wm.Transition.onTransactionReady:1992 com.android.server.wm.BLASTSyncEngine$SyncGroup.finishNow:315 com.android.server.wm.BLASTSyncEngine$SyncGroup.tryFinish:242 com.android.server.wm.BLASTSyncEngine$SyncGroup.-$$Nest$mtryFinish:0 com.android.server.wm.BLASTSyncEngine.onSurfacePlacement:675 com.android.server.wm.RootWindowContainer.performSurfacePlacementNoTrace:990
10-12 08:03:49.702   816   880 I libPowerHal: [perfLockAcq] idx:3 hdl:37198 hint:-1 pid:812 tid:832 duration:0 lock_user:vendor.samsung. => ret_hdl:37198
10-12 08:03:49.702   816   880 I libPowerHal: [setClusterFreq] vendor.samsung. set cpufreq[0] min:1150000 max:-1 cpufreq[1] min:-1 max:-1
10-12 08:03:49.702  1355  1408 I SurfaceControl: show, t=StartTransaction_SyncId<1093>, sc=Surface(name=Task=750)/@0xe2faed8, caller=com.android.server.wm.Transition.onTransactionReady:2009 com.android.server.wm.BLASTSyncEngine$SyncGroup.finishNow:315 com.android.server.wm.BLASTSyncEngine$SyncGroup.tryFinish:242 com.android.server.wm.BLASTSyncEngine$SyncGroup.-$$Nest$mtryFinish:0 com.android.server.wm.BLASTSyncEngine.onSurfacePlacement:675 com.android.server.wm.RootWindowContainer.performSurfacePlacementNoTrace:990
10-12 08:03:49.702   816   880 I libPowerHal: [setClusterFreq]  set cpu_ctrl cpufreq: 1150000 -1 -1 -1
10-12 08:03:49.702  1355  1408 I SurfaceControl: show, t=StartTransaction_SyncId<1093>, sc=Surface(name=DefaultTaskDisplayArea_d0)/@0xae43a40, caller=com.android.server.wm.Transition.onTransactionReady:2009 com.android.server.wm.BLASTSyncEngine$SyncGroup.finishNow:315 com.android.server.wm.BLASTSyncEngine$SyncGroup.tryFinish:242 com.android.server.wm.BLASTSyncEngine$SyncGroup.-$$Nest$mtryFinish:0 com.android.server.wm.BLASTSyncEngine.onSurfacePlacement:675 com.android.server.wm.RootWindowContainer.performSurfacePlacementNoTrace:990
10-12 08:03:49.702  1355  1408 I SurfaceControl: show, t=StartTransaction_SyncId<1093>, sc=Surface(name=FullscreenMagnification:2:12)/@0x630aa63, caller=com.android.server.wm.Transition.onTransactionReady:2009 com.android.server.wm.BLASTSyncEngine$SyncGroup.finishNow:315 com.android.server.wm.BLASTSyncEngine$SyncGroup.tryFinish:242 com.android.server.wm.BLASTSyncEngine$SyncGroup.-$$Nest$mtryFinish:0 com.android.server.wm.BLASTSyncEngine.onSurfacePlacement:675 com.android.server.wm.RootWindowContainer.performSurfacePlacementNoTrace:990
10-12 08:03:49.702  1355  1408 I SurfaceControl: show, t=StartTransaction_SyncId<1093>, sc=Surface(name=OneHanded:0:14)/@0xfc0ac71, caller=com.android.server.wm.Transition.onTransactionReady:2009 com.android.server.wm.BLASTSyncEngine$SyncGroup.finishNow:315 com.android.server.wm.BLASTSyncEngine$SyncGroup.tryFinish:242 com.android.server.wm.BLASTSyncEngine$SyncGroup.-$$Nest$mtryFinish:0 com.android.server.wm.BLASTSyncEngine.onSurfacePlacement:675 com.android.server.wm.RootWindowContainer.performSurfacePlacementNoTrace:990
10-12 08:03:49.702  1355  1408 I SurfaceControl: show, t=StartTransaction_SyncId<1093>, sc=Surface(name=HideDisplayCutout:0:14)/@0x234e660, caller=com.android.server.wm.Transition.onTransactionReady:2009 com.android.server.wm.BLASTSyncEngine$SyncGroup.finishNow:315 com.android.server.wm.BLASTSyncEngine$SyncGroup.tryFinish:242 com.android.server.wm.BLASTSyncEngine$SyncGroup.-$$Nest$mtryFinish:0 com.android.server.wm.BLASTSyncEngine.onSurfacePlacement:675 com.android.server.wm.RootWindowContainer.performSurfacePlacementNoTrace:990
10-12 08:03:49.702   816   880 I libPowerHal: [perfLockRel] hdl:37196, idx:1
10-12 08:03:49.703  1355  1408 I SurfaceControl: show, t=StartTransaction_SyncId<1093>, sc=Surface(name=WindowedMagnification:0:31)/@0x56136ed, caller=com.android.server.wm.Transition.onTransactionReady:2009 com.android.server.wm.BLASTSyncEngine$SyncGroup.finishNow:315 com.android.server.wm.BLASTSyncEngine$SyncGroup.tryFinish:242 com.android.server.wm.BLASTSyncEngine$SyncGroup.-$$Nest$mtryFinish:0 com.android.server.wm.BLASTSyncEngine.onSurfacePlacement:675 com.android.server.wm.RootWindowContainer.performSurfacePlacementNoTrace:990
10-12 08:03:49.703  1355  1408 I SurfaceControl: show, t=StartTransaction_SyncId<1093>, sc=Surface(name=Display 0 name="Built-in Screen")/@0x1a1bef8, caller=com.android.server.wm.Transition.onTransactionReady:2009 com.android.server.wm.BLASTSyncEngine$SyncGroup.finishNow:315 com.android.server.wm.BLASTSyncEngine$SyncGroup.tryFinish:242 com.android.server.wm.BLASTSyncEngine$SyncGroup.-$$Nest$mtryFinish:0 com.android.server.wm.BLASTSyncEngine.onSurfacePlacement:675 com.android.server.wm.RootWindowContainer.performSurfacePlacementNoTrace:990
10-12 08:03:49.703   812   832 I mtkpower_client: perf_lock_acq, hdl:0, dur:0, num:2, tid:832
10-12 08:03:49.703   812   832 I mtkpower_client: ret_hdl:37199
10-12 08:03:49.703   812   832 I mtkpower_client: perf_lock_rel, hdl:37197, tid:832
10-12 08:03:49.704   816   880 I libPowerHal: cmdSetting - unknown cmd:1c3c000, scmd:(null) ,param_1:0
10-12 08:03:49.704   816   880 I libPowerHal: [perfLockAcq] idx:0 hdl:37199 hint:-1 pid:812 tid:832 duration:0 lock_user:vendor.samsung. => ret_hdl:37199
10-12 08:03:49.704  1355  1404 I ActivityTaskManager: Displayed com.medicare.auth.test/androidx.test.core.app.InstrumentationActivityInvoker$EmptyActivity for user 0: +121ms
10-12 08:03:49.704 14126 14126 W Finsky  : [2] aggh.b(126): STU: Failed to get storage stats for package 'com.google.android.neuralnetworks' (1601: Error getting stats: android.content.pm.PackageManager.NameNotFoundException)
10-12 08:03:49.704   812   832 I mtkpower_client: perf_lock_acq, hdl:0, dur:0, num:2, tid:832
10-12 08:03:49.705   816   880 I libPowerHal: [perfLockRel] hdl:37197, idx:2
10-12 08:03:49.705   844  1196 E BufferQueueDebug: [6cce728 ActivityRecordInputSink com.medicare.auth.test/androidx.test.core.app.InstrumentationActivityInvoker$EmptyActivity#19628](this:0xb4000071ad0e6ba0,id:-1,api:0,p:-1,c:-1) id info cannot be read from '6cce728 ActivityRecordInputSink com.medicare.auth.test/androidx.test.core.app.InstrumentationActivityInvoker$EmptyActivity#19628'
10-12 08:03:49.705  3158  3158 E pageboostd: Received HALT command code 2
10-12 08:03:49.705   844  1196 I BufferQueueDebug: [6cce728 ActivityRecordInputSink com.medicare.auth.test/androidx.test.core.app.InstrumentationActivityInvoker$EmptyActivity#19628](this:0xb4000071ad0e6ba0,id:-1,api:0,p:-1,c:-1) BufferQueue core=(844:/system/bin/surfaceflinger)
10-12 08:03:49.705   844  1196 I SurfaceFlinger: id=19628 createSurf, flag=84000, 6cce728 ActivityRecordInputSink com.medicare.auth.test/androidx.test.core.app.InstrumentationActivityInvoker$EmptyActivity#19628
10-12 08:03:49.706   816   880 I libPowerHal: [PD] vendor.samsung. update cmd:1000000 param:-1
10-12 08:03:49.706   812   832 I mtkpower_client: ret_hdl:37200
10-12 08:03:49.706   816   880 I libPowerHal: [perfLockAcq] idx:1 hdl:37200 hint:-1 pid:812 tid:832 duration:0 lock_user:vendor.samsung. => ret_hdl:37200
10-12 08:03:49.706  2303  2366 I SurfaceControl: hide, t=FinishTransaction_SyncId<1093>, sc=Surface(name=ActivityRecord{8db480b u0 com.medicare.auth.test/androidx.activity.ComponentActivity t750})/@0xd03766a, caller=com.android.wm.shell.transition.Transitions.dispatchReady:682 com.android.wm.shell.transition.Transitions.onTransitionReady:119 com.android.wm.shell.transition.Transitions$TransitionPlayerImpl$$ExternalSyntheticLambda0.run:13 android.os.Handler.handleCallback:958 android.os.Handler.dispatchMessage:99 android.os.Looper.loopOnce:230
10-12 08:03:49.706   816   880 I libPowerHal: [setDvfsrcDevFreqOpp] opp:1, freq:3200000000
10-12 08:03:49.707  2303  2366 I SurfaceControl: show, t=StartTransaction_SyncId<1093>, sc=Surface(name=ActivityRecord{844f5e6 u0 com.medicare.auth.test/androidx.test.core.app.InstrumentationActivityInvoker$EmptyActivity t750})/@0xb22ac55, caller=com.android.wm.shell.transition.Transitions.dispatchReady:687 com.android.wm.shell.transition.Transitions.onTransitionReady:119 com.android.wm.shell.transition.Transitions$TransitionPlayerImpl$$ExternalSyntheticLambda0.run:13 android.os.Handler.handleCallback:958 android.os.Handler.dispatchMessage:99 android.os.Looper.loopOnce:230
10-12 08:03:49.707   812   832 I mtkpower_client: perf_lock_rel, hdl:37198, tid:832
10-12 08:03:49.707   816   880 I libPowerHal: [PE] vendor.samsung. update cmd:1000000 param:1
10-12 08:03:49.707  2303  2366 I SurfaceControl: show, t=FinishTransaction_SyncId<1093>, sc=Surface(name=ActivityRecord{844f5e6 u0 com.medicare.auth.test/androidx.test.core.app.InstrumentationActivityInvoker$EmptyActivity t750})/@0xb22ac55, caller=com.android.wm.shell.transition.Transitions.dispatchReady:744 com.android.wm.shell.transition.Transitions.onTransitionReady:119 com.android.wm.shell.transition.Transitions$TransitionPlayerImpl$$ExternalSyntheticLambda0.run:13 android.os.Handler.handleCallback:958 android.os.Handler.dispatchMessage:99 android.os.Looper.loopOnce:230
10-12 08:03:49.707  2303  2366 I SurfaceControl: show, t=StartTransaction_SyncId<1093>, sc=Surface(name=Transition Root: ActivityRecord{844f5e6 u0 com.medicare.auth.test/androidx.test.core.app.InstrumentationActivityInvoker$EmptyActivity t750})/@0x889e75b, caller=com.android.wm.shell.transition.Transitions.playTransition:80 com.android.wm.shell.transition.Transitions.processReadyQueue:195 com.android.wm.shell.transition.Transitions.dispatchReady:762 com.android.wm.shell.transition.Transitions.onTransitionReady:119 com.android.wm.shell.transition.Transitions$TransitionPlayerImpl$$ExternalSyntheticLambda0.run:13 android.os.Handler.handleCallback:958
10-12 08:03:49.707   816   880 I libPowerHal: [perfLockRel] hdl:37198, idx:3
10-12 08:03:49.707   812   832 I mtkpower_client: perf_lock_acq, hdl:0, dur:0, num:2, tid:832
10-12 08:03:49.707   816   880 I libPowerHal: [setClusterFreq]  set cpu_ctrl cpufreq: -1 -1 -1 -1
10-12 08:03:49.707   812   832 I mtkpower_client: ret_hdl:37201
10-12 08:03:49.707   812   832 I mtkpower_client: perf_lock_rel, hdl:37199, tid:832
10-12 08:03:49.708  2303  2366 I SurfaceControl: apply is called, name=StartTransaction_SyncId<1093>, caller=android.view.SurfaceControl$Transaction.apply:2921 com.android.wm.shell.transition.DefaultTransitionHandler.startAnimation:3226 com.android.wm.shell.transition.Transitions.dispatchTransition:80 com.android.wm.shell.transition.Transitions.playTransition:793 com.android.wm.shell.transition.Transitions.processReadyQueue:195 com.android.wm.shell.transition.Transitions.dispatchReady:762
10-12 08:03:49.708   816   880 I libPowerHal: [perfLockAcq] idx:2 hdl:37201 hint:-1 pid:812 tid:832 duration:0 lock_user:vendor.samsung. => ret_hdl:37201
10-12 08:03:49.708   816   880 I libPowerHal: [setClusterFreq] vendor.samsung. set cpufreq[0] min:1150000 max:-1 cpufreq[1] min:-1 max:-1
10-12 08:03:49.708   816   880 I libPowerHal: [setClusterFreq]  set cpu_ctrl cpufreq: 1150000 -1 -1 -1
10-12 08:03:49.708   812   832 I mtkpower_client: perf_lock_acq, hdl:0, dur:0, num:2, tid:832
10-12 08:03:49.708   816   880 I libPowerHal: [perfLockRel] hdl:37199, idx:0
10-12 08:03:49.709   812   832 I mtkpower_client: ret_hdl:37202
10-12 08:03:49.709  2303  2366 I SurfaceControl: apply is called, name=FinishTransaction_SyncId<1093>, caller=android.view.SurfaceControl$Transaction.apply:2921 com.android.wm.shell.transition.Transitions.onFinish:302 com.android.wm.shell.transition.Transitions$$ExternalSyntheticLambda6.onTransitionFinished:15 com.android.wm.shell.transition.DefaultTransitionHandler$$ExternalSyntheticLambda5.run:125 com.android.wm.shell.transition.DefaultTransitionHandler.startAnimation:3329 com.android.wm.shell.transition.Transitions.dispatchTransition:80
10-12 08:03:49.709   812   832 I mtkpower_client: perf_lock_rel, hdl:37200, tid:832
10-12 08:03:49.709   816   880 I libPowerHal: cmdSetting - unknown cmd:1c3c000, scmd:(null) ,param_1:0
10-12 08:03:49.710   816   880 I libPowerHal: [perfLockAcq] idx:3 hdl:37202 hint:-1 pid:812 tid:832 duration:0 lock_user:vendor.samsung. => ret_hdl:37202
10-12 08:03:49.710   816   880 I libPowerHal: [perfLockRel] hdl:37200, idx:1
10-12 08:03:49.710   812   832 I mtkpower_client: perf_lock_acq, hdl:0, dur:0, num:2, tid:832
10-12 08:03:49.710   816   880 I libPowerHal: [PD] vendor.samsung. update cmd:1000000 param:-1
10-12 08:03:49.711   816   880 I libPowerHal: [perfLockAcq] idx:0 hdl:37203 hint:-1 pid:812 tid:832 duration:0 lock_user:vendor.samsung. => ret_hdl:37203
10-12 08:03:49.711   812   832 I mtkpower_client: ret_hdl:37203
10-12 08:03:49.711   816   880 I libPowerHal: [setDvfsrcDevFreqOpp] opp:1, freq:3200000000
10-12 08:03:49.711   812   832 I HYPER-HAL: [RequestManager.cpp]releaseLocked(): Released ID : 940522
10-12 08:03:49.711  1005 17699 I CameraService: onUidStateChanged: uid=10065, procState is changed. (0 -> 1)
10-12 08:03:49.712   816   880 I libPowerHal: [PE] vendor.samsung. update cmd:1000000 param:1
10-12 08:03:49.714 25730 25730 I InsetsSourceConsumer: applyRequestedVisibilityToControl: visible=true, type=navigationBars, host=com.medicare.auth.test/androidx.test.core.app.InstrumentationActivityInvoker$EmptyActivity
10-12 08:03:49.715 25730 25730 I InsetsSourceConsumer: applyRequestedVisibilityToControl: visible=true, type=statusBars, host=com.medicare.auth.test/androidx.test.core.app.InstrumentationActivityInvoker$EmptyActivity
10-12 08:03:49.716   844  1196 I SurfaceFlinger: id=19620 Removed Surface(name=159e018 NavigationBar0)/@0x9e6ef60 - animation-leash of insets_animation#19620 (148)
10-12 08:03:49.716   844   909 I SurfaceFlinger: id=19618 Removed Surface(name=ebd9d0 StatusBar)/@0x6b5583d - animation-leash of insets_animation#19618 (148)
10-12 08:03:49.718   844   844 I Layer   : Layer [com.medicare.auth.test/androidx.test.core.app.InstrumentationActivityInvoker$EmptyActivity$_25730#19624] hidden!! flag(0)
10-12 08:03:49.718   844   844 I Layer   : id=19627 removeFromCurrentState Transition Root: ActivityRecord{844f5e6 u0 com.medicare.auth.test/androidx.test.core.app.InstrumentationActivityInvoker$EmptyActivity t750}#19627 (148)
10-12 08:03:49.718   844   844 I Layer   : id=19598 removeFromCurrentState ActivityRecord{8db480b u0 com.medicare.auth.test/androidx.activity.ComponentActivity t750}#19598 (148)
10-12 08:03:49.718   844   844 I Layer   : id=19608 removeFromCurrentState 7a41185 ActivityRecordInputSink com.medicare.auth.test/androidx.activity.ComponentActivity#19608 (148)
10-12 08:03:49.718  3524 24822 I HoneySpace.RecentTasks: onRecentTasksChanged
10-12 08:03:49.718   844   844 I Layer   : id=19613 removeFromCurrentState 9d84813 com.medicare.auth.test/androidx.activity.ComponentActivity#19613 (148)
10-12 08:03:49.718   844   844 I Layer   : id=19616 removeFromCurrentState com.medicare.auth.test/androidx.activity.ComponentActivity$_25730#19616 (148)
10-12 08:03:49.718   844   844 I Layer   : id=17 removeFromCurrentState ImeContainer#17 (148)
10-12 08:03:49.718   844   844 I Layer   : id=520 removeFromCurrentState WindowToken{b335115 type=2011 android.os.Binder@151eacc}#520 (148)
10-12 08:03:49.718   844   844 I Layer   : id=19621 removeFromCurrentState Surface(name=5613d8b InputMethod)/@0xad5bf26 - animation-leash of insets_animation#19621 (148)
10-12 08:03:49.718   844   844 I Layer   : id=523 removeFromCurrentState 5613d8b InputMethod#523 (148)
10-12 08:03:49.718   844   844 I Layer   : id=19622 removeFromCurrentState ActivityRecord{844f5e6 u0 com.medicare.auth.test/androidx.test.core.app.InstrumentationActivityInvoker$EmptyActivity t750}#19622 (148)
10-12 08:03:49.718   844   844 I Layer   : id=19628 removeFromCurrentState 6cce728 ActivityRecordInputSink com.medicare.auth.test/androidx.test.core.app.InstrumentationActivityInvoker$EmptyActivity#19628 (148)
10-12 08:03:49.718   844   844 I Layer   : id=19623 removeFromCurrentState ad1fbe8 com.medicare.auth.test/androidx.test.core.app.InstrumentationActivityInvoker$EmptyActivity#19623 (148)
10-12 08:03:49.718   844   844 I Layer   : id=19624 removeFromCurrentState com.medicare.auth.test/androidx.test.core.app.InstrumentationActivityInvoker$EmptyActivity$_25730#19624 (148)
10-12 08:03:49.718   844   844 I Layer   : id=19598 addToCurrentState ActivityRecord{8db480b u0 com.medicare.auth.test/androidx.activity.ComponentActivity t750}#19598 (148)
10-12 08:03:49.718   844   844 I Layer   : id=19608 addToCurrentState 7a41185 ActivityRecordInputSink com.medicare.auth.test/androidx.activity.ComponentActivity#19608 (148)
10-12 08:03:49.718   844   844 I Layer   : id=19613 addToCurrentState 9d84813 com.medicare.auth.test/androidx.activity.ComponentActivity#19613 (148)
10-12 08:03:49.718   844   844 I Layer   : id=19616 addToCurrentState com.medicare.auth.test/androidx.activity.ComponentActivity$_25730#19616 (148)
10-12 08:03:49.718   844   844 I Layer   : id=17 addToCurrentState ImeContainer#17 (148)
10-12 08:03:49.718   844   844 I Layer   : id=520 addToCurrentState WindowToken{b335115 type=2011 android.os.Binder@151eacc}#520 (148)
10-12 08:03:49.718   844   844 I Layer   : id=19621 addToCurrentState Surface(name=5613d8b InputMethod)/@0xad5bf26 - animation-leash of insets_animation#19621 (148)
10-12 08:03:49.718   844   844 I Layer   : id=523 addToCurrentState 5613d8b InputMethod#523 (148)
10-12 08:03:49.718   844   844 I Layer   : id=19622 addToCurrentState ActivityRecord{844f5e6 u0 com.medicare.auth.test/androidx.test.core.app.InstrumentationActivityInvoker$EmptyActivity t750}#19622 (148)
10-12 08:03:49.718   844   844 I Layer   : id=19628 addToCurrentState 6cce728 ActivityRecordInputSink com.medicare.auth.test/androidx.test.core.app.InstrumentationActivityInvoker$EmptyActivity#19628 (148)
10-12 08:03:49.718   844   844 I Layer   : id=19623 addToCurrentState ad1fbe8 com.medicare.auth.test/androidx.test.core.app.InstrumentationActivityInvoker$EmptyActivity#19623 (148)
10-12 08:03:49.718   844   844 I Layer   : id=19624 addToCurrentState com.medicare.auth.test/androidx.test.core.app.InstrumentationActivityInvoker$EmptyActivity$_25730#19624 (148)
10-12 08:03:49.718   844   844 I Layer   : id=19627 removeFromCurrentState Transition Root: ActivityRecord{844f5e6 u0 com.medicare.auth.test/androidx.test.core.app.InstrumentationActivityInvoker$EmptyActivity t750}#19627 (148)
10-12 08:03:49.718 14126 14126 W Finsky  : [2] aggh.b(126): STU: Failed to get storage stats for package 'com.google.android.ipsec' (1601: Error getting stats: android.content.pm.PackageManager.NameNotFoundException)
10-12 08:03:49.719 25730 25730 I ViewRootImpl@98d3ef3[ComponentActivity]: stopped(true) old = false
10-12 08:03:49.719 25730 25730 D ViewRootImpl@98d3ef3[ComponentActivity]: WindowStopped on com.medicare.auth.test/androidx.activity.ComponentActivity set to true
10-12 08:03:49.719   844   844 I BufferQueueDebug: [Surface(name=ebd9d0 StatusBar)/@0x6b5583d - animation-leash of insets_animation#19618](this:0xb4000071afb79ba0,id:-1,api:0,p:-1,c:844) onDestructor()
10-12 08:03:49.719   844   844 I Layer   : id=19618 Destroyed Surface(name=ebd9d0 StatusBar)/@0x6b5583d - animation-leash of insets_animation#19618
10-12 08:03:49.719   844   844 I BufferQueueDebug: [Surface(name=159e018 NavigationBar0)/@0x9e6ef60 - animation-leash of insets_animation#19620](this:0xb4000071afc84ba0,id:-1,api:0,p:-1,c:844) onDestructor()
10-12 08:03:49.719   844   844 I Layer   : id=19620 Destroyed Surface(name=159e018 NavigationBar0)/@0x9e6ef60 - animation-leash of insets_animation#19620
10-12 08:03:49.720 25730 25730 D LifecycleMonitor: Lifecycle status change: androidx.activity.ComponentActivity@d143f49 in: STOPPED
10-12 08:03:49.720 25730 25730 V ActivityScenario: Update currentActivityStage to STOPPED, currentActivity=androidx.activity.ComponentActivity@d143f49
10-12 08:03:49.722  1355  2381 D InputDispatcher: Focus entered window (0): ad1fbe8 com.medicare.auth.test/androidx.test.core.app.InstrumentationActivityInvoker$EmptyActivity
10-12 08:03:49.723   844  1281 I SurfaceFlinger: id=19627 Removed Transition Root: ActivityRecord{844f5e6 u0 com.medicare.auth.test/androidx.test.core.app.InstrumentationActivityInvoker$EmptyActivity t750}#19627 (146)
10-12 08:03:49.725   844   844 D SurfaceFlinger: Display 4627039422300187648 HWC layers:
10-12 08:03:49.725   844   844 D SurfaceFlinger:      DEVICE | 0xb4000071aff09a00 | 0102 | RGBA_8888    |    0.0    0.0 1080.0 2340.0 |    0    0 1080 2340 | com.medicare.auth.test/androidx.test[...]tyInvoker$EmptyActivity$_25730#19624
10-12 08:03:49.725   844   844 D SurfaceFlinger:      DEVICE | 0xb4000071aff0a900 | 0100 | RGBA_8888    |    0.0    0.0 1080.0   80.0 |    0    0 1080   80 | StatusBar$_2303#100
10-12 08:03:49.725   844   844 D SurfaceFlinger:      DEVICE | 0xb4000071affedbc0 | 0100 | RGBA_8888    |    0.0    0.0 1080.0  135.0 |    0 2205 1080 2340 | NavigationBar0$_2303#96
10-12 08:03:49.725   844   844 D SurfaceFlinger:
10-12 08:03:49.725  1005 17699 I CameraService: onUidStateChanged: uid=10065, procState is changed. (1 -> 0)
10-12 08:03:49.727 14126 14126 W Finsky  : [2] aggh.b(126): STU: Failed to get storage stats for package 'com.android.devicelock' (1601: Error getting stats: android.content.pm.PackageManager.NameNotFoundException)
10-12 08:03:49.728   844   844 I Layer   : Layer [com.medicare.auth.test/androidx.activity.ComponentActivity$_25730#19616] hidden!! flag(1)
10-12 08:03:49.728   844   844 I BufferQueueDebug: [Transition Root: ActivityRecord{844f5e6 u0 com.medicare.auth.test/androidx.test.core.app.InstrumentationActivityInvoker$EmptyActivity t750}#19627](this:0xb4000071ad09eba0,id:-1,api:0,p:-1,c:844) onDestructor()
10-12 08:03:49.728   844   844 I Layer   : id=19627 Destroyed Transition Root: ActivityRecord{844f5e6 u0 com.medicare.auth.test/androidx.test.core.app.InstrumentationActivityInvoker$EmptyActivity t750}#19627
10-12 08:03:49.741 25730 25730 D LifecycleMonitor: Lifecycle status change: androidx.activity.ComponentActivity@d143f49 in: DESTROYED
10-12 08:03:49.741 25730 25730 V ActivityScenario: Update currentActivityStage to DESTROYED, currentActivity=null
10-12 08:03:49.742 25730 25730 W WindowOnBackDispatcher: sendCancelIfRunning: isInProgress=falsecallback=android.view.ViewRootImpl$$ExternalSyntheticLambda19@a226161
10-12 08:03:49.745 14126 14126 W Finsky  : [2] aggh.b(126): STU: Failed to get storage stats for package 'com.google.android.ondevicepersonalization' (1601: Error getting stats: android.content.pm.PackageManager.NameNotFoundException)
10-12 08:03:49.748 25730 25760 D BLASTBufferQueue: [ViewRootImpl@98d3ef3[ComponentActivity]#0](f:0,a:3) destructor()
10-12 08:03:49.748 25730 25760 D BufferQueueConsumer: [ViewRootImpl@98d3ef3[ComponentActivity]#0(BLAST Consumer)0](id:648200000000,api:0,p:-1,c:25730) disconnect
10-12 08:03:49.749 25730 25730 I ViewRootImpl@98d3ef3[ComponentActivity]: dispatchDetachedFromWindow
10-12 08:03:49.750  1355  3827 D InputTransport: Input channel destroyed: '9d84813', fd=1127
10-12 08:03:49.750  1355  3827 W InputManager-JNI: Input channel object '9d84813 com.medicare.auth.test/androidx.activity.ComponentActivity (client)' was disposed without first being removed with the input manager!
10-12 08:03:49.750  1355  3827 D InputTransport: Input channel destroyed: '9d84813', fd=1128
10-12 08:03:49.751   844   909 E BufferQueueDebug: [Surface(name=5613d8b InputMethod)/@0xad5bf26 - animation-leash of insets_animation#19629](this:0xb4000071afc18ba0,id:-1,api:0,p:-1,c:-1) id info cannot be read from 'Surface(name=5613d8b InputMethod)/@0xad5bf26 - animation-leash of insets_animation#19629'
10-12 08:03:49.752   844   909 I BufferQueueDebug: [Surface(name=5613d8b InputMethod)/@0xad5bf26 - animation-leash of insets_animation#19629](this:0xb4000071afc18ba0,id:-1,api:0,p:-1,c:-1) BufferQueue core=(844:/system/bin/surfaceflinger)
10-12 08:03:49.752   844   909 I SurfaceFlinger: id=19629 createSurf, flag=24004, Surface(name=5613d8b InputMethod)/@0xad5bf26 - animation-leash of insets_animation#19629
10-12 08:03:49.757 14126 14126 W Finsky  : [2] aggh.b(126): STU: Failed to get storage stats for package 'com.google.android.healthfitness' (1601: Error getting stats: android.content.pm.PackageManager.NameNotFoundException)
10-12 08:03:49.759 10994 10994 I InputMethodService: scheduleImeSurfaceRemoval: removeImeSurface is posted.
10-12 08:03:49.760 25730 25730 D InputTransport: Input channel destroyed: '9d84813', fd=113
10-12 08:03:49.762   844   844 I Layer   : id=19616 removeFromCurrentState com.medicare.auth.test/androidx.activity.ComponentActivity$_25730#19616 (146)
10-12 08:03:49.762   844   844 I Layer   : id=19613 removeFromCurrentState 9d84813 com.medicare.auth.test/androidx.activity.ComponentActivity#19613 (146)
10-12 08:03:49.762   844   844 I Layer   : id=19621 removeFromCurrentState Surface(name=5613d8b InputMethod)/@0xad5bf26 - animation-leash of insets_animation#19621 (146)
10-12 08:03:49.763   844   844 I SurfaceFlinger: id=19621 Removed Surface(name=5613d8b InputMethod)/@0xad5bf26 - animation-leash of insets_animation#19621 (146)
10-12 08:03:49.763   844   844 I SurfaceFlinger: id=19613 Removed 9d84813 com.medicare.auth.test/androidx.activity.ComponentActivity#19613 (146)
10-12 08:03:49.763   844   844 I SurfaceFlinger: id=19616 Removed com.medicare.auth.test/androidx.activity.ComponentActivity$_25730#19616 (146)
10-12 08:03:49.764   844  2647 I SurfaceFlinger: id=19608 Removed 7a41185 ActivityRecordInputSink com.medicare.auth.test/androidx.activity.ComponentActivity#19608 (146)
10-12 08:03:49.773   844   844 I Layer   : id=19598 removeFromCurrentState ActivityRecord{8db480b u0 com.medicare.auth.test/androidx.activity.ComponentActivity t750}#19598 (146)
10-12 08:03:49.773   844   844 I Layer   : id=19608 removeFromCurrentState 7a41185 ActivityRecordInputSink com.medicare.auth.test/androidx.activity.ComponentActivity#19608 (146)
10-12 08:03:49.773   844   844 I Layer   : id=17 removeFromCurrentState ImeContainer#17 (146)
10-12 08:03:49.773   844   844 I Layer   : id=520 removeFromCurrentState WindowToken{b335115 type=2011 android.os.Binder@151eacc}#520 (146)
10-12 08:03:49.773   844   844 I Layer   : id=19629 removeFromCurrentState Surface(name=5613d8b InputMethod)/@0xad5bf26 - animation-leash of insets_animation#19629 (146)
10-12 08:03:49.773   844   844 I Layer   : id=523 removeFromCurrentState 5613d8b InputMethod#523 (146)
10-12 08:03:49.773   844   844 I BufferQueueDebug: [Surface(name=5613d8b InputMethod)/@0xad5bf26 - animation-leash of insets_animation#19621](this:0xb4000071ad08fba0,id:-1,api:0,p:-1,c:844) onDestructor()
10-12 08:03:49.773   844   844 I Layer   : id=19621 Destroyed Surface(name=5613d8b InputMethod)/@0xad5bf26 - animation-leash of insets_animation#19621
10-12 08:03:49.773   844   844 I BufferQueueDebug: [9d84813 com.medicare.auth.test/androidx.activity.ComponentActivity#19613](this:0xb4000071afadeba0,id:-1,api:0,p:-1,c:844) onDestructor()
10-12 08:03:49.773   844   844 I Layer   : id=19613 Destroyed 9d84813 com.medicare.auth.test/androidx.activity.ComponentActivity#19613
10-12 08:03:49.773 25730 25730 I ViewRootImpl@98d3ef3[ComponentActivity]: handleAppVisibility mAppVisible = true visible = false
10-12 08:03:49.773   844   844 I BufferQueueDebug: [com.medicare.auth.test/androidx.activity.ComponentActivity$_25730#19616](this:0xb4000071afb02ba0,id:-1,api:0,p:-1,c:844) onDestructor()
10-12 08:03:49.773   844   844 I Layer   : id=19616 Destroyed com.medicare.auth.test/androidx.activity.ComponentActivity$_25730#19616
10-12 08:03:49.775 25730 25730 I ViewRootImpl@2278059[InstrumentationActivityInvoker$EmptyActivity]: handleWindowFocusChanged: 1 0 call from android.view.ViewRootImpl.-$$Nest$mhandleWindowFocusChanged:0
10-12 08:03:49.775 25730 25730 D ViewRootImpl@2278059[InstrumentationActivityInvoker$EmptyActivity]: mThreadedRenderer.initializeIfNeeded()#2 mSurface={isValid=true 0x7de0656800}
10-12 08:03:49.776 25730 25730 D InputMethodManagerUtils: startInputInner - Id : 0
10-12 08:03:49.776 25730 25730 I InputMethodManager: startInputInner - IInputMethodManagerGlobalInvoker.startInputOrWindowGainedFocus
10-12 08:03:49.778  1355  1687 I ImeTracker: com.medicare.auth.test:e6bedaaf: onRequestHide at ORIGIN_SERVER_HIDE_INPUT reason HIDE_UNSPECIFIED_WINDOW
10-12 08:03:49.778  1355  1687 I ImeTracker: com.medicare.auth.test:e6bedaaf: onCancelled at PHASE_SERVER_SHOULD_HIDE
10-12 08:03:49.779  1355  1687 D InputTransport: Input channel constructed: 'ClientS', fd=931
10-12 08:03:49.779  1355  1687 D InputTransport: Input channel destroyed: 'ClientS', fd=931
10-12 08:03:49.779  3524  3650 I HoneySpace.TopTaskSource: onTaskMovedToFront : taskId = 732
10-12 08:03:49.780 10994 10994 I HBD     : HoneyBoardService onFinishInput
10-12 08:03:49.781 10994 10994 I HBD     : a IC have been unbinding,  RemoteInputConnection{idHash=#78e5aac}
10-12 08:03:49.781 10994 10994 I HBD     : HoneyBoardService [PF_CL][onFinishInput]  1 ms
10-12 08:03:49.781 10994 10994 I HBD     : HoneyBoardService [IMI] onStartInput - caller pid : 25730 , caller uid : 10413
10-12 08:03:49.781  3524  3652 I HoneySpace.TopTaskUseCase: topTasks 732 ComponentInfo{com.tv.medicare/com.tv.medicare.MainActivity}
10-12 08:03:49.781 10994 10994 I HBD     : k updateConfigs
10-12 08:03:49.781 10994 10994 I HBD     : k isEnabledNightMode : false
10-12 08:03:49.781 10994 10994 I HBD     : a IC have been binding, RemoteInputConnection{idHash=#78e5aac}
10-12 08:03:49.781 10994 10994 I HBD     : h [EditorInputType]setPrivateImeOptionsToTable privateImeOptions ( null )
10-12 08:03:49.781 10994 10994 I HBD     : b incognitoMode : false
10-12 08:03:49.781 10994 10994 I HBD     : b needOff = true , isForceOff = false, isNullInputClass : true
10-12 08:03:49.781   844  2647 E BufferQueueDebug: [Surface(name=5613d8b InputMethod)/@0xad5bf26 - animation-leash of insets_animation#19630](this:0xb4000071afb81ba0,id:-1,api:0,p:-1,c:-1) id info cannot be read from 'Surface(name=5613d8b InputMethod)/@0xad5bf26 - animation-leash of insets_animation#19630'
10-12 08:03:49.781   844  2647 I BufferQueueDebug: [Surface(name=5613d8b InputMethod)/@0xad5bf26 - animation-leash of insets_animation#19630](this:0xb4000071afb81ba0,id:-1,api:0,p:-1,c:-1) BufferQueue core=(844:/system/bin/surfaceflinger)
10-12 08:03:49.782 10994 10994 I HBD     : h getDefaultInputRange : UNKNOWN
10-12 08:03:49.782 10994 10994 I HBD     : h getDefaultInputRange : UNKNOWN
10-12 08:03:49.782 10994 10994 I HBD     : h getDefaultInputRange : UNKNOWN
10-12 08:03:49.782   844  2647 I SurfaceFlinger: id=19630 createSurf, flag=24004, Surface(name=5613d8b InputMethod)/@0xad5bf26 - animation-leash of insets_animation#19630
10-12 08:03:49.784   844   844 I Layer   : id=19630 removeFromCurrentState Surface(name=5613d8b InputMethod)/@0xad5bf26 - animation-leash of insets_animation#19630 (144)
10-12 08:03:49.784 10994 10994 I HBD     : b needOff = true , isForceOff = false, isNullInputClass : true
10-12 08:03:49.784 10994 10994 I HBD     : b update cached prediction status : false
10-12 08:03:49.784 25730 25730 D LifecycleMonitor: Lifecycle status change: androidx.test.core.app.InstrumentationActivityInvoker$EmptyActivity@d732488 in: PAUSED
10-12 08:03:49.784 10994 10994 I HBD     : h getDefaultInputRange : UNKNOWN
10-12 08:03:49.784 10994 10994 I HBD     : a currentState : 0
10-12 08:03:49.784 10994 10994 I HBD     : a [UpdatePolicy] [post] a: 0 cl: 65555 kit: [0/0] vt: 0 ir: 1
10-12 08:03:49.784 25730 25730 V ActivityScenario: Activity lifecycle changed event received but ignored because the intent does not match. startActivityIntent=Intent { act=android.intent.action.MAIN cat=[android.intent.category.LAUNCHER] flg=0x10008000 cmp=com.medicare.auth.test/androidx.activity.ComponentActivity }, activity.getIntent()=Intent { act=android.intent.action.MAIN cat=[android.intent.category.LAUNCHER] flg=0x10000000 cmp=com.medicare.auth.test/androidx.test.core.app.InstrumentationActivityInvoker$EmptyActivity }, activity=androidx.test.core.app.InstrumentationActivityInvoker$EmptyActivity@d732488
10-12 08:03:49.785   844   844 I BpBinder: onLastStrongRef automatically unlinking death recipients:
10-12 08:03:49.786  1355  3324 D InputDispatcher: Focus left window (0): ad1fbe8 com.medicare.auth.test/androidx.test.core.app.InstrumentationActivityInvoker$EmptyActivity
10-12 08:03:49.788  1355  3827 I SemDvfsHyPerManager: acquire hyper - AMS_ACT_RESUME/1355@20, type = -999
10-12 08:03:49.789   812   832 I HYPER-HAL: [RequestManager.cpp]acquire(): Acquired ID : 946020  [1355 / 20]    HINT : AMS_ACT_RESUME    list :
10-12 08:03:49.789   812   832 I mtkpower_client: perf_lock_rel, hdl:37201, tid:832
10-12 08:03:49.789   812   832 I mtkpower_client: perf_lock_acq, hdl:0, dur:0, num:2, tid:832
10-12 08:03:49.790   816   880 I libPowerHal: [perfLockRel] hdl:37201, idx:2
10-12 08:03:49.790   816   880 I libPowerHal: [setClusterFreq]  set cpu_ctrl cpufreq: -1 -1 -1 -1
10-12 08:03:49.790   812   832 I mtkpower_client: ret_hdl:37204
10-12 08:03:49.790   812   832 I mtkpower_client: perf_lock_rel, hdl:37202, tid:832
10-12 08:03:49.790   816   880 I libPowerHal: [perfLockAcq] idx:1 hdl:37204 hint:-1 pid:812 tid:832 duration:0 lock_user:vendor.samsung. => ret_hdl:37204
10-12 08:03:49.790   816   880 I libPowerHal: [setClusterFreq] vendor.samsung. set cpufreq[0] min:1150000 max:-1 cpufreq[1] min:-1 max:-1
10-12 08:03:49.790   816   880 I libPowerHal: [setClusterFreq]  set cpu_ctrl cpufreq: 1150000 -1 -1 -1
10-12 08:03:49.791   812   832 I mtkpower_client: perf_lock_acq, hdl:0, dur:0, num:2, tid:832
10-12 08:03:49.791   816   880 I libPowerHal: [perfLockRel] hdl:37202, idx:3
10-12 08:03:49.791   812   832 I mtkpower_client: ret_hdl:37205
10-12 08:03:49.791 14126 14126 W Finsky  : [2] aggh.b(126): STU: Failed to get storage stats for package 'com.android.uwb' (1601: Error getting stats: android.content.pm.PackageManager.NameNotFoundException)
10-12 08:03:49.791   816   880 I libPowerHal: cmdSetting - unknown cmd:1c3c000, scmd:(null) ,param_1:0
10-12 08:03:49.791   816   880 I libPowerHal: [perfLockAcq] idx:2 hdl:37205 hint:-1 pid:812 tid:832 duration:0 lock_user:vendor.samsung. => ret_hdl:37205
10-12 08:03:49.791   812   832 I mtkpower_client: perf_lock_rel, hdl:37203, tid:832
10-12 08:03:49.791   812   832 I mtkpower_client: perf_lock_acq, hdl:0, dur:0, num:2, tid:832
10-12 08:03:49.791   816   880 I libPowerHal: [perfLockRel] hdl:37203, idx:0
10-12 08:03:49.791   816   880 I libPowerHal: [PD] vendor.samsung. update cmd:1000000 param:-1
10-12 08:03:49.792   812   832 I mtkpower_client: ret_hdl:37206
10-12 08:03:49.792   816   880 I libPowerHal: [perfLockAcq] idx:0 hdl:37206 hint:-1 pid:812 tid:832 duration:0 lock_user:vendor.samsung. => ret_hdl:37206
10-12 08:03:49.792   816   880 I libPowerHal: [setDvfsrcDevFreqOpp] opp:1, freq:3200000000
10-12 08:03:49.792 30346 30346 I ViewRootImpl@da819f1[MainActivity]: handleAppVisibility mAppVisible = false visible = true
10-12 08:03:49.792   816   880 I libPowerHal: [PE] vendor.samsung. update cmd:1000000 param:1
10-12 08:03:49.793  1355  2099 D AS.MultiSoundManager: mForegroundUid = 10411
10-12 08:03:49.793 14126 14126 W Finsky  : [2] aggh.b(126): STU: Failed to get storage stats for package 'com.google.android.extservices' (1601: Error getting stats: android.content.pm.PackageManager.NameNotFoundException)
10-12 08:03:49.794  1355  3827 D InputDispatcher: Focused application(0): ActivityRecord{5f8dd97 u0 com.tv.medicare/.MainActivity t732}
10-12 08:03:49.795   844   844 I Layer   : id=17 addToCurrentState ImeContainer#17 (144)
10-12 08:03:49.795   844   844 I Layer   : id=520 addToCurrentState WindowToken{b335115 type=2011 android.os.Binder@151eacc}#520 (144)
10-12 08:03:49.795   844   844 I Layer   : id=19629 addToCurrentState Surface(name=5613d8b InputMethod)/@0xad5bf26 - animation-leash of insets_animation#19629 (144)
10-12 08:03:49.795   844   844 I Layer   : id=523 addToCurrentState 5613d8b InputMethod#523 (144)
10-12 08:03:49.795   844   844 I Layer   : id=19630 addToCurrentState Surface(name=5613d8b InputMethod)/@0xad5bf26 - animation-leash of insets_animation#19630 (144)
10-12 08:03:49.795   844   844 I Layer   : id=19629 removeFromCurrentState Surface(name=5613d8b InputMethod)/@0xad5bf26 - animation-leash of insets_animation#19629 (144)
10-12 08:03:49.795   844   844 I SurfaceFlinger: id=19629 Removed Surface(name=5613d8b InputMethod)/@0xad5bf26 - animation-leash of insets_animation#19629 (144)
10-12 08:03:49.797  1355  2099 D AS.MultiSoundManager: mForegroundUid = 10411
10-12 08:03:49.800 30346 30346 I ViewRootImpl@da819f1[MainActivity]: stopped(false) old = true
10-12 08:03:49.800 30346 30346 D ViewRootImpl@da819f1[MainActivity]: WindowStopped on com.tv.medicare/com.tv.medicare.MainActivity set to false
10-12 08:03:49.804 10994 10994 I HBD     : a [NRIC] resetNoResponseState
10-12 08:03:49.804 10994 10994 I HBD     : b needOff = true , isForceOff = false, isNullInputClass : true
10-12 08:03:49.804 10994 10994 I HBD     : b update cached prediction status : false
10-12 08:03:49.804 10994 10994 I HBD     : b [AiWriter] setContact : com.medicare.auth.test
10-12 08:03:49.804 25730 25730 I InsetsSourceConsumer: applyRequestedVisibilityToControl: visible=false, type=ime, host=com.medicare.auth.test/androidx.test.core.app.InstrumentationActivityInvoker$EmptyActivity
10-12 08:03:49.804 10994 10994 I HBD     : HoneyBoardService [PF_OP][onStartInput]  23 ms
10-12 08:03:49.806   844   844 I SurfaceFlinger: [ad1fbe8 com.medicare.auth.test/androidx.test.core.app.InstrumentationActivityInvoker$EmptyActivity#19623] FrameRatePriority: -1
10-12 08:03:49.806 25730 25730 I ViewRootImpl@2278059[InstrumentationActivityInvoker$EmptyActivity]: handleWindowFocusChanged: 0 0 call from android.view.ViewRootImpl.-$$Nest$mhandleWindowFocusChanged:0
10-12 08:03:49.806   844   844 I BufferQueueDebug: [Surface(name=5613d8b InputMethod)/@0xad5bf26 - animation-leash of insets_animation#19629](this:0xb4000071afc18ba0,id:-1,api:0,p:-1,c:844) onDestructor()
10-12 08:03:49.806   844   844 I Layer   : id=19629 Destroyed Surface(name=5613d8b InputMethod)/@0xad5bf26 - animation-leash of insets_animation#19629
10-12 08:03:49.806 25730 25730 I ImeFocusController: onPreWindowFocus: skipped, hasWindowFocus=false mHasImeFocus=true
10-12 08:03:49.806 25730 25730 I ImeFocusController: onPostWindowFocus: skipped, hasWindowFocus=false mHasImeFocus=true
10-12 08:03:49.806 10994 10994 I InputMethodService: scheduleImeSurfaceRemoval: canceled, mShowInputRequested=false, mWindowVisible=false, IsmWindowNull=false, IsmImeSurfaceRemoverRunnableNotNull=true
10-12 08:03:49.808  3524  3650 I HoneySpace.TopTaskSource: onTaskFocusChanged(): taskId = 732
10-12 08:03:49.808  3524  3650 I HoneySpace.TopTaskSource: onTaskMovedToFront : taskId = 732
10-12 08:03:49.812  2303  2303 D NavigationBar: setImeWindowStatus displayId=0 vis=0 backDisposition=0 showImeSwitcher=false imeShown=false
10-12 08:03:49.812  3524  3650 I HoneySpace.TopTaskSource: onTaskFocusChanged(): taskId = 732
10-12 08:03:49.812  3524  3650 I HoneySpace.TopTaskSource: onTaskMovedToFront : taskId = 732
10-12 08:03:49.814  1000  1416 E thermal_core: Failed to read /sys/class/thermal/thermal_zone24/temp: Invalid argument
10-12 08:03:49.814  1355  3849 V WindowManager: Relayout Window{624e1d1 u0 com.tv.medicare/com.tv.medicare.MainActivity}: viewVisibility=0 req=1080x2340 ty=1 d0
10-12 08:03:49.815   844   909 E BufferQueueDebug: [com.tv.medicare/com.tv.medicare.MainActivity$_30346#19631](this:0xb4000071afc48ba0,id:-1,api:0,p:-1,c:-1) id info cannot be read from 'com.tv.medicare/com.tv.medicare.MainActivity$_30346#19631'
10-12 08:03:49.816   844   909 I BufferQueueDebug: [com.tv.medicare/com.tv.medicare.MainActivity$_30346#19631](this:0xb4000071afc48ba0,id:-1,api:0,p:-1,c:-1) BufferQueue core=(844:/system/bin/surfaceflinger)
10-12 08:03:49.816   844   909 I SurfaceFlinger: id=19631 createSurf, flag=44004, com.tv.medicare/com.tv.medicare.MainActivity$_30346#19631
10-12 08:03:49.819   844  1281 E BufferQueueDebug: [Surface(name=159e018 NavigationBar0)/@0x9e6ef60 - animation-leash of insets_animation#19632](this:0xb4000071afc87ba0,id:-1,api:0,p:-1,c:-1) id info cannot be read from 'Surface(name=159e018 NavigationBar0)/@0x9e6ef60 - animation-leash of insets_animation#19632'
10-12 08:03:49.820   844  1281 I BufferQueueDebug: [Surface(name=159e018 NavigationBar0)/@0x9e6ef60 - animation-leash of insets_animation#19632](this:0xb4000071afc87ba0,id:-1,api:0,p:-1,c:-1) BufferQueue core=(844:/system/bin/surfaceflinger)
10-12 08:03:49.820   844  1281 I SurfaceFlinger: id=19632 createSurf, flag=24000, Surface(name=159e018 NavigationBar0)/@0x9e6ef60 - animation-leash of insets_animation#19632
10-12 08:03:49.822   844  1281 E BufferQueueDebug: [Surface(name=ebd9d0 StatusBar)/@0x6b5583d - animation-leash of insets_animation#19633](this:0xb4000071afc8aba0,id:-1,api:0,p:-1,c:-1) id info cannot be read from 'Surface(name=ebd9d0 StatusBar)/@0x6b5583d - animation-leash of insets_animation#19633'
10-12 08:03:49.824   844  1281 I BufferQueueDebug: [Surface(name=ebd9d0 StatusBar)/@0x6b5583d - animation-leash of insets_animation#19633](this:0xb4000071afc8aba0,id:-1,api:0,p:-1,c:-1) BufferQueue core=(844:/system/bin/surfaceflinger)
10-12 08:03:49.824 14126 14126 W Finsky  : [2] aggh.b(126): STU: Failed to get storage stats for package 'com.google.android.os.statsd' (1601: Error getting stats: android.content.pm.PackageManager.NameNotFoundException)
10-12 08:03:49.824   844  1281 I SurfaceFlinger: id=19633 createSurf, flag=24000, Surface(name=ebd9d0 StatusBar)/@0x6b5583d - animation-leash of insets_animation#19633
10-12 08:03:49.826  2303  2303 D SamsungStatusBarGrayIconHelper: isGrayAppearance=false
10-12 08:03:49.826  2303  2303 D NavigationBar: onSystemBarAttributesChanged() -  displayId:0, appearance:24, packageName: com.tv.medicare (APPEARANCE_LIGHT_STATUS_BARS APPEARANCE_LIGHT_NAVIGATION_BARS ), navbarColorManagedByIme:false
10-12 08:03:49.828  1355  3849 V WindowManager: Relayout hash=624e1d1, pid=30346, syncId=-1: mAttrs={(0,0)(fillxfill) sim={adjust=pan forwardNavigation} layoutInDisplayCutoutMode=always ty=BASE_APPLICATION wanim=0x1030303
10-12 08:03:49.828  1355  3849 V WindowManager:   fl=81810100
10-12 08:03:49.828  1355  3849 V WindowManager:   pfl=16008040
10-12 08:03:49.828  1355  3849 V WindowManager:   vsysui=2010
10-12 08:03:49.828  1355  3849 V WindowManager:   apr=LIGHT_STATUS_BARS LIGHT_NAVIGATION_BARS
10-12 08:03:49.828  1355  3849 V WindowManager:   bhv=DEFAULT
10-12 08:03:49.828  1355  3849 V WindowManager:   fitSides= naviIconColor=0}
10-12 08:03:49.830  1355  1408 D SurfaceComposerClient: Transaction::apply InputWindowCommands.focusRequests timestamp=2122414788366424, windowName=624e1d1 com.tv.medicare/com.tv.medicare.MainActivity
10-12 08:03:49.834 32397 32397 D HidDeviceService: handleMessage(): msg.what=8
10-12 08:03:49.837  2303  2303 D NavigationModeController: getCurrentUserContext: contextUser=0 currentUser=0
10-12 08:03:49.839   844   844 I Layer   : id=19625 removeFromCurrentState Surface(name=159e018 NavigationBar0)/@0x9e6ef60 - animation-leash of insets_animation#19625 (146)
10-12 08:03:49.839   844   844 I Layer   : id=84 removeFromCurrentState 159e018 NavigationBar0#84 (146)
10-12 08:03:49.839   844   844 I Layer   : id=96 removeFromCurrentState NavigationBar0$_2303#96 (146)
10-12 08:03:49.840   844   844 I Layer   : id=84 addToCurrentState 159e018 NavigationBar0#84 (146)
10-12 08:03:49.840   844   844 I Layer   : id=96 addToCurrentState NavigationBar0$_2303#96 (146)
10-12 08:03:49.840   844   844 I Layer   : id=19626 removeFromCurrentState Surface(name=ebd9d0 StatusBar)/@0x6b5583d - animation-leash of insets_animation#19626 (146)
10-12 08:03:49.840   844   844 I SurfaceFlinger: [624e1d1 com.tv.medicare/com.tv.medicare.MainActivity#18687] FrameRatePriority: 1
10-12 08:03:49.840   844   844 D SurfaceFlinger: Focus addInputWindowCommands timestamp=2122414788366424, windowName=624e1d1 com.tv.medicare/com.tv.medicare.MainActivity
10-12 08:03:49.840  1355  1405 D PkgPredictorService-SecIpmManagerServiceImpl: onForegroundActivitiesChanged pid:30346 uid:10411
10-12 08:03:49.841 31587 31709 I Rubin   : [456] zb.a.c(Unknown Source) : Notify com.samsung.android.rubin.inferenceengine.contextanalytics.engine.loggers.AppUsageLogger's database is updated.
10-12 08:03:49.841   844   844 I SurfaceFlinger: id=19626 Removed Surface(name=ebd9d0 StatusBar)/@0x6b5583d - animation-leash of insets_animation#19626 (146)
10-12 08:03:49.841   844   844 I SurfaceFlinger: id=19625 Removed Surface(name=159e018 NavigationBar0)/@0x9e6ef60 - animation-leash of insets_animation#19625 (146)
10-12 08:03:49.842   844   844 D SurfaceFlinger: Find Focus windowName=624e1d1 com.tv.medicare/com.tv.medicare.MainActivity, notVisible=1
10-12 08:03:49.842   844   844 D Layer   : Focus: Task=732#18679 isHiddenByPolicy s.flags&layer_state_t::eLayerHidden=1
10-12 08:03:49.842   844   844 D Layer   : Focus: isHiddenByPolicy parent Task=732#18679 is hidden cause not visible
10-12 08:03:49.842   844   844 D SurfaceFlinger: Focus inVisible Reason:isVisibleForInput(){hasInputInfo()?canReceiveInput():isVisible()}=0 has=1 can{!isHiddenByPolicy()&&(mBuffer==nullptr||getAlpha()>0.0f)}=0 Hidden=1 Buf=1 getA=1
10-12 08:03:49.843   844  1242 D SurfaceFlinger: updateWinowInfo=1, setFocusedWindow timestamp=2122414788366424, windowName=624e1d1 com.tv.medicare/com.tv.medicare.MainActivity
10-12 08:03:49.843  1355  1687 D InputDispatcher: Focus request (0): 624e1d1 com.tv.medicare/com.tv.medicare.MainActivity but waiting because NO_WINDOW
10-12 08:03:49.844 30346 30346 I InsetsController: onStateChanged: host=com.tv.medicare/com.tv.medicare.MainActivity, from=android.view.ViewRootImpl.relayoutWindow:10072, state=InsetsState: {mDisplayFrame=Rect(0, 0 - 1080, 2340), mDisplayCutout=DisplayCutout{insets=Rect(0, 80 - 0, 0) waterfall=Insets{left=0, top=0, right=0, bottom=0} boundingRect={Bounds=[Rect(0, 0 - 0, 0), Rect(472, 0 - 608, 80), Rect(0, 0 - 0, 0), Rect(0, 0 - 0, 0)]} cutoutPathParserInfo={CutoutPathParserInfo{displayWidth=1080 displayHeight=2340 physicalDisplayWidth=1080 physicalDisplayHeight=2340 density={2.8125} cutoutSpec={M 0,0 H -24.177777778 V 28.4444444444 H 24.177777778 V 0 H 0 Z @dp} rotation={0} scale={1.0} physicalPixelDisplaySizeRatio={1.0}}}}, mRoundedCorners=RoundedCorners{[RoundedCorner{position=TopLeft, radius=0, center=Point(0, 0)}, RoundedCorner{position=TopRight, radius=0, center=Point(0, 0)}, RoundedCorner{position=BottomRight, radius=0, center=Point(0, 0)}, RoundedCorner{position=BottomLeft, radius=0, center=Point(0, 0)}]}  mRoundedCornerFrame=Rect(0, 0 - 1080, 2340), mPrivacyIndicatorBounds=PrivacyIndicatorBounds {static bounds=Rect(956, 0 - 1080, 80) rotation=0}, mDisplayShape=DisplayShape{ spec=-311912193 displayWidth=1080 displayHeight=2340 physicalPixelDisplaySizeRatio=1.0 rotation=0 offsetX=0 offsetY=0 scale=1.0}, mSources= { InsetsSource: {3 mType=ime mFrame=[0,0][0,0] mVisible=false mFlags=[]}, InsetsSource: {27 mType=displayCutout mFrame=[0,0][1080,80] mVisible=true mFlags=[]}, InsetsSource: {67fe0000 mType=statusBars mFrame=[0,0][1080,80] mVisible=true mFlags=[]}, InsetsSource: {67fe0005 mType=mandatorySystemGestures mFrame=[0,0][1080,114] mVisible=true mFlags=[]}, InsetsSource: {67fe0006 mType=tappableElement mFrame=[0,0][1080,80] mVisible=true mFlags=[]}, InsetsSource: {789d0001 mType=navigationBars mFrame=[0,2205][1080,2340] mVisible=true mFlags=[]}, InsetsSource: {789d0004 mType=systemGestures mFrame=[0,0][0,0] mVisible=true mFlags=[]}, InsetsSource: {789d0005 mType=mandatorySystemGestures mFrame=[0,2205][1080,2340] mVisible=true mFlags=[]}, InsetsSource: {789d0006 mType=tappableElement mFrame=[0,2205][1080,2340] mVisible=true mFlags=[]}, InsetsSource: {789d0024 mType=systemGestures mFrame=[0,0][0,0] mVisible=true mFlags=[]} }
10-12 08:03:49.846 25730 25753 D IdlingRegistry: Unregistering idling resources: [androidx.compose.ui.test.junit4.EspressoLink@a4df020]
10-12 08:03:49.848 30346 30346 D BufferQueueConsumer: [](id:768a00000019,api:0,p:-1,c:30346) connect: controlledByApp=false
10-12 08:03:49.850  2303  2303 D NavigationModeController: getCurrentUserContext: contextUser=0 currentUser=0
10-12 08:03:49.850   844   844 I BufferQueueDebug: [Surface(name=159e018 NavigationBar0)/@0x9e6ef60 - animation-leash of insets_animation#19625](this:0xb4000071ad098ba0,id:-1,api:0,p:-1,c:844) onDestructor()
10-12 08:03:49.850   844   844 I Layer   : id=19625 Destroyed Surface(name=159e018 NavigationBar0)/@0x9e6ef60 - animation-leash of insets_animation#19625
10-12 08:03:49.850   844   844 I BufferQueueDebug: [Surface(name=ebd9d0 StatusBar)/@0x6b5583d - animation-leash of insets_animation#19626](this:0xb4000071ad09bba0,id:-1,api:0,p:-1,c:844) onDestructor()
10-12 08:03:49.850   844   844 I Layer   : id=19626 Destroyed Surface(name=ebd9d0 StatusBar)/@0x6b5583d - animation-leash of insets_animation#19626
10-12 08:03:49.850 25730 25753 I TestRunner: finished: uiComponentsExist(LoginTest)
