10-12 08:03:49.409  1355  1368 W system_server: ApkAssets: Deleting an ApkAssets object '<empty> and /system/priv-app/SecMyFiles2020/SecMyFiles2020.apk' with 1 weak references
10-12 08:03:49.410  1355  1368 W system_server: ApkAssets: Deleting an ApkAssets object '<empty> and /system/app/SamsungWeather/SamsungWeather.apk' with 1 weak references
10-12 08:03:49.410  1355  1368 W system_server: ApkAssets: Deleting an ApkAssets object '<empty> and /data/app/~~iB09hMa-eDIv9YxEqFQCBw==/com.samsung.android.app.reminder-xVZeutczAbp_lByH0VavhQ==/base.apk' with 1 weak references
10-12 08:03:49.410  1355  1368 W system_server: ApkAssets: Deleting an ApkAssets object '<empty> and /data/app/~~Ocf8x8y3Y-k66VeYYTM3UQ==/com.sec.android.app.clockpackage-5_aVg-yjS2Eiwx0apxATPA==/base.apk' with 1 weak references
10-12 08:03:49.411  1355  1368 W system_server: ApkAssets: Deleting an ApkAssets object '<empty> and /data/app/~~rmkH79SbLa8UuLZxnMzpyg==/com.android.chrome-lwUjNFs6FiigOBIauMNklg==/base.apk' with 2 weak references
10-12 08:03:49.411  1355  1368 W system_server: ApkAssets: Deleting an ApkAssets object '<empty> and /data/app/~~rmkH79SbLa8UuLZxnMzpyg==/com.android.chrome-lwUjNFs6FiigOBIauMNklg==/split_auxiliary_search.apk' with 1 weak references
10-12 08:03:49.411  1355  1368 W system_server: ApkAssets: Deleting an ApkAssets object '<empty> and /data/app/~~rmkH79SbLa8UuLZxnMzpyg==/com.android.chrome-lwUjNFs6FiigOBIauMNklg==/split_cablev2_authenticator.apk' with 1 weak references
10-12 08:03:49.411  1355  1368 W system_server: ApkAssets: Deleting an ApkAssets object '<empty> and /data/app/~~rmkH79SbLa8UuLZxnMzpyg==/com.android.chrome-lwUjNFs6FiigOBIauMNklg==/split_chrome.apk' with 1 weak references
10-12 08:03:49.411  1355  1368 W system_server: ApkAssets: Deleting an ApkAssets object '<empty> and /data/app/~~rmkH79SbLa8UuLZxnMzpyg==/com.android.chrome-lwUjNFs6FiigOBIauMNklg==/split_config.en.apk' with 2 weak references
10-12 08:03:49.411  1355  1368 W system_server: ApkAssets: Deleting an ApkAssets object '<empty> and /data/app/~~rmkH79SbLa8UuLZxnMzpyg==/com.android.chrome-lwUjNFs6FiigOBIauMNklg==/split_dev_ui.apk' with 1 weak references
10-12 08:03:49.411  1355  1368 W system_server: ApkAssets: Deleting an ApkAssets object '<empty> and /data/app/~~rmkH79SbLa8UuLZxnMzpyg==/com.android.chrome-lwUjNFs6FiigOBIauMNklg==/split_feedv2.apk' with 1 weak references
10-12 08:03:49.411  1355  1368 W system_server: ApkAssets: Deleting an ApkAssets object '<empty> and /data/app/~~rmkH79SbLa8UuLZxnMzpyg==/com.android.chrome-lwUjNFs6FiigOBIauMNklg==/split_read_aloud_playback.apk' with 1 weak references
10-12 08:03:49.411  1355  1368 W system_server: ApkAssets: Deleting an ApkAssets object '<empty> and /data/app/~~rmkH79SbLa8UuLZxnMzpyg==/com.android.chrome-lwUjNFs6FiigOBIauMNklg==/split_stack_unwinder.apk' with 1 weak references
10-12 08:03:49.411  1355  1368 W system_server: ApkAssets: Deleting an ApkAssets object '<empty> and /data/app/~~rmkH79SbLa8UuLZxnMzpyg==/com.android.chrome-lwUjNFs6FiigOBIauMNklg==/split_survey.apk' with 1 weak references
10-12 08:03:49.411  1355  1368 W system_server: ApkAssets: Deleting an ApkAssets object '<empty> and /data/app/~~rmkH79SbLa8UuLZxnMzpyg==/com.android.chrome-lwUjNFs6FiigOBIauMNklg==/split_test_dummy.apk' with 1 weak references
10-12 08:03:49.411  1355  1368 W system_server: ApkAssets: Deleting an ApkAssets object '<empty> and /data/app/~~RhvOvWqFnSgd6SeArwVsIQ==/com.google.android.trichromelibrary_666810033-Va7LTYZiqml-vFuhc9gekQ==/base.apk' with 2 weak references
10-12 08:03:49.411 25730 25730 I InsetsController: onStateChanged: host=com.medicare.auth.test/androidx.activity.ComponentActivity, from=android.view.ViewRootImpl$ViewRootHandler.handleMessageImpl:7196, state=InsetsState: {mDisplayFrame=Rect(0, 0 - 1080, 2340), mDisplayCutout=DisplayCutout{insets=Rect(0, 80 - 0, 0) waterfall=Insets{left=0, top=0, right=0, bottom=0} boundingRect={Bounds=[Rect(0, 0 - 0, 0), Rect(472, 0 - 608, 80), Rect(0, 0 - 0, 0), Rect(0, 0 - 0, 0)]} cutoutPathParserInfo={CutoutPathParserInfo{displayWidth=1080 displayHeight=2340 physicalDisplayWidth=1080 physicalDisplayHeight=2340 density={2.8125} cutoutSpec={M 0,0 H -24.177777778 V 28.4444444444 H 24.177777778 V 0 H 0 Z @dp} rotation={0} scale={1.0} physicalPixelDisplaySizeRatio={1.0}}}}, mRoundedCorners=RoundedCorners{[RoundedCorner{position=TopLeft, radius=0, center=Point(0, 0)}, RoundedCorner{position=TopRight, radius=0, center=Point(0, 0)}, RoundedCorner{position=BottomRight, radius=0, center=Point(0, 0)}, RoundedCorner{position=BottomLeft, radius=0, center=Point(0, 0)}]}  mRoundedCornerFrame=Rect(0, 0 - 1080, 2340), mPrivacyIndicatorBounds=PrivacyIndicatorBounds {static bounds=Rect(956, 0 - 1080, 80) rotation=0}, mDisplayShape=DisplayShape{ spec=-311912193 displayWidth=1080 displayHeight=2340 physicalPixelDisplaySizeRatio=1.0 rotation=0 offsetX=0 offsetY=0 scale=1.0}, mSources= { InsetsSource: {3 mType=ime mFrame=[0,0][0,0] mVisible=false mFlags=[]}, InsetsSource: {27 mType=displayCutout mFrame=[0,0][1080,80] mVisible=true mFlags=[]}, InsetsSource: {67fe0000 mType=statusBars mFrame=[0,0][1080,80] mVisible=true mFlags=[]}, InsetsSource: {67fe0005 mType=mandatorySystemGestures mFrame=[0,0][1080,114] mVisible=true mFlags=[]}, InsetsSource: {67fe0006 mType=tappableElement mFrame=[0,0][1080,80] mVisible=true mFlags=[]}, InsetsSource: {789d0001 mType=navigationBars mFrame=[0,2205][1080,2340] mVisible=true mFlags=[]}, InsetsSource: {789d0004 mType=systemGestures mFrame=[0,0][0,0] mVisible=true mFlags=[]}, InsetsSource: {789d0005 mType=mandatorySystemGestures mFrame=[0,2205][1080,2340] mVisible=true mFlags=[]}, InsetsSource: {789d0006 mType=tappableElement mFrame=[0,2205][1080,2340] mVisible=true mFlags=[]}, InsetsSource: {789d0024 mType=systemGestures mFrame=[0,0][0,0] mVisible=true mFlags=[]} }
10-12 08:03:49.412  1355  1368 W system_server: ApkAssets: Deleting an ApkAssets object '<empty> and /system/priv-app/SecSettingsIntelligence/SecSettingsIntelligence.apk' with 1 weak references
10-12 08:03:49.412  1355  1368 W system_server: ApkAssets: Deleting an ApkAssets object '<empty> and /data/app/~~K0W_nkFSL1sL9nM9mNT-Kw==/com.microsoft.skydrive-gktyN3kAS6T6wbtB3Bn7eg==/base.apk' with 1 weak references
10-12 08:03:49.412 25730 25730 I ViewRootImpl@98d3ef3[ComponentActivity]: handleResized, msg = 4 frames=ClientWindowFrames{frame=[0,0][1080,2340] display=[0,0][1080,2340] parentFrame=[0,0][0,0]} forceNextWindowRelayout=false displayId=0 dragResizing=false compatScale=1.0 frameChanged=false attachedFrameChanged=false configChanged=false displayChanged=false compatScaleChanged=false
10-12 08:03:49.413  1355  1368 W system_server: ApkAssets: Deleting an ApkAssets object '<empty> and /system/priv-app/Routines/Routines.apk' with 1 weak references
10-12 08:03:49.413  1355  1368 W system_server: ApkAssets: Deleting an ApkAssets object '<empty> and /system/priv-app/TelephonyUI/TelephonyUI.apk' with 1 weak references
10-12 08:03:49.414  1355  1368 W system_server: ApkAssets: Deleting an ApkAssets object '/data/overlays/current_locale_apks/files/com.samsung.android.app.telephonyui.en.apk' with 1 weak references
10-12 08:03:49.414  1355  1368 W system_server: ApkAssets: Deleting an ApkAssets object '<empty> and /data/app/~~7yJQZJ2slOOjxjmvtIEGOQ==/com.samsung.android.appseparation-7DnCR21KJmjpYnbEeAfzzA==/base.apk' with 1 weak references
10-12 08:03:49.414  1355  1368 W system_server: ApkAssets: Deleting an ApkAssets object '/data/overlays/current_locale_apks/files/com.samsung.android.appseparation.en.apk' with 1 weak references
10-12 08:03:49.414  1355  1368 W system_server: ApkAssets: Deleting an ApkAssets object '<empty> and /data/app/~~UfcNSIrkz0eHFWpBQRJwAQ==/com.samsung.android.samsungpassautofill-kcZcoPLBnEy_Z4EvCPm5fQ==/base.apk' with 1 weak references
10-12 08:03:49.415  1355  1368 W system_server: ApkAssets: Deleting an ApkAssets object '<empty> and /data/app/~~qwY7hiT7Z3sdL0KAhT1KXA==/com.samsung.android.spaymini-7D9lHOxq8WBX0yjFrJpvnA==/base.apk' with 1 weak references
10-12 08:03:49.415  1355  1368 W system_server: ApkAssets: Deleting an ApkAssets object '<empty> and /data/app/~~aJZ-CyhZcV_iQdPotbp2tQ==/com.samsung.android.themestore-kbSb1pPlc3r6a2ESrunRTA==/base.apk' with 1 weak references
10-12 08:03:49.415  1355  1368 W system_server: ApkAssets: Deleting an ApkAssets object '<empty> and /system/priv-app/SecureFolder/SecureFolder.apk' with 1 weak references
10-12 08:03:49.416  1355  1368 W system_server: ApkAssets: Deleting an ApkAssets object '/data/overlays/current_locale_apks/files/com.samsung.knox.securefolder.en.apk' with 1 weak references
10-12 08:03:49.416  1355  1368 W system_server: ApkAssets: Deleting an ApkAssets object '<empty> and /data/app/~~vSI9Gm3FnOTEOFcpLZhvTw==/com.google.android.apps.docs-4bFGl2Jr_GSWwWK1pJogLA==/base.apk' with 1 weak references
10-12 08:03:49.416  1355  1368 W system_server: ApkAssets: Deleting an ApkAssets object '<empty> and /data/app/~~vSI9Gm3FnOTEOFcpLZhvTw==/com.google.android.apps.docs-4bFGl2Jr_GSWwWK1pJogLA==/split_config.arm64_v8a.apk' with 1 weak references
10-12 08:03:49.416  1355  1368 W system_server: ApkAssets: Deleting an ApkAssets object '<empty> and /data/app/~~vSI9Gm3FnOTEOFcpLZhvTw==/com.google.android.apps.docs-4bFGl2Jr_GSWwWK1pJogLA==/split_config.en.apk' with 1 weak references
10-12 08:03:49.416  1355  1368 W system_server: ApkAssets: Deleting an ApkAssets object '<empty> and /data/app/~~vSI9Gm3FnOTEOFcpLZhvTw==/com.google.android.apps.docs-4bFGl2Jr_GSWwWK1pJogLA==/split_config.xxhdpi.apk' with 1 weak references
10-12 08:03:49.416  1355  1368 W system_server: ApkAssets: Deleting an ApkAssets object '<empty> and /data/app/~~IUuKkJYQx34yWr5YjruRbw==/com.netflix.mediaclient-8RjjRWI4-9lFU9EZx3demA==/base.apk' with 1 weak references
10-12 08:03:49.416  1355  1368 W system_server: ApkAssets: Deleting an ApkAssets object '<empty> and /data/app/~~IUuKkJYQx34yWr5YjruRbw==/com.netflix.mediaclient-8RjjRWI4-9lFU9EZx3demA==/split_config.arm64_v8a.apk' with 1 weak references
10-12 08:03:49.417  1355  1368 W system_server: ApkAssets: Deleting an ApkAssets object '<empty> and /data/app/~~IUuKkJYQx34yWr5YjruRbw==/com.netflix.mediaclient-8RjjRWI4-9lFU9EZx3demA==/split_config.en.apk' with 1 weak references
10-12 08:03:49.417  1355  1368 W system_server: ApkAssets: Deleting an ApkAssets object '<empty> and /data/app/~~IUuKkJYQx34yWr5YjruRbw==/com.netflix.mediaclient-8RjjRWI4-9lFU9EZx3demA==/split_config.xxhdpi.apk' with 1 weak references
10-12 08:03:49.417  1355  1368 W system_server: ApkAssets: Deleting an ApkAssets object '<empty> and /data/app/~~IUuKkJYQx34yWr5YjruRbw==/com.netflix.mediaclient-8RjjRWI4-9lFU9EZx3demA==/split_partnermodule.apk' with 1 weak references
10-12 08:03:49.417  1355  1368 W system_server: ApkAssets: Deleting an ApkAssets object '<empty> and /data/app/~~IUuKkJYQx34yWr5YjruRbw==/com.netflix.mediaclient-8RjjRWI4-9lFU9EZx3demA==/split_partnermodule.config.en.apk' with 1 weak references
10-12 08:03:49.417  1355  1368 W system_server: ApkAssets: Deleting an ApkAssets object '<empty> and /data/app/~~IUuKkJYQx34yWr5YjruRbw==/com.netflix.mediaclient-8RjjRWI4-9lFU9EZx3demA==/split_partnermodule.config.xxhdpi.apk' with 1 weak references
10-12 08:03:49.417  1355  1368 W system_server: ApkAssets: Deleting an ApkAssets object '<empty> and /data/app/~~IUuKkJYQx34yWr5YjruRbw==/com.netflix.mediaclient-8RjjRWI4-9lFU9EZx3demA==/split_voip.apk' with 1 weak references
10-12 08:03:49.417  1355  1368 W system_server: ApkAssets: Deleting an ApkAssets object '<empty> and /data/app/~~IUuKkJYQx34yWr5YjruRbw==/com.netflix.mediaclient-8RjjRWI4-9lFU9EZx3demA==/split_voip.config.arm64_v8a.apk' with 1 weak references
10-12 08:03:49.417  1355  1368 W system_server: ApkAssets: Deleting an ApkAssets object '<empty> and /data/app/~~IUuKkJYQx34yWr5YjruRbw==/com.netflix.mediaclient-8RjjRWI4-9lFU9EZx3demA==/split_voip.config.xxhdpi.apk' with 1 weak references
10-12 08:03:49.417  1355  1368 W system_server: ApkAssets: Deleting an ApkAssets object '<empty> and /data/app/~~e5Gg_lcE7qaN7c9jj6blJA==/com.samsung.android.app.notes-1N3HgXop12FP1DiT97ojhw==/base.apk' with 1 weak references
10-12 08:03:49.418  1355  1368 W system_server: ApkAssets: Deleting an ApkAssets object '<empty> and /data/app/~~Sz16FB2EJL6JQfnf8zXD1A==/com.samsung.android.app.spage-vhsPyPbIY58Oz9nsosIgsQ==/base.apk' with 1 weak references
10-12 08:03:49.418  1355  1368 W system_server: ApkAssets: Deleting an ApkAssets object '<empty> and /data/app/~~-Z9WD93Kzpavp7kgJO9QiQ==/com.samsung.android.calendar-_bF8o74eVA1w4GAzdnjcWg==/base.apk' with 1 weak references
10-12 08:03:49.418  1355  1368 W system_server: ApkAssets: Deleting an ApkAssets object '<empty> and /data/app/~~ziUV6g-ojB-tMk_aeQvBew==/com.samsung.android.game.gamehome-NGSJ046HeYrkqY843XOifA==/base.apk' with 1 weak references
10-12 08:03:49.419  1355  1368 W system_server: ApkAssets: Deleting an ApkAssets object '<empty> and /system/priv-app/SamsungCamera/SamsungCamera.apk' with 1 weak references
10-12 08:03:49.419  1355  1368 W system_server: ApkAssets: Deleting an ApkAssets object '<empty> and /data/app/~~Xmyp540xyP1OiddjRMYbdQ==/com.samsung.android.oneconnect-MJeuxuHRA9r5FKc1KX1hpA==/base.apk' with 1 weak references
10-12 08:03:49.420  1355  1368 W system_server: ApkAssets: Deleting an ApkAssets object '/data/overlays/current_locale_apks/files/com.sec.android.app.camera.en.apk' with 1 weak references
10-12 08:03:49.420  1355  1368 W system_server: ApkAssets: Deleting an ApkAssets object '<empty> and /data/app/~~k4UmD9y8CDJUO9RdSiQcvQ==/com.samsung.android.tvplus-cMPjJ3xNasbgcY6rQmWl1w==/base.apk' with 1 weak references
10-12 08:03:49.420  1355  1368 W system_server: ApkAssets: Deleting an ApkAssets object '<empty> and /data/app/~~aqDYxJJfAdE-AwR5rPnZmQ==/com.samsung.android.voc-s6ahjB6Q-RFBlJha86A8Xg==/base.apk' with 1 weak references
10-12 08:03:49.421  1355  1368 W system_server: ApkAssets: Deleting an ApkAssets object '<empty> and /data/app/KidsHome/KidsHome.apk' with 1 weak references
10-12 08:03:49.421  1355  1368 W system_server: ApkAssets: Deleting an ApkAssets object '<empty> and /data/app/~~y1bio_BuXjio68OgjNRadA==/com.sec.android.app.sbrowser-r2uEkEr0la6oy5pKtt6joA==/base.apk' with 1 weak references
10-12 08:03:49.421  1355  1368 W system_server: ApkAssets: Deleting an ApkAssets object '<empty> and /data/app/~~Grx4uUUFJ8INBaFlgohOsA==/com.sec.android.app.shealth-lQvBz032aWx1tnVGkGxQ_A==/base.apk' with 1 weak references
10-12 08:03:49.422  1355  1368 W system_server: ApkAssets: Deleting an ApkAssets object '<empty> and /data/app/~~VG4x53j8tO0_Fp8166HtrA==/com.sec.android.app.voicenote-efSNzvw9vZcTln2OutAW9g==/base.apk' with 1 weak references
10-12 08:03:49.422  1355  1368 W System  : A resource failed to call HardwareBuffer.close.
10-12 08:03:49.422 14126 14126 W Finsky  : [2] aggh.b(126): STU: Failed to get storage stats for package 'com.google.android.tzdata5' (1601: Error getting stats: android.content.pm.PackageManager.NameNotFoundException)
10-12 08:03:49.423  1355  1368 W System  : A resource failed to call HardwareBuffer.close.
10-12 08:03:49.423  1355  1368 W System  : A resource failed to call release.
10-12 08:03:49.444 14126 14126 W Finsky  : [2] aggh.b(126): STU: Failed to get storage stats for package 'com.google.android.permission' (1601: Error getting stats: android.content.pm.PackageManager.NameNotFoundException)
10-12 08:03:49.485   844   844 I BufferQueueProducer: [com.medicare.auth.test/androidx.activity.ComponentActivity$_25730#19616](this:0xb4000071afb02ba0,id:-1,api:0,p:-1,c:844) queueBuffer: fps=2.84 dur=1055.88 max=976.75 min=22.11
10-12 08:03:49.550 14126 14126 W Finsky  : [2] aggh.b(126): STU: Failed to get storage stats for package 'com.samsung.android.biometrics.fingerprint' (1601: Error getting stats: android.content.pm.PackageManager.NameNotFoundException)
10-12 08:03:49.574   800  1201 I hwcomposer: [HWC] (0)fire a callback of refresh to SF[4]
10-12 08:03:49.577  1355  1407 I ChimeraSystemEventListener: appLaunchIntent package name is: com.medicare.auth.test
10-12 08:03:49.579  1355  1687 I SemDvfsHyPerManager: acquire hyper - AMS_ACT_START/1355@16, type = -999
10-12 08:03:49.580   812   832 I HYPER-HAL: [RequestManager.cpp]acquire(): Acquired ID : 940522  [1355 / 16]    HINT : AMS_ACT_START    list :
10-12 08:03:49.580   844   909 E BufferQueueDebug: [ActivityRecord{844f5e6 u0 com.medicare.auth.test/androidx.test.core.app.InstrumentationActivityInvoker$EmptyActivity t750}#19622](this:0xb4000071afbe8ba0,id:-1,api:0,p:-1,c:-1) id info cannot be read from 'ActivityRecord{844f5e6 u0 com.medicare.auth.test/androidx.test.core.app.InstrumentationActivityInvoker$EmptyActivity t750}#19622'
10-12 08:03:49.580   844   909 I BufferQueueDebug: [ActivityRecord{844f5e6 u0 com.medicare.auth.test/androidx.test.core.app.InstrumentationActivityInvoker$EmptyActivity t750}#19622](this:0xb4000071afbe8ba0,id:-1,api:0,p:-1,c:-1) BufferQueue core=(844:/system/bin/surfaceflinger)
10-12 08:03:49.580   812   832 I mtkpower_client: perf_lock_acq, hdl:0, dur:0, num:2, tid:832
10-12 08:03:49.581   844   909 I SurfaceFlinger: id=19622 createSurf, flag=84004, ActivityRecord{844f5e6 u0 com.medicare.auth.test/androidx.test.core.app.InstrumentationActivityInvoker$EmptyActivity t750}#19622
10-12 08:03:49.582   816   880 I libPowerHal: [perfLockAcq] idx:0 hdl:37195 hint:-1 pid:812 tid:832 duration:0 lock_user:vendor.samsung. => ret_hdl:37195
10-12 08:03:49.582   812   832 I mtkpower_client: ret_hdl:37195
10-12 08:03:49.582   816   880 I libPowerHal: [setClusterFreq] vendor.samsung. set cpufreq[0] min:1150000 max:-1 cpufreq[1] min:-1 max:-1
10-12 08:03:49.582   812   832 I mtkpower_client: perf_lock_acq, hdl:0, dur:0, num:2, tid:832
10-12 08:03:49.582   816   880 I libPowerHal: [setClusterFreq]  set cpu_ctrl cpufreq: 1150000 -1 -1 -1
10-12 08:03:49.582   816   829 I mtkpower@impl: [setMode] type:5, enabled:1
10-12 08:03:49.583 14126 14126 W Finsky  : [2] aggh.b(126): STU: Failed to get storage stats for package 'com.google.android.media.swcodec' (1601: Error getting stats: android.content.pm.PackageManager.NameNotFoundException)
10-12 08:03:49.584   812   832 I mtkpower_client: ret_hdl:37196
10-12 08:03:49.584   816   880 I libPowerHal: cmdSetting - unknown cmd:1c3c000, scmd:(null) ,param_1:0
10-12 08:03:49.584   816   880 I libPowerHal: [perfLockAcq] idx:1 hdl:37196 hint:-1 pid:812 tid:832 duration:0 lock_user:vendor.samsung. => ret_hdl:37196
10-12 08:03:49.584   812   832 I mtkpower_client: perf_lock_acq, hdl:0, dur:0, num:2, tid:832
10-12 08:03:49.585  3158  3158 E pageboostd: Received HALT command code 2
10-12 08:03:49.586   812   832 I mtkpower_client: ret_hdl:37197
10-12 08:03:49.586   816   880 I libPowerHal: [perfLockAcq] idx:2 hdl:37197 hint:-1 pid:812 tid:832 duration:0 lock_user:vendor.samsung. => ret_hdl:37197
10-12 08:03:49.586   816   880 I libPowerHal: [setDvfsrcDevFreqOpp] opp:1, freq:3200000000
10-12 08:03:49.587   816   880 I libPowerHal: [PE] vendor.samsung. update cmd:1000000 param:1
10-12 08:03:49.592 25730 25730 D LifecycleMonitor: Lifecycle status change: androidx.activity.ComponentActivity@d143f49 in: PAUSED
10-12 08:03:49.594 25730 25730 V ActivityScenario: Update currentActivityStage to PAUSED, currentActivity=androidx.activity.ComponentActivity@d143f49
10-12 08:03:49.597   844   844 D SurfaceFlinger: GPIS:: requestGPISForClientComposition
10-12 08:03:49.601  1355  3849 D InputDispatcher: Focused application(0): ActivityRecord{844f5e6 u0 com.medicare.auth.test/androidx.test.core.app.InstrumentationActivityInvoker$EmptyActivity t750}
10-12 08:03:49.610  1355  1408 D SurfaceComposerClient: Transaction::apply InputWindowCommands.focusRequests timestamp=2122414567489808, windowName=<null>
10-12 08:03:49.617 25730 25730 D LifecycleMonitor: Lifecycle status change: androidx.test.core.app.InstrumentationActivityInvoker$EmptyActivity@d732488 in: PRE_ON_CREATE
10-12 08:03:49.617   844   844 I SurfaceFlinger: [9d84813 com.medicare.auth.test/androidx.activity.ComponentActivity#19613] FrameRatePriority: -1
10-12 08:03:49.617   844   844 D SurfaceFlinger: Focus addInputWindowCommands timestamp=2122414567489808, windowName=<null>
10-12 08:03:49.618 25730 25730 V ActivityScenario: Activity lifecycle changed event received but ignored because the intent does not match. startActivityIntent=Intent { act=android.intent.action.MAIN cat=[android.intent.category.LAUNCHER] flg=0x10008000 cmp=com.medicare.auth.test/androidx.activity.ComponentActivity }, activity.getIntent()=Intent { act=android.intent.action.MAIN cat=[android.intent.category.LAUNCHER] flg=0x10000000 cmp=com.medicare.auth.test/androidx.test.core.app.InstrumentationActivityInvoker$EmptyActivity }, activity=androidx.test.core.app.InstrumentationActivityInvoker$EmptyActivity@d732488
10-12 08:03:49.618   844   844 I BpBinder: onLastStrongRef automatically unlinking death recipients:
10-12 08:03:49.618   844   844 D SurfaceFlinger: Find Focus windowName=<null>, notVisible=1
10-12 08:03:49.618   844   844 D Layer   : Focus: TransientLaunchOverlayToken{2a17dff token=android.os.BinderProxy@41e711e}#17791 isHiddenByPolicy s.flags&layer_state_t::eLayerHidden=1
10-12 08:03:49.618   844   844 D Layer   : Focus: isHiddenByPolicy parent TransientLaunchOverlayToken{2a17dff token=android.os.BinderProxy@41e711e}#17791 is hidden cause not visible
10-12 08:03:49.618   844   844 D SurfaceFlinger: Focus inVisible Reason:isVisibleForInput(){hasInputInfo()?canReceiveInput():isVisible()}=0 has=1 can{!isHiddenByPolicy()&&(mBuffer==nullptr||getAlpha()>0.0f)}=0 Hidden=1 Buf=0 getA=1
10-12 08:03:49.618   844   844 D SurfaceFlinger: Find Focus windowName=<null>, notVisible=1
10-12 08:03:49.618   844   844 D Layer   : Focus: Task=732#18679 isHiddenByPolicy s.flags&layer_state_t::eLayerHidden=1
10-12 08:03:49.619   844   844 D Layer   : Focus: isHiddenByPolicy parent Task=732#18679 is hidden cause not visible
10-12 08:03:49.619   844   844 D SurfaceFlinger: Focus inVisible Reason:isVisibleForInput(){hasInputInfo()?canReceiveInput():isVisible()}=0 has=1 can{!isHiddenByPolicy()&&(mBuffer==nullptr||getAlpha()>0.0f)}=0 Hidden=1 Buf=1 getA=1
10-12 08:03:49.619   844   844 D SurfaceFlinger: Find Focus windowName=<null>, notVisible=1
10-12 08:03:49.619   844   844 D Layer   : Focus: Task=705#17607 isHiddenByPolicy s.flags&layer_state_t::eLayerHidden=1
10-12 08:03:49.619   844   844 D Layer   : Focus: isHiddenByPolicy parent Task=705#17607 is hidden cause not visible
10-12 08:03:49.619   844   844 D SurfaceFlinger: Focus inVisible Reason:isVisibleForInput(){hasInputInfo()?canReceiveInput():isVisible()}=0 has=1 can{!isHiddenByPolicy()&&(mBuffer==nullptr||getAlpha()>0.0f)}=0 Hidden=1 Buf=1 getA=1
10-12 08:03:49.619   844   844 D SurfaceFlinger: Find Focus windowName=<null>, notVisible=1
10-12 08:03:49.619   844   844 D Layer   : Focus: Task=546#6469 isHiddenByPolicy s.flags&layer_state_t::eLayerHidden=1
10-12 08:03:49.619   844   844 D Layer   : Focus: isHiddenByPolicy parent Task=546#6469 is hidden cause not visible
10-12 08:03:49.619   844   844 D SurfaceFlinger: Focus inVisible Reason:isVisibleForInput(){hasInputInfo()?canReceiveInput():isVisible()}=0 has=1 can{!isHiddenByPolicy()&&(mBuffer==nullptr||getAlpha()>0.0f)}=0 Hidden=1 Buf=1 getA=1
10-12 08:03:49.619   844   844 D SurfaceFlinger: Find Focus windowName=<null>, notVisible=1
10-12 08:03:49.619   844   844 D Layer   : Focus: Task=466#632 isHiddenByPolicy s.flags&layer_state_t::eLayerHidden=1
10-12 08:03:49.619   844   844 D Layer   : Focus: isHiddenByPolicy parent Task=466#632 is hidden cause not visible
10-12 08:03:49.619   844   844 D SurfaceFlinger: Focus inVisible Reason:isVisibleForInput(){hasInputInfo()?canReceiveInput():isVisible()}=0 has=1 can{!isHiddenByPolicy()&&(mBuffer==nullptr||getAlpha()>0.0f)}=0 Hidden=1 Buf=1 getA=1
10-12 08:03:49.619   844   844 D SurfaceFlinger: Find Focus windowName=<null>, notVisible=1
10-12 08:03:49.619   844   844 D Layer   : Focus: Task=466#632 isHiddenByPolicy s.flags&layer_state_t::eLayerHidden=1
10-12 08:03:49.619   844   844 D Layer   : Focus: isHiddenByPolicy parent Task=466#632 is hidden cause not visible
10-12 08:03:49.619   844   844 D SurfaceFlinger: Focus inVisible Reason:isVisibleForInput(){hasInputInfo()?canReceiveInput():isVisible()}=0 has=1 can{!isHiddenByPolicy()&&(mBuffer==nullptr||getAlpha()>0.0f)}=0 Hidden=1 Buf=1 getA=1
10-12 08:03:49.619   844   844 D SurfaceFlinger: Find Focus windowName=<null>, notVisible=1
10-12 08:03:49.619   844   844 D Layer   : Focus: Task=466#632 isHiddenByPolicy s.flags&layer_state_t::eLayerHidden=1
10-12 08:03:49.619   844   844 D Layer   : Focus: isHiddenByPolicy parent Task=466#632 is hidden cause not visible
10-12 08:03:49.619   844   844 D SurfaceFlinger: Focus inVisible Reason:isVisibleForInput(){hasInputInfo()?canReceiveInput():isVisible()}=0 has=1 can{!isHiddenByPolicy()&&(mBuffer==nullptr||getAlpha()>0.0f)}=0 Hidden=1 Buf=1 getA=1
10-12 08:03:49.619   844   844 D SurfaceFlinger: Find Focus windowName=<null>, notVisible=1
10-12 08:03:49.619   844   844 D Layer   : Focus: Task=507#4178 isHiddenByPolicy s.flags&layer_state_t::eLayerHidden=1
10-12 08:03:49.619   844   844 D Layer   : Focus: isHiddenByPolicy parent Task=507#4178 is hidden cause not visible
10-12 08:03:49.619   844   844 D SurfaceFlinger: Focus inVisible Reason:isVisibleForInput(){hasInputInfo()?canReceiveInput():isVisible()}=0 has=1 can{!isHiddenByPolicy()&&(mBuffer==nullptr||getAlpha()>0.0f)}=0 Hidden=1 Buf=1 getA=1
10-12 08:03:49.619   844   844 D SurfaceFlinger: Find Focus windowName=<null>, notVisible=1
10-12 08:03:49.619   844   844 D Layer   : Focus: Task=476#1905 isHiddenByPolicy s.flags&layer_state_t::eLayerHidden=1
10-12 08:03:49.619   844   844 D Layer   : Focus: isHiddenByPolicy parent Task=476#1905 is hidden cause not visible
10-12 08:03:49.619   844   844 D SurfaceFlinger: Focus inVisible Reason:isVisibleForInput(){hasInputInfo()?canReceiveInput():isVisible()}=0 has=1 can{!isHiddenByPolicy()&&(mBuffer==nullptr||getAlpha()>0.0f)}=0 Hidden=1 Buf=1 getA=1
10-12 08:03:49.619   844   844 D SurfaceFlinger: Find Focus windowName=<null>, notVisible=1
10-12 08:03:49.619   844   844 D Layer   : Focus: Task=460#120 isHiddenByPolicy s.flags&layer_state_t::eLayerHidden=1
10-12 08:03:49.619   844   844 D Layer   : Focus: isHiddenByPolicy parent Task=460#120 is hidden cause not visible
10-12 08:03:49.619   844   844 D SurfaceFlinger: Focus inVisible Reason:isVisibleForInput(){hasInputInfo()?canReceiveInput():isVisible()}=0 has=1 can{!isHiddenByPolicy()&&(mBuffer==nullptr||getAlpha()>0.0f)}=0 Hidden=1 Buf=1 getA=1
10-12 08:03:49.619   844   844 D SurfaceFlinger: Find Focus windowName=<null>, notVisible=1
10-12 08:03:49.619   844   844 D Layer   : Focus: Task=1#52 isHiddenByPolicy s.flags&layer_state_t::eLayerHidden=1
10-12 08:03:49.619   844   844 D Layer   : Focus: isHiddenByPolicy parent Task=1#52 is hidden cause not visible
10-12 08:03:49.619   844   844 D SurfaceFlinger: Focus inVisible Reason:isVisibleForInput(){hasInputInfo()?canReceiveInput():isVisible()}=0 has=1 can{!isHiddenByPolicy()&&(mBuffer==nullptr||getAlpha()>0.0f)}=0 Hidden=1 Buf=1 getA=1
10-12 08:03:49.619   844   844 D SurfaceFlinger: Find Focus windowName=<null>, notVisible=1
10-12 08:03:49.619   844   844 D Layer   : Focus: com.android.systemui.wallpapers.ImageWallpaper_system$_2303#87 isHiddenByPolicy s.flags&layer_state_t::eLayerHidden=1
10-12 08:03:49.619   844   844 D Layer   : Focus: isHiddenByPolicy parent com.android.systemui.wallpapers.ImageWallpaper_system$_2303#87 is hidden cause not visible
10-12 08:03:49.619   844   844 D SurfaceFlinger: Focus inVisible Reason:isVisibleForInput(){hasInputInfo()?canReceiveInput():isVisible()}=0 has=1 can{!isHiddenByPolicy()&&(mBuffer==nullptr||getAlpha()>0.0f)}=0 Hidden=1 Buf=0 getA=1
10-12 08:03:49.620   844  1242 D SurfaceFlinger: updateWinowInfo=1, setFocusedWindow timestamp=2122414567489808, windowName=<null>
10-12 08:03:49.620  1355  2216 D InputDispatcher: Focus request (0): <null> but waiting because NO_WINDOW
10-12 08:03:49.620  1355  2216 D InputDispatcher: Focus left window (0): 9d84813 com.medicare.auth.test/androidx.activity.ComponentActivity
10-12 08:03:49.636 25730 25730 I DecorView: setWindowBackground: isPopOver=false color=ffffffff d=android.graphics.drawable.ColorDrawable@567dcd2
10-12 08:03:49.638 25730 25730 D LifecycleMonitor: Lifecycle status change: androidx.test.core.app.InstrumentationActivityInvoker$EmptyActivity@d732488 in: CREATED
10-12 08:03:49.638 25730 25730 V ActivityScenario: Activity lifecycle changed event received but ignored because the intent does not match. startActivityIntent=Intent { act=android.intent.action.MAIN cat=[android.intent.category.LAUNCHER] flg=0x10008000 cmp=com.medicare.auth.test/androidx.activity.ComponentActivity }, activity.getIntent()=Intent { act=android.intent.action.MAIN cat=[android.intent.category.LAUNCHER] flg=0x10000000 cmp=com.medicare.auth.test/androidx.test.core.app.InstrumentationActivityInvoker$EmptyActivity }, activity=androidx.test.core.app.InstrumentationActivityInvoker$EmptyActivity@d732488
10-12 08:03:49.640 25730 25730 D LifecycleMonitor: Lifecycle status change: androidx.test.core.app.InstrumentationActivityInvoker$EmptyActivity@d732488 in: STARTED
10-12 08:03:49.641 25730 25730 V ActivityScenario: Activity lifecycle changed event received but ignored because the intent does not match. startActivityIntent=Intent { act=android.intent.action.MAIN cat=[android.intent.category.LAUNCHER] flg=0x10008000 cmp=com.medicare.auth.test/androidx.activity.ComponentActivity }, activity.getIntent()=Intent { act=android.intent.action.MAIN cat=[android.intent.category.LAUNCHER] flg=0x10000000 cmp=com.medicare.auth.test/androidx.test.core.app.InstrumentationActivityInvoker$EmptyActivity }, activity=androidx.test.core.app.InstrumentationActivityInvoker$EmptyActivity@d732488
10-12 08:03:49.643 25730 25730 D LifecycleMonitor: Lifecycle status change: androidx.test.core.app.InstrumentationActivityInvoker$EmptyActivity@d732488 in: RESUMED
10-12 08:03:49.643 25730 25730 V ActivityScenario: Activity lifecycle changed event received but ignored because the intent does not match. startActivityIntent=Intent { act=android.intent.action.MAIN cat=[android.intent.category.LAUNCHER] flg=0x10008000 cmp=com.medicare.auth.test/androidx.activity.ComponentActivity }, activity.getIntent()=Intent { act=android.intent.action.MAIN cat=[android.intent.category.LAUNCHER] flg=0x10000000 cmp=com.medicare.auth.test/androidx.test.core.app.InstrumentationActivityInvoker$EmptyActivity }, activity=androidx.test.core.app.InstrumentationActivityInvoker$EmptyActivity@d732488
10-12 08:03:49.645   844  1196 D SurfaceFlinger: [SF client] NEW(0xb4000071e20a8780) for (25730:com.medicare.auth.test)
10-12 08:03:49.647 25730 25760 D NativeCustomFrequencyManager: [NativeCFMS] BpCustomFrequencyManager::BpCustomFrequencyManager()
10-12 08:03:49.649  1355  1687 D InputTransport: Input channel constructed: 'ad1fbe8', fd=678
10-12 08:03:49.649  1355  1687 D InputTransport: Input channel constructed: 'ad1fbe8', fd=922
10-12 08:03:49.649  1355  1687 D InputTransport: Input channel constructed: 'ad1fbe8', fd=931
10-12 08:03:49.650   844  1196 E BufferQueueDebug: [ad1fbe8 com.medicare.auth.test/androidx.test.core.app.InstrumentationActivityInvoker$EmptyActivity#19623](this:0xb4000071ad092ba0,id:-1,api:0,p:-1,c:-1) id info cannot be read from 'ad1fbe8 com.medicare.auth.test/androidx.test.core.app.InstrumentationActivityInvoker$EmptyActivity#19623'
10-12 08:03:49.650   844  1196 I BufferQueueDebug: [ad1fbe8 com.medicare.auth.test/androidx.test.core.app.InstrumentationActivityInvoker$EmptyActivity#19623](this:0xb4000071ad092ba0,id:-1,api:0,p:-1,c:-1) BufferQueue core=(844:/system/bin/surfaceflinger)
10-12 08:03:49.650   844  1196 I SurfaceFlinger: id=19623 createSurf, flag=84004, ad1fbe8 com.medicare.auth.test/androidx.test.core.app.InstrumentationActivityInvoker$EmptyActivity#19623
10-12 08:03:49.651  1355  1687 D InputTransport: Input channel destroyed: 'ad1fbe8', fd=931
10-12 08:03:49.654 25730 25730 I InsetsController: onStateChanged: host=com.medicare.auth.test/androidx.test.core.app.InstrumentationActivityInvoker$EmptyActivity, from=android.view.ViewRootImpl.setView:1753, state=InsetsState: {mDisplayFrame=Rect(0, 0 - 1080, 2340), mDisplayCutout=DisplayCutout{insets=Rect(0, 80 - 0, 0) waterfall=Insets{left=0, top=0, right=0, bottom=0} boundingRect={Bounds=[Rect(0, 0 - 0, 0), Rect(472, 0 - 608, 80), Rect(0, 0 - 0, 0), Rect(0, 0 - 0, 0)]} cutoutPathParserInfo={CutoutPathParserInfo{displayWidth=1080 displayHeight=2340 physicalDisplayWidth=1080 physicalDisplayHeight=2340 density={2.8125} cutoutSpec={M 0,0 H -24.177777778 V 28.4444444444 H 24.177777778 V 0 H 0 Z @dp} rotation={0} scale={1.0} physicalPixelDisplaySizeRatio={1.0}}}}, mRoundedCorners=RoundedCorners{[RoundedCorner{position=TopLeft, radius=0, center=Point(0, 0)}, RoundedCorner{position=TopRight, radius=0, center=Point(0, 0)}, RoundedCorner{position=BottomRight, radius=0, center=Point(0, 0)}, RoundedCorner{position=BottomLeft, radius=0, center=Point(0, 0)}]}  mRoundedCornerFrame=Rect(0, 0 - 1080, 2340), mPrivacyIndicatorBounds=PrivacyIndicatorBounds {static bounds=Rect(956, 0 - 1080, 80) rotation=0}, mDisplayShape=DisplayShape{ spec=-311912193 displayWidth=1080 displayHeight=2340 physicalPixelDisplaySizeRatio=1.0 rotation=0 offsetX=0 offsetY=0 scale=1.0}, mSources= { InsetsSource: {27 mType=displayCutout mFrame=[0,0][1080,80] mVisible=true mFlags=[]}, InsetsSource: {67fe0000 mType=statusBars mFrame=[0,0][1080,80] mVisible=true mFlags=[]}, InsetsSource: {67fe0005 mType=mandatorySystemGestures mFrame=[0,0][1080,114] mVisible=true mFlags=[]}, InsetsSource: {67fe0006 mType=tappableElement mFrame=[0,0][1080,80] mVisible=true mFlags=[]}, InsetsSource: {789d0001 mType=navigationBars mFrame=[0,2205][1080,2340] mVisible=true mFlags=[]}, InsetsSource: {789d0004 mType=systemGestures mFrame=[0,0][0,0] mVisible=true mFlags=[]}, InsetsSource: {789d0005 mType=mandatorySystemGestures mFrame=[0,2205][1080,2340] mVisible=true mFlags=[]}, InsetsSource: {789d0006 mType=tappableElement mFrame=[0,2205][1080,2340] mVisible=true mFlags=[]}, InsetsSource: {789d0024 mType=systemGestures mFrame=[0,0][0,0] mVisible=true mFlags=[]} }
10-12 08:03:49.655 25730 25730 I ViewRootImpl@2278059[InstrumentationActivityInvoker$EmptyActivity]: synced displayState. AttachInfo displayState=2
10-12 08:03:49.655 25730 25730 I ViewRootImpl@2278059[InstrumentationActivityInvoker$EmptyActivity]: setView = com.android.internal.policy.DecorView@aa842cc TM=true
10-12 08:03:49.656 14126 14126 W Finsky  : [2] aggh.b(126): STU: Failed to get storage stats for package 'com.google.android.adbd' (1601: Error getting stats: android.content.pm.PackageManager.NameNotFoundException)
10-12 08:03:49.656 25730 25760 D OpenGLRenderer: HWUI - treat SMPTE_170M as sRGB
10-12 08:03:49.662  1355  1687 V WindowManager: Relayout Window{ad1fbe8 u0 com.medicare.auth.test/androidx.test.core.app.InstrumentationActivityInvoker$EmptyActivity}: viewVisibility=0 req=1080x2340 ty=1 d0
10-12 08:03:49.663   844  1196 E BufferQueueDebug: [com.medicare.auth.test/androidx.test.core.app.InstrumentationActivityInvoker$EmptyActivity$_25730#19624](this:0xb4000071ad095ba0,id:-1,api:0,p:-1,c:-1) id info cannot be read from 'com.medicare.auth.test/androidx.test.core.app.InstrumentationActivityInvoker$EmptyActivity$_25730#19624'
10-12 08:03:49.663   844  1196 I BufferQueueDebug: [com.medicare.auth.test/androidx.test.core.app.InstrumentationActivityInvoker$EmptyActivity$_25730#19624](this:0xb4000071ad095ba0,id:-1,api:0,p:-1,c:-1) BufferQueue core=(844:/system/bin/surfaceflinger)
10-12 08:03:49.663   844  1196 I SurfaceFlinger: id=19624 createSurf, flag=44004, com.medicare.auth.test/androidx.test.core.app.InstrumentationActivityInvoker$EmptyActivity$_25730#19624
10-12 08:03:49.665 14126 14126 W Finsky  : [2] aggh.b(126): STU: Failed to get storage stats for package 'com.android.i18n' (1601: Error getting stats: android.content.pm.PackageManager.NameNotFoundException)
10-12 08:03:49.668   844  1196 E BufferQueueDebug: [Surface(name=159e018 NavigationBar0)/@0x9e6ef60 - animation-leash of insets_animation#19625](this:0xb4000071ad098ba0,id:-1,api:0,p:-1,c:-1) id info cannot be read from 'Surface(name=159e018 NavigationBar0)/@0x9e6ef60 - animation-leash of insets_animation#19625'
10-12 08:03:49.669   844  1196 I BufferQueueDebug: [Surface(name=159e018 NavigationBar0)/@0x9e6ef60 - animation-leash of insets_animation#19625](this:0xb4000071ad098ba0,id:-1,api:0,p:-1,c:-1) BufferQueue core=(844:/system/bin/surfaceflinger)
10-12 08:03:49.669   844  1196 I SurfaceFlinger: id=19625 createSurf, flag=24000, Surface(name=159e018 NavigationBar0)/@0x9e6ef60 - animation-leash of insets_animation#19625
10-12 08:03:49.671   844  1196 E BufferQueueDebug: [Surface(name=ebd9d0 StatusBar)/@0x6b5583d - animation-leash of insets_animation#19626](this:0xb4000071ad09bba0,id:-1,api:0,p:-1,c:-1) id info cannot be read from 'Surface(name=ebd9d0 StatusBar)/@0x6b5583d - animation-leash of insets_animation#19626'
10-12 08:03:49.671 14126 14126 W Finsky  : [2] aggh.b(126): STU: Failed to get storage stats for package 'com.samsung.android.spqr' (1601: Error getting stats: android.content.pm.PackageManager.NameNotFoundException)
10-12 08:03:49.671   844  1196 I BufferQueueDebug: [Surface(name=ebd9d0 StatusBar)/@0x6b5583d - animation-leash of insets_animation#19626](this:0xb4000071ad09bba0,id:-1,api:0,p:-1,c:-1) BufferQueue core=(844:/system/bin/surfaceflinger)
10-12 08:03:49.671   844  1196 I SurfaceFlinger: id=19626 createSurf, flag=24000, Surface(name=ebd9d0 StatusBar)/@0x6b5583d - animation-leash of insets_animation#19626
10-12 08:03:49.672 14126 14126 W Finsky  : [2] aggh.b(126): STU: Failed to get storage stats for package 'com.google.android.conscrypt' (1601: Error getting stats: android.content.pm.PackageManager.NameNotFoundException)
10-12 08:03:49.673  1355  1687 V WindowManager: Relayout hash=ad1fbe8, pid=25730, syncId=-1: mAttrs={(0,0)(fillxfill) sim={adjust=pan forwardNavigation} ty=BASE_APPLICATION
10-12 08:03:49.673  1355  1687 V WindowManager:   fl=81810100
10-12 08:03:49.673  1355  1687 V WindowManager:   pfl=12008040
10-12 08:03:49.673  1355  1687 V WindowManager:   apr=LIGHT_NAVIGATION_BARS
10-12 08:03:49.673  1355  1687 V WindowManager:   bhv=DEFAULT
10-12 08:03:49.673  1355  1687 V WindowManager:   fitSides= naviIconColor=0
10-12 08:03:49.673  1355  1687 V WindowManager:   sfl=100000}
10-12 08:03:49.677 25730 25730 I InsetsController: onStateChanged: host=com.medicare.auth.test/androidx.test.core.app.InstrumentationActivityInvoker$EmptyActivity, from=android.view.ViewRootImpl.relayoutWindow:10072, state=InsetsState: {mDisplayFrame=Rect(0, 0 - 1080, 2340), mDisplayCutout=DisplayCutout{insets=Rect(0, 80 - 0, 0) waterfall=Insets{left=0, top=0, right=0, bottom=0} boundingRect={Bounds=[Rect(0, 0 - 0, 0), Rect(472, 0 - 608, 80), Rect(0, 0 - 0, 0), Rect(0, 0 - 0, 0)]} cutoutPathParserInfo={CutoutPathParserInfo{displayWidth=1080 displayHeight=2340 physicalDisplayWidth=1080 physicalDisplayHeight=2340 density={2.8125} cutoutSpec={M 0,0 H -24.177777778 V 28.4444444444 H 24.177777778 V 0 H 0 Z @dp} rotation={0} scale={1.0} physicalPixelDisplaySizeRatio={1.0}}}}, mRoundedCorners=RoundedCorners{[RoundedCorner{position=TopLeft, radius=0, center=Point(0, 0)}, RoundedCorner{position=TopRight, radius=0, center=Point(0, 0)}, RoundedCorner{position=BottomRight, radius=0, center=Point(0, 0)}, RoundedCorner{position=BottomLeft, radius=0, center=Point(0, 0)}]}  mRoundedCornerFrame=Rect(0, 0 - 1080, 2340), mPrivacyIndicatorBounds=PrivacyIndicatorBounds {static bounds=Rect(956, 0 - 1080, 80) rotation=0}, mDisplayShape=DisplayShape{ spec=-311912193 displayWidth=1080 displayHeight=2340 physicalPixelDisplaySizeRatio=1.0 rotation=0 offsetX=0 offsetY=0 scale=1.0}, mSources= { InsetsSource: {3 mType=ime mFrame=[0,0][0,0] mVisible=false mFlags=[]}, InsetsSource: {27 mType=displayCutout mFrame=[0,0][1080,80] mVisible=true mFlags=[]}, InsetsSource: {67fe0000 mType=statusBars mFrame=[0,0][1080,80] mVisible=true mFlags=[]}, InsetsSource: {67fe0005 mType=mandatorySystemGestures mFrame=[0,0][1080,114] mVisible=true mFlags=[]}, InsetsSource: {67fe0006 mType=tappableElement mFrame=[0,0][1080,80] mVisible=true mFlags=[]}, InsetsSource: {789d0001 mType=navigationBars mFrame=[0,2205][1080,2340] mVisible=true mFlags=[]}, InsetsSource: {789d0004 mType=systemGestures mFrame=[0,0][0,0] mVisible=true mFlags=[]}, InsetsSource: {789d0005 mType=mandatorySystemGestures mFrame=[0,2205][1080,2340] mVisible=true mFlags=[]}, InsetsSource: {789d0006 mType=tappableElement mFrame=[0,2205][1080,2340] mVisible=true mFlags=[]}, InsetsSource: {789d0024 mType=systemGestures mFrame=[0,0][0,0] mVisible=true mFlags=[]} }
10-12 08:03:49.678 25730 25730 D BufferQueueConsumer: [](id:648200000001,api:0,p:-1,c:25730) connect: controlledByApp=false
10-12 08:03:49.679 25730 25730 I BLASTBufferQueue_Java: new BLASTBufferQueue, mName= ViewRootImpl@2278059[InstrumentationActivityInvoker$EmptyActivity] mNativeObject= 0x7e44732380 sc.mNativeObject= 0x7de0576740 caller= android.view.ViewRootImpl.updateBlastSurfaceIfNeeded:3028 android.view.ViewRootImpl.relayoutWindow:10131 android.view.ViewRootImpl.performTraversals:4110 android.view.ViewRootImpl.doTraversal:3288 android.view.ViewRootImpl$TraversalRunnable.run:11344 android.view.Choreographer$CallbackRecord.run:1689 android.view.Choreographer$CallbackRecord.run:1698 android.view.Choreographer.doCallbacks:1153 android.view.Choreographer.doFrame:1079 android.view.Choreographer$FrameDisplayEventReceiver.run:1646
10-12 08:03:49.679 25730 25730 I BLASTBufferQueue_Java: update, w= 1080 h= 2340 mName = ViewRootImpl@2278059[InstrumentationActivityInvoker$EmptyActivity] mNativeObject= 0x7e44732380 sc.mNativeObject= 0x7de0576740 format= -1 caller= android.graphics.BLASTBufferQueue.<init>:89 android.view.ViewRootImpl.updateBlastSurfaceIfNeeded:3028 android.view.ViewRootImpl.relayoutWindow:10131 android.view.ViewRootImpl.performTraversals:4110 android.view.ViewRootImpl.doTraversal:3288 android.view.ViewRootImpl$TraversalRunnable.run:11344
10-12 08:03:49.680 25730 25730 I ViewRootImpl@2278059[InstrumentationActivityInvoker$EmptyActivity]: Relayout returned: old=(0,0,1080,2340) new=(0,0,1080,2340) relayoutAsync=false req=(1080,2340)0 dur=17 res=0x403 s={true 0x7de0656800} ch=true seqId=0
10-12 08:03:49.681 25730 25730 I ViewRootImpl@2278059[InstrumentationActivityInvoker$EmptyActivity]: performConfigurationChange setNightDimText nightDimLevel=0
10-12 08:03:49.681 25730 25730 D ViewRootImpl@2278059[InstrumentationActivityInvoker$EmptyActivity]: mThreadedRenderer.initialize() mSurface={isValid=true 0x7de0656800} hwInitialized=true
10-12 08:03:49.683 25730 25730 D ViewRootImpl@2278059[InstrumentationActivityInvoker$EmptyActivity]: reportNextDraw android.view.ViewRootImpl.performTraversals:4718 android.view.ViewRootImpl.doTraversal:3288 android.view.ViewRootImpl$TraversalRunnable.run:11344 android.view.Choreographer$CallbackRecord.run:1689 android.view.Choreographer$CallbackRecord.run:1698
10-12 08:03:49.683 25730 25730 I ViewRootImpl@2278059[InstrumentationActivityInvoker$EmptyActivity]: Setup new sync=wmsSync-ViewRootImpl@2278059[InstrumentationActivityInvoker$EmptyActivity]#2
10-12 08:03:49.683 25730 25730 I ViewRootImpl@2278059[InstrumentationActivityInvoker$EmptyActivity]: Creating new active sync group ViewRootImpl@2278059[InstrumentationActivityInvoker$EmptyActivity]#3
10-12 08:03:49.684   844   844 I Layer   : id=19620 removeFromCurrentState Surface(name=159e018 NavigationBar0)/@0x9e6ef60 - animation-leash of insets_animation#19620 (146)
10-12 08:03:49.684   844   844 I Layer   : id=19618 removeFromCurrentState Surface(name=ebd9d0 StatusBar)/@0x6b5583d - animation-leash of insets_animation#19618 (146)
10-12 08:03:49.684   844   844 I SurfaceFlinger: [ad1fbe8 com.medicare.auth.test/androidx.test.core.app.InstrumentationActivityInvoker$EmptyActivity#19623] FrameRatePriority: 1
10-12 08:03:49.684 25730 25730 I ViewRootImpl@2278059[InstrumentationActivityInvoker$EmptyActivity]: registerCallbacksForSync syncBuffer=false
10-12 08:03:49.685  1355  1408 D SurfaceComposerClient: Transaction::apply InputWindowCommands.focusRequests timestamp=2122414634526347, windowName=ad1fbe8 com.medicare.auth.test/androidx.test.core.app.InstrumentationActivityInvoker$EmptyActivity
10-12 08:03:49.686 25730 25784 I ViewRootImpl@2278059[InstrumentationActivityInvoker$EmptyActivity]: Received frameDrawingCallback syncResult=0 frameNum=1.
10-12 08:03:49.687 25730 25784 I ViewRootImpl@2278059[InstrumentationActivityInvoker$EmptyActivity]: mWNT: t=0x7e44710e80 mBlastBufferQueue=0x7e44732380 fn= 1 mRenderHdrSdrRatio=1.0 caller= android.view.ViewRootImpl$8.onFrameDraw:13841 android.view.ThreadedRenderer$1.onFrameDraw:792 <bottom of call stack>
10-12 08:03:49.687 25730 25784 I ViewRootImpl@2278059[InstrumentationActivityInvoker$EmptyActivity]: Setting up sync and frameCommitCallback
10-12 08:03:49.692 25730 25760 D BLASTBufferQueue: [ViewRootImpl@2278059[InstrumentationActivityInvoker$EmptyActivity]#1](f:0,a:0) onFrameAvailable the first frame is available
10-12 08:03:49.692   812 25757 I HYPER-HAL: [RequestManager.cpp]releaseLocked(): Released ID : 6271125
10-12 08:03:49.692 25730 25760 D BLASTBufferQueue: [ViewRootImpl@2278059[InstrumentationActivityInvoker$EmptyActivity]#1](f:0,a:1) acquireNextBufferLocked size=1080x2340 mFrameNumber=1 applyTransaction=true mTimestamp=2122414650383270(auto) mPendingTransactions.size=0 graphicBufferId=110509508526087 transform=0
10-12 08:03:49.693 25730 25760 I ViewRootImpl@2278059[InstrumentationActivityInvoker$EmptyActivity]: Received frameCommittedCallback lastAttemptedDrawFrameNum=1 didProduceBuffer=true
10-12 08:03:49.695   844   844 D SurfaceFlinger: Focus addInputWindowCommands timestamp=2122414634526347, windowName=ad1fbe8 com.medicare.auth.test/androidx.test.core.app.InstrumentationActivityInvoker$EmptyActivity
10-12 08:03:49.696   844   844 D SurfaceFlinger: Find Focus windowName=ad1fbe8 com.medicare.auth.test/androidx.test.core.app.InstrumentationActivityInvoker$EmptyActivity, notVisible=1
10-12 08:03:49.696   844   844 D Layer   : Focus: ActivityRecord{844f5e6 u0 com.medicare.auth.test/androidx.test.core.app.InstrumentationActivityInvoker$EmptyActivity t750}#19622 isHiddenByPolicy s.flags&layer_state_t::eLayerHidden=1
10-12 08:03:49.696   844   844 D Layer   : Focus: isHiddenByPolicy parent ActivityRecord{844f5e6 u0 com.medicare.auth.test/androidx.test.core.app.InstrumentationActivityInvoker$EmptyActivity t750}#19622 is hidden cause not visible
10-12 08:03:49.696   844   844 D SurfaceFlinger: Focus inVisible Reason:isVisibleForInput(){hasInputInfo()?canReceiveInput():isVisible()}=0 has=1 can{!isHiddenByPolicy()&&(mBuffer==nullptr||getAlpha()>0.0f)}=0 Hidden=1 Buf=0 getA=1
10-12 08:03:49.696 25730 25760 D OpenGLRenderer: CFMS:: SetUp Pid : 25730    Tid : 25760
10-12 08:03:49.697 25730 25730 I ViewRootImpl@2278059[InstrumentationActivityInvoker$EmptyActivity]: reportDrawFinished seqId=0
10-12 08:03:49.697   844  1242 D SurfaceFlinger: updateWinowInfo=1, setFocusedWindow timestamp=2122414634526347, windowName=ad1fbe8 com.medicare.auth.test/androidx.test.core.app.InstrumentationActivityInvoker$EmptyActivity
10-12 08:03:49.697 25730 25730 I ViewRootImpl@98d3ef3[ComponentActivity]: handleWindowFocusChanged: 0 0 call from android.view.ViewRootImpl.-$$Nest$mhandleWindowFocusChanged:0
10-12 08:03:49.698 25730 25730 I ImeFocusController: onPreWindowFocus: skipped, hasWindowFocus=false mHasImeFocus=true
10-12 08:03:49.698 25730 25730 I ImeFocusController: onPostWindowFocus: skipped, hasWindowFocus=false mHasImeFocus=true
10-12 08:03:49.699  1355  2216 D InputDispatcher: Focus request (0): ad1fbe8 com.medicare.auth.test/androidx.test.core.app.InstrumentationActivityInvoker$EmptyActivity but waiting because NOT_VISIBLE
10-12 08:03:49.700  1355  1408 I SemDvfsHyPerManager: acquire hyper - AMS_RESUME_TAIL/1355@18, type = -999
10-12 08:03:49.700  1355  1408 I SemDvfsHyPerManager: acquire hyper - AMS_ACT_LAZY/1355@19, type = -999
10-12 08:03:49.700   812   832 I HYPER-HAL: [RequestManager.cpp]acquire(): Acquired ID : 943269  [1355 / 18]    HINT : AMS_RESUME_TAIL    list :
10-12 08:03:49.700   812   832 I mtkpower_client: perf_lock_rel, hdl:37195, tid:832
10-12 08:03:49.700   812   832 I mtkpower_client: perf_lock_acq, hdl:0, dur:0, num:2, tid:832
10-12 08:03:49.701   844  1196 E BufferQueueDebug: [Transition Root: ActivityRecord{844f5e6 u0 com.medicare.auth.test/androidx.test.core.app.InstrumentationActivityInvoker$EmptyActivity t750}#19627](this:0xb4000071ad09eba0,id:-1,api:0,p:-1,c:-1) id info cannot be read from 'Transition Root: ActivityRecord{844f5e6 u0 com.medicare.auth.test/androidx.test.core.app.InstrumentationActivityInvoker$EmptyActivity t750}#19627'
10-12 08:03:49.701   844  1196 I BufferQueueDebug: [Transition Root: ActivityRecord{844f5e6 u0 com.medicare.auth.test/androidx.test.core.app.InstrumentationActivityInvoker$EmptyActivity t750}#19627](this:0xb4000071ad09eba0,id:-1,api:0,p:-1,c:-1) BufferQueue core=(844:/system/bin/surfaceflinger)
10-12 08:03:49.701   816   880 I libPowerHal: [perfLockRel] hdl:37195, idx:0
10-12 08:03:49.701   844  1196 I SurfaceFlinger: id=19627 createSurf, flag=84004, Transition Root: ActivityRecord{844f5e6 u0 com.medicare.auth.test/androidx.test.core.app.InstrumentationActivityInvoker$EmptyActivity t750}#19627
10-12 08:03:49.701   816   880 I libPowerHal: [setClusterFreq]  set cpu_ctrl cpufreq: -1 -1 -1 -1
10-12 08:03:49.702   812   832 I mtkpower_client: ret_hdl:37198
10-12 08:03:49.702   812   832 I mtkpower_client: perf_lock_rel, hdl:37196, tid:832
