10-12 08:03:48.460   816   880 I libPowerHal: cmdSetting - unknown cmd:1c3c000, scmd:(null) ,param_1:0
10-12 08:03:48.460   816   880 I libPowerHal: [perfLockAcq] idx:0 hdl:37186 hint:-1 pid:812 tid:832 duration:0 lock_user:vendor.samsung. => ret_hdl:37186
10-12 08:03:48.460  1355  3849 V WindowManager: Relayout Window{159e018 u0 NavigationBar0}: viewVisibility=0 req=1080x135 ty=2019 d0
10-12 08:03:48.461 10994 10994 I HBD     : a [UpdatePolicy] [post] a: 3 cl: 65555 kit: [0/0] vt: 0 ir: 1
10-12 08:03:48.461   816   880 I libPowerHal: [perfLockRel] hdl:37184, idx:5
10-12 08:03:48.461 10994 10994 I HBD     : f processFinishInputView
10-12 08:03:48.461   816   880 I libPowerHal: [PD] vendor.samsung. update cmd:1000000 param:-1
10-12 08:03:48.461 10994 10994 I HBD     : m1 stopRunningTimers
10-12 08:03:48.462   816   880 I libPowerHal: [perfLockAcq] idx:1 hdl:37187 hint:-1 pid:812 tid:832 duration:0 lock_user:vendor.samsung. => ret_hdl:37187
10-12 08:03:48.462   816   880 I libPowerHal: [setDvfsrcDevFreqOpp] opp:0, freq:4266000000
10-12 08:03:48.462   816   880 I libPowerHal: [PE] vendor.samsung. update cmd:1000000 param:0
10-12 08:03:48.462 10994 10994 I HBD     : m0 EBD reset pbc:0 pdc:0
10-12 08:03:48.462 32397 32397 D HidDeviceService: handleMessage(): msg.what=8
10-12 08:03:48.463   812   832 I mtkpower_client: ret_hdl:37187
10-12 08:03:48.463   812   832 I mtkpower_client: perf_lock_rel, hdl:37181, tid:832
10-12 08:03:48.463 10994 10994 I HBD     : e unbindCurrentHoneyBoard : text_board
10-12 08:03:48.463 10994 10994 I HBD     : a onUnbind
10-12 08:03:48.463   816   880 I libPowerHal: [perfLockRel] hdl:37181, idx:4
10-12 08:03:48.463 30346 30346 W WindowOnBackDispatcher: sendCancelIfRunning: isInProgress=falsecallback=ImeCallback=ImeOnBackInvokedCallback@76990323 Callback=android.window.IOnBackInvokedCallback$Stub$Proxy@646e2d8
10-12 08:03:48.463   816   880 I libPowerHal: [PD] vendor.samsung. update cmd:300c000 param:0
10-12 08:03:48.464 10994 10994 I HBD     : e expression state[false], searchState[0]
10-12 08:03:48.464   812   832 I mtkpower_client: perf_lock_acq, hdl:0, dur:0, num:2, tid:832
10-12 08:03:48.465   812   832 I mtkpower_client: ret_hdl:37188
10-12 08:03:48.465   816   880 I libPowerHal: [perfLockAcq] idx:3 hdl:37188 hint:-1 pid:812 tid:832 duration:0 lock_user:vendor.samsung. => ret_hdl:37188
10-12 08:03:48.465   816   880 I libPowerHal: [PE] vendor.samsung. update cmd:300c000, param:15
10-12 08:03:48.465   812   832 I mtkpower_client: perf_lock_rel, hdl:37186, tid:832
10-12 08:03:48.465 30346 30346 D InputTransport: Input channel destroyed: 'ClientS', fd=142
10-12 08:03:48.465   812   832 I mtkpower_client: perf_lock_acq, hdl:0, dur:0, num:2, tid:832
10-12 08:03:48.465   816   880 I libPowerHal: [perfLockRel] hdl:37186, idx:0
10-12 08:03:48.466   816   880 I libPowerHal: cmdSetting - unknown cmd:1c3c000, scmd:(null) ,param_1:0
10-12 08:03:48.466   816   880 I libPowerHal: [perfLockAcq] idx:4 hdl:37189 hint:-1 pid:812 tid:832 duration:0 lock_user:vendor.samsung. => ret_hdl:37189
10-12 08:03:48.466   812   832 I mtkpower_client: ret_hdl:37189
10-12 08:03:48.466 10994 10994 I HBD     : a clear BaseLanguageRepo
10-12 08:03:48.466   812   832 I mtkpower_client: perf_lock_rel, hdl:37185, tid:832
10-12 08:03:48.466   812   832 I mtkpower_client: perf_lock_acq, hdl:0, dur:0, num:2, tid:832
10-12 08:03:48.466 10994 10994 I HBD     : x onFinishInputView
10-12 08:03:48.467   816   880 I libPowerHal: [perfLockRel] hdl:37185, idx:2
10-12 08:03:48.467   816   880 I libPowerHal: [setClusterFreq]  set cpu_ctrl cpufreq: -1 -1 -1 -1
10-12 08:03:48.467 10994 10994 I HBD     : a [StopHoneyVoiceListeningWithReleaseDecorator] stopListeningWithRelease()
10-12 08:03:48.467 10994 10994 I IceCone : c HoneyVoice stopListening by stopListeningWithRelease()
10-12 08:03:48.467   816   880 I libPowerHal: [perfLockAcq] idx:0 hdl:37190 hint:-1 pid:812 tid:832 duration:0 lock_user:vendor.samsung. => ret_hdl:37190
10-12 08:03:48.467   816   880 I libPowerHal: [setClusterFreq] vendor.samsung. set cpufreq[0] min:2000000 max:-1 cpufreq[1] min:-1 max:-1
10-12 08:03:48.467   812   832 I mtkpower_client: ret_hdl:37190
10-12 08:03:48.467   812   832 I mtkpower_client: perf_lock_rel, hdl:37187, tid:832
10-12 08:03:48.467   816   880 I libPowerHal: [setClusterFreq]  set cpu_ctrl cpufreq: 2000000 -1 -1 -1
10-12 08:03:48.468   812   832 I mtkpower_client: perf_lock_acq, hdl:0, dur:0, num:2, tid:832
10-12 08:03:48.469  2303  3314 I ViewRootImpl@81801d9[test]: mWNT: t=0xb400007ccefe1c80 mBlastBufferQueue=0xb400007d0ac8f780 fn= 4 mRenderHdrSdrRatio=1.0 caller= android.view.SyncRtSurfaceTransactionApplier.applyTransaction:96 android.view.SyncRtSurfaceTransactionApplier.lambda$scheduleApply$0:69 android.view.SyncRtSurfaceTransactionApplier.$r8$lambda$SgowXC58rj3PR958kHUfRgLZmvE:0
10-12 08:03:48.469 10994 10994 I HBD     : HoneyBoardService [PF_CL][onFinishInputView]  11 ms
10-12 08:03:48.470 10994 10994 I HBD     : b showInputView requested current = true, applyNow = false
10-12 08:03:48.470 10994 10994 I HBD     : HoneyBoardService onWindowHidden
10-12 08:03:48.470   816   880 I libPowerHal: [perfLockRel] hdl:37187, idx:1
10-12 08:03:48.470   816   880 I libPowerHal: [PD] vendor.samsung. update cmd:1000000 param:-1
10-12 08:03:48.470 10994 10994 I HBD     : HoneyBoardService [PF_CL][onWindowHidden]  0 ms
10-12 08:03:48.470   812   832 I mtkpower_client: ret_hdl:37191
10-12 08:03:48.470  1355  3849 V WindowManager: Relayout hash=159e018, pid=0, syncId=-1: mAttrs={(0,0)(fillx135) gr=BOTTOM CENTER_VERTICAL sim={adjust=pan} layoutInDisplayCutoutMode=always ty=NAVIGATION_BAR fmt=TRANSLUCENT
10-12 08:03:48.470  1355  3849 V WindowManager:   fl=20840028
10-12 08:03:48.470  1355  3849 V WindowManager:   pfl=33001000
10-12 08:03:48.470  1355  3849 V WindowManager:   bhv=DEFAULT
10-12 08:03:48.470  1355  3849 V WindowManager:   providedInsets:
10-12 08:03:48.470  1355  3849 V WindowManager:     InsetsFrameProvider: {id=#789d0001, index=0, type=navigationBars, source=FRAME, flags=[], insetsSize=Insets{left=0, top=0, right=0, bottom=135}, insetsSizeOverrides=[TypedInsetsSize: {windowType=INPUT_METHOD, insetsSize=null}]}
10-12 08:03:48.470  1355  3849 V WindowManager:     InsetsFrameProvider: {id=#789d0006, index=0, type=tappableElement, source=FRAME, flags=[]}
10-12 08:03:48.470  1355  3849 V WindowManager:     InsetsFrameProvider: {id=#789d0005, index=0, type=mandatorySystemGestures, source=FRAME, flags=[]}
10-12 08:03:48.470  1355  3849 V WindowManager:     InsetsFrameProvider: {id=#789d0004, index=0, type=systemGestures, source=DISPLAY, flags=[], insetsSize=Insets{left=0, top=0, right=0, bottom=0}, mMinimalInsetsSizeInDisplayCutoutSafe=Insets{left=0, top=0, right=0, bottom=0}}
10-12 08:03:48.470  1355  3849 V WindowManager:     InsetsFrameProvider: {id=#789d0024, index=1, type=systemGestures, source=DISPLAY, flags=[], insetsSize=Insets{left=0, top=0, right=0, bottom=0}, mMinimalInsetsSizeInDisplayCutoutSafe=Insets{left=0, top=0, right=0, bottom=0}}
10-12 08:03:48.470  1355  3849 V WindowManager:   paramsForRotation:
10-12 08:03:48.470  1355  3849 V WindowManager:     ROTATION_0={(0,0)(fillx135) gr=BOTTOM CENTER_VERTICAL layoutInDisplayCutoutMode=always ty=NAVIGATION_BAR fmt=TRANSLUCENT
10-12 08:03:48.470  1355  3849 V WindowManager:       fl=20840028
10-12 08:03:48.470  1355  3849 V WindowManager:       pfl=31001000
10-12 08:03:48.470  1355  3849 V WindowManager:       bhv=DEFAULT
10-12 08:03:48.470  1355  3849 V WindowManager:       providedInsets:
10-12 08:03:48.470  1355  3849 V WindowManager:         InsetsFrameProvider: {id=#789d0001, index=0, type=navigationBars, source=FRAME, flags=[], insetsSize=Insets{left=0, top=0, right=0, bottom=135}, insetsSizeOverrides=[TypedInsetsSize: {windowType=INPUT_METHOD, insetsSize=null}]}
10-12 08:03:48.470  1355  3849 V WindowManager:         InsetsFrameProvider: {id=#789d0006, index=0, type=tappableElement, source=FRAME, flags=[]}
10-12 08:03:48.470  1355  3849 V WindowManager:         InsetsFrameProvider: {id=#789d0005, index=0, type=mandatorySystemGestures, source=FRAME, flags=[]}
10-12 08:03:48.470  1355  3849 V WindowManager:         InsetsFrameProvider: {id=#789d0004, index=0, type=systemGestures, source=DISPLAY, flags=[], insetsSize=Insets{left=0, top=0, right=0, bottom=0}, mMinimalInsetsSizeInDisplayCutoutSafe=Insets{left=0, top=0, right=0, bottom=0}}
10-12 08:03:48.470  1355  3849 V WindowManager:         InsetsFrameProvider: {id=#789d0024, index=1, type=systemGestures, source=DISPLAY, flags=[], insetsSize=Insets{left=0, top=0, right=0, bottom=0}, mMinimalInsetsSizeInDisplayCutoutSafe=Insets{left=0, top=0, right=0, bottom=0}} naviIconColor=0}
10-12 08:03:48.470  1355  3849 V WindowManager:     ROTATION_90={(0,0)(135xfill) gr=RIGHT CENTER_HORIZONTAL layoutInDisplayCutoutMode=always ty=NAVIGATION_BAR fmt=TRANSLUCENT
10-12 08:03:48.470  1355  3849 V WindowManager:       fl=20840028
10-12 08:03:48.470  1355  3849 V WindowManager:       pfl=31001000
10-12 08:03:48.470  1355  3849 V WindowManager:       bhv=DEFAULT
10-12 08:03:48.470  1355  3849 V WindowManager:       providedInsets:
10-12 08:03:48.470  1355  3849 V WindowManager:         InsetsFrameProvider: {id=#789d0001, index=0, type=navigationBars, source=FRAME, flags=[], insetsSizeOverrides=[TypedInsetsSize: {windowType=INPUT_METHOD, insetsSize=null}]}
10-12 08:03:48.470  1355  3849 V WindowManager:         InsetsFrameProvider: {id=#789d0006, index=0, type=tappableElement, source=FRAME, flags=[]}
10-12 08:03:48.470  1355  3849 V WindowManager:         InsetsFrameProvider: {id=#789d0005, index=0, type=mandatorySystemGestures, source=FRAME, flags=[]}
10-12 08:03:48.470  1355  3849 V WindowManager:         InsetsFrameProvider: {id=#789d0004, index=0, type=systemGestures, source=DISPLAY, flags=[], insetsSize=Insets{left=0, top=0, right=0, bottom=0}, mMinimalInsetsSizeInDisplayCutoutSafe=Insets{left=0, top=0, right=0, bottom=0}}
10-12 08:03:48.470  1355  3849 V WindowManager:         InsetsFrameProvider: {id=#789d0024, index=1, type=systemGestures, source=DISPLAY, flags=[], insetsSize=Insets{left=0, top=0, right=0, bottom=0}, mMinimalInsetsSizeInDisplayCutoutSafe=Insets{left=0, top=0, right=0, bottom=0}} naviIconColor=0}
10-12 08:03:48.470  1355  3849 V WindowManager:     ROTATION_180={(0,0)(fillx135) gr=BOTTOM CENTER_VERTICAL layoutInDisplayCutoutMode=always ty=NAVIGATION_BAR fmt=TRANSLUCENT
10-12 08:03:48.470  1355  3849 V WindowManager:       fl=20840028
10-12 08:03:48.470  1355  3849 V WindowManager:       pfl=31001000
10-12 08:03:48.470  1355  3849 V WindowManager:       bhv=DEFAULT
10-12 08:03:48.470  1355  3849 V WindowManager:       providedInsets:
10-12 08:03:48.470  1355  3849 V WindowManager:         InsetsFrameProvider: {id=#789d0001, index=0, type=navigationBars, source=FRAME, flags=[], insetsSize=Insets{left=0, top=0, right=0, bottom=135}, insetsSizeOverrides=[TypedInsetsSize: {windowType=INPUT_METHOD, insetsSize=null}]}
10-12 08:03:48.470  1355  3849 V WindowManager:         InsetsFrameProvider: {id=#789d0006, index=0, type=tappableElement, source=FRAME, flags=[]}
10-12 08:03:48.470  1355  3849 V WindowManager:         InsetsFrameProvider: {id=#789d0005, index=0, type=mandatorySystemGestures, source=FRAME, flags=[]}
10-12 08:03:48.470  1355  3849 V WindowManager:         InsetsFrameProvider: {id=#789d0004, index=0, type=systemGestures, source=DISPLAY, flags=[], insetsSize=Insets{left=0, top=0, right=0, bottom=0}, mMinimalInsetsSizeInDisplayCutoutSafe=Insets{left=0, top=0, right=0, bottom=0}}
10-12 08:03:48.470  1355  3849 V WindowManager:         InsetsFrameProvider: {id=#789d0024, index=1, type=systemGestures, source=DISPLAY, flags=[], insetsSize=Insets{left=0, top=0, right=0, bottom=0}, mMinimalInsetsSizeInDisplayCutoutSafe=Insets{left=0, top=0, right=0, bottom=0}} naviIconColor=0}
10-12 08:03:48.470  1355  3849 V WindowManager:     ROTATION_270={(0,0)(135xfill) gr=LEFT CENTER_HORIZONTAL layoutInDisplayCutoutMode=always ty=NAVIGATION_BAR fmt=TRANSLUCENT
10-12 08:03:48.470  1355  3849 V WindowManager:       fl=20840028
10-12 08:03:48.470  1355  3849 V WindowManager:       pfl=31001000
10-12 08:03:48.470  1355  3849 V WindowManager:       bhv=DEFAULT
10-12 08:03:48.470  1355  3849 V WindowManager:       providedInsets:
10-12 08:03:48.470  1355  3849 V WindowManager:         InsetsFrameProvider: {id=#789d0001, index=0, type=navigationBars, source=FRAME, flags=[], insetsSizeOverrides=[TypedInsetsSize: {windowType=INPUT_METHOD, insetsSize=null}]}
10-12 08:03:48.470  1355  3849 V WindowManager:         InsetsFrameProvider: {id=#789d0006, index=0, type=tappableElement, source=FRAME, flags=[]}
10-12 08:03:48.470  1355  3849 V WindowManager:         InsetsFrameProvider: {id=#789d0005, index=0, type=mandatorySystemGestures, source=FRAME, flags=[]}
10-12 08:03:48.470  1355  3849 V WindowManager:         InsetsFrameProvider: {id=#789d0004, index=0, type=systemGestures, source=DISPLAY, flags=[], insetsSize=Insets{left=0, top=0, right=0, bottom=0}, mMinimalInsetsSizeInDisplayCutoutSafe=Insets{left=0, top=0, right=0, bottom=0}}
10-12 08:03:48.470  1355  3849 V WindowManager:         InsetsFrameProvider: {id=#789d0024, index=1, type=systemGestures, source=DISPLAY, flags=[], insetsSize=Insets{left=0, top=0, right=0, bottom=0}, mMinimalInsetsSizeInDisplayCutoutSafe=Insets{left=0, top=0, right=0, bottom=0}} naviIconColor=0} naviIconColor=0}
10-12 08:03:48.471   812   832 I HYPER-HAL: [RequestManager.cpp]releaseLocked(): Released ID : 947397
10-12 08:03:48.471   816   880 I libPowerHal: [perfLockAcq] idx:2 hdl:37191 hint:-1 pid:812 tid:832 duration:0 lock_user:vendor.samsung. => ret_hdl:37191
10-12 08:03:48.471   816   880 I libPowerHal: [setDvfsrcDevFreqOpp] opp:0, freq:4266000000
10-12 08:03:48.471   816   880 I libPowerHal: [PE] vendor.samsung. update cmd:1000000 param:0
10-12 08:03:48.474  2303  3314 I ViewRootImpl@aa4ad1[NavigationBar0]: mWNT: t=0xb400007ce41a0a80 mBlastBufferQueue=0xb400007dcd7f2e80 fn= 23671 mRenderHdrSdrRatio=1.0 caller= android.view.ViewRootImpl$6.onFrameDraw:5635 android.view.ViewRootImpl$2.onFrameDraw:2146 android.view.ThreadedRenderer$1.onFrameDraw:792
10-12 08:03:48.475 30346 30346 I InsetsController: setRequestedVisibleTypes: visible=false, mask=ime, host=com.tv.medicare/com.tv.medicare.MainActivity, from=android.view.InsetsController.controlAnimationUnchecked:1445 android.view.InsetsController.applyAnimation:2005 android.view.InsetsController.applyAnimation:1968 android.view.InsetsController.hide:1403 android.view.ViewRootImpl$ViewRootHandler.handleMessageImpl:7240 android.view.ViewRootImpl$ViewRootHandler.handleMessage:7166 android.os.Handler.dispatchMessage:106 android.os.Looper.loopOnce:230 android.os.Looper.loop:319 android.app.ActivityThread.main:8919
10-12 08:03:48.477  2303  3314 I ViewRootImpl@81801d9[test]: mWNT: t=0xb400007ccefe2a00 mBlastBufferQueue=0xb400007d0ac8f780 fn= 5 mRenderHdrSdrRatio=1.0 caller= android.view.SyncRtSurfaceTransactionApplier.applyTransaction:96 android.view.SyncRtSurfaceTransactionApplier.lambda$scheduleApply$0:69 android.view.SyncRtSurfaceTransactionApplier.$r8$lambda$SgowXC58rj3PR958kHUfRgLZmvE:0
10-12 08:03:48.479 30346 30346 I InsetsController: controlAnimationUncheckedInner: Added types=ime, animType=1, host=com.tv.medicare/com.tv.medicare.MainActivity, from=android.view.InsetsController.controlAnimationUnchecked:1449 android.view.InsetsController.applyAnimation:2005 android.view.InsetsController.applyAnimation:1968
10-12 08:03:48.481   844  1281 E BufferQueueDebug: [Surface(name=159e018 NavigationBar0)/@0x9e6ef60 - animation-leash of insets_animation#19620](this:0xb4000071afc84ba0,id:-1,api:0,p:-1,c:-1) id info cannot be read from 'Surface(name=159e018 NavigationBar0)/@0x9e6ef60 - animation-leash of insets_animation#19620'
10-12 08:03:48.482   844  1281 I BufferQueueDebug: [Surface(name=159e018 NavigationBar0)/@0x9e6ef60 - animation-leash of insets_animation#19620](this:0xb4000071afc84ba0,id:-1,api:0,p:-1,c:-1) BufferQueue core=(844:/system/bin/surfaceflinger)
10-12 08:03:48.482   844  1281 I SurfaceFlinger: id=19620 createSurf, flag=24000, Surface(name=159e018 NavigationBar0)/@0x9e6ef60 - animation-leash of insets_animation#19620
10-12 08:03:48.482 10994 25787 I HBD     : m1 requestCursorUpdates(0),  0
10-12 08:03:48.486  2303  3916 I ViewRootImpl@aa4ad1[NavigationBar0]: Resizing android.view.ViewRootImpl@b8e3db1: frame = [0,2205][1080,2340] reportDraw = false forceLayout = false syncSeqId = -1
10-12 08:03:48.488  2303  4252 I ViewRootImpl@81801d9[test]: Resizing android.view.ViewRootImpl@8610faa: frame = [0,0][1080,2340] reportDraw = false forceLayout = false syncSeqId = -1
10-12 08:03:48.489  2303  7125 I ViewRootImpl@3dedb5f[StatusBar]: Resizing android.view.ViewRootImpl@a560f1e: frame = [0,0][1080,80] reportDraw = false forceLayout = false syncSeqId = -1
10-12 08:03:48.489  2303  3314 I ViewRootImpl@81801d9[test]: mWNT: t=0xb400007ccefe2b80 mBlastBufferQueue=0xb400007d0ac8f780 fn= 6 mRenderHdrSdrRatio=1.0 caller= android.view.SyncRtSurfaceTransactionApplier.applyTransaction:96 android.view.SyncRtSurfaceTransactionApplier.lambda$scheduleApply$0:69 android.view.SyncRtSurfaceTransactionApplier.$r8$lambda$SgowXC58rj3PR958kHUfRgLZmvE:0
10-12 08:03:48.492  2303  2303 D NavigationBar: setImeWindowStatus displayId=0 vis=0 backDisposition=0 showImeSwitcher=false imeShown=false
10-12 08:03:48.492  2303  2303 D Navbar.Store: handleEvent(0) OnNavBarIconHintChanged(iconHint=0) [Module] NavigationBar
10-12 08:03:48.492  2303  2303 D Navbar.Store: --[Band]SETUPWIZARD_PACK_SET_NAVBAR_ICON_HINT
10-12 08:03:48.492  2303  2303 D Navbar.Store: --[Band]VIS_PACK_REEVAULATE_NAVBAR
10-12 08:03:48.492  2303  2303 D Navbar.Store: ----apply(0) NavBarStoreAction$ReevaluateNavBar
10-12 08:03:48.493  2303  2303 D Navbar.Store: ----handleEvent(0) OnUpdateRemoteViewContainer(leftContainer=android.widget.LinearLayout{136d17b V.E...... ........ 0,0-118,135 #7f0a0597 app:id/left_remoteview}, rightContainer=android.widget.LinearLayout{84cdb98 I.E...... ......I. 962,0-1080,135 #7f0a08aa app:id/right_remoteview}, contextualButtonVisible=false, darkIntensity=1.0, displayId=0) [Module] SamsungNavigationBarView
10-12 08:03:48.493  2303  2303 D Navbar.Store: ------[Band]REMOTE_VIEW_PACK_SET_REMOTEVIEW_CONTAINER
10-12 08:03:48.493  2303  2303 D Navbar.Store: --------apply(0) NavBarStoreAction$UpdateRemoteViewContainer
10-12 08:03:48.493  2303  2303 D Navbar.Store: --------apply(0) NavBarStoreAction$UpdateRemoteViewDarkIntensity
10-12 08:03:48.493 25730 25730 I InsetsController: onStateChanged: host=com.medicare.auth.test/androidx.activity.ComponentActivity, from=android.view.ViewRootImpl$ViewRootHandler.handleMessageImpl:7209, state=InsetsState: {mDisplayFrame=Rect(0, 0 - 1080, 2340), mDisplayCutout=DisplayCutout{insets=Rect(0, 80 - 0, 0) waterfall=Insets{left=0, top=0, right=0, bottom=0} boundingRect={Bounds=[Rect(0, 0 - 0, 0), Rect(472, 0 - 608, 80), Rect(0, 0 - 0, 0), Rect(0, 0 - 0, 0)]} cutoutPathParserInfo={CutoutPathParserInfo{displayWidth=1080 displayHeight=2340 physicalDisplayWidth=1080 physicalDisplayHeight=2340 density={2.8125} cutoutSpec={M 0,0 H -24.177777778 V 28.4444444444 H 24.177777778 V 0 H 0 Z @dp} rotation={0} scale={1.0} physicalPixelDisplaySizeRatio={1.0}}}}, mRoundedCorners=RoundedCorners{[RoundedCorner{position=TopLeft, radius=0, center=Point(0, 0)}, RoundedCorner{position=TopRight, radius=0, center=Point(0, 0)}, RoundedCorner{position=BottomRight, radius=0, center=Point(0, 0)}, RoundedCorner{position=BottomLeft, radius=0, center=Point(0, 0)}]}  mRoundedCornerFrame=Rect(0, 0 - 1080, 2340), mPrivacyIndicatorBounds=PrivacyIndicatorBounds {static bounds=Rect(956, 0 - 1080, 80) rotation=0}, mDisplayShape=DisplayShape{ spec=-311912193 displayWidth=1080 displayHeight=2340 physicalPixelDisplaySizeRatio=1.0 rotation=0 offsetX=0 offsetY=0 scale=1.0}, mSources= { InsetsSource: {3 mType=ime mFrame=[0,1332][1080,2340] mVisible=false mFlags=[]}, InsetsSource: {27 mType=displayCutout mFrame=[0,0][1080,80] mVisible=true mFlags=[]}, InsetsSource: {67fe0000 mType=statusBars mFrame=[0,0][1080,80] mVisible=true mFlags=[]}, InsetsSource: {67fe0005 mType=mandatorySystemGestures mFrame=[0,0][1080,114] mVisible=true mFlags=[]}, InsetsSource: {67fe0006 mType=tappableElement mFrame=[0,0][1080,80] mVisible=true mFlags=[]}, InsetsSource: {789d0001 mType=navigationBars mFrame=[0,2205][1080,2340] mVisible=true mFlags=[]}, InsetsSource: {789d0004 mType=systemGestures mFrame=[0,0][0,0] mVisible=true mFlags=[]}, InsetsSource: {789d0005 mType=mandatorySystemGestures mFrame=[0,2205][1080,2340] mVisible=true mFlags=[]}, InsetsSource: {789d0006 mType=tappableElement mFrame=[0,2205][1080,2340] mVisible=true mFlags=[]}, InsetsSource: {789d0024 mType=systemGestures mFrame=[0,0][0,0] mVisible=true mFlags=[]} }
10-12 08:03:48.493  2303  2303 D Navbar.Store: handleEvent(0) OnUpdateSysUiStateFlag(noArguments=true) [Module] SamsungNavigationBarView
10-12 08:03:48.493  2303  2303 D Navbar.Store: --[Band]GESTURE_PACK_UPDATE_SYSTEMUI_STATE_FLAG
10-12 08:03:48.493  2303  2303 D Navbar.Store: --[Band] (afterAction) GESTURE_PACK_UPDATE_SYSTEMUI_STATE_FLAG
10-12 08:03:48.493  2303  2303 D SysUiState: SysUiState changed: old=0x10060000 new=0x10020000
10-12 08:03:48.493  2303  2303 D NavigationBarController: setNavigationBarShortcut requestClass : com.samsung.android.honeyboard, remoteViews : null, position : 0, priority : 12
10-12 08:03:48.493  2303  2303 D Navbar.Store: handleEvent(0) OnSetRemoteView(requestClass=com.samsung.android.honeyboard, remoteViews=null, position=0, priority=12) [Module] NavigationBarController
10-12 08:03:48.493  2303  2303 D Navbar.Store: --[Band]REMOTE_VIEW_PACK_SET_NAVBAR_SHORTCUT_TO_MANAGER
10-12 08:03:48.493  2303  2303 D Navbar.Store: ----apply(0) NavBarStoreAction$UpdateRemoteViewShortcut
10-12 08:03:48.493  2303  2303 D Navbar.Store: --[Band]GESTURE_PACK_UPDATE_GAMETOOLS_VISIBILITY
10-12 08:03:48.493  2303  2303 D Navbar.Store: --NavBarStates(0) isGameMode: false
10-12 08:03:48.493  2303  2303 D Navbar.Store: ----apply(0) NavBarStoreAction$UpdateSysUiFlags
10-12 08:03:48.493  2303  2303 D Navbar.Store: ----set 4294967296 : false
10-12 08:03:48.493  2303  2303 D Navbar.Store: --[Band]REMOTE_VIEW_PACK_SET_NAVBAR_SHORTCUT_TO_MANAGER
10-12 08:03:48.493  2303  2303 D Navbar.Store: ----apply(0) NavBarStoreAction$InvalidateRemoteView
10-12 08:03:48.493  2303  2303 D Navbar.Store: ----handleEvent(0) OnUpdateRemoteViewContainer(leftContainer=android.widget.LinearLayout{136d17b V.E...... ......ID 0,0-118,135 #7f0a0597 app:id/left_remoteview}, rightContainer=android.widget.LinearLayout{84cdb98 I.E...... ......I. 962,0-1080,135 #7f0a08aa app:id/right_remoteview}, contextualButtonVisible=false, darkIntensity=1.0, displayId=0) [Module] SamsungNavigationBarView
10-12 08:03:48.494  2303  2303 D Navbar.Store: ------[Band]REMOTE_VIEW_PACK_SET_REMOTEVIEW_CONTAINER
10-12 08:03:48.494  2303  2303 D Navbar.Store: --------apply(0) NavBarStoreAction$UpdateRemoteViewContainer
10-12 08:03:48.494  2303  2303 D Navbar.Store: --------apply(0) NavBarStoreAction$UpdateRemoteViewDarkIntensity
10-12 08:03:48.494  2303  2303 D SamsungStatusBarGrayIconHelper: isGrayAppearance=false
10-12 08:03:48.494  2303  2303 D NavigationBar: onSystemBarAttributesChanged() -  displayId:0, appearance:0, packageName: com.medicare.auth.test, navbarColorManagedByIme:false
10-12 08:03:48.494  2303  2303 D SamsungLightBarControlHelper: updateNavigationBar (WHITE button) isLightOpaque:false, hasLightNavigationBarFlag:false, packageName:com.medicare.auth.test, DirectReplying:false, NavBarColorMangedByIme:false, ForceDarkForScrim:false, QsCustomizing:false, PanelHasWhiteBg:true
10-12 08:03:48.494 25730 25730 I InsetsSourceConsumer: applyRequestedVisibilityToControl: visible=true, type=navigationBars, host=com.medicare.auth.test/androidx.activity.ComponentActivity
10-12 08:03:48.495 10994 10994 I BLASTBufferQueue_Java: update, w= 1080 h= 2260 mName = ViewRootImpl@6b96086[InputMethod] mNativeObject= 0xb400007e4468c400 sc.mNativeObject= 0xb400007d167c4400 format= -2 caller= android.view.ViewRootImpl.updateBlastSurfaceIfNeeded:3017 android.view.ViewRootImpl.relayoutWindow:10131 android.view.ViewRootImpl.performTraversals:4110 android.view.ViewRootImpl.doTraversal:3288 android.view.ViewRootImpl$TraversalRunnable.run:11344 android.view.Choreographer$CallbackRecord.run:1689
10-12 08:03:48.495 10994 10994 I ViewRootImpl@6b96086[InputMethod]: Relayout returned: old=(0,80,1080,2340) new=(0,80,1080,2340) relayoutAsync=true req=(1080,2260)0 dur=0 res=0x0 s={true 0xb400007e44802000} ch=false seqId=0
10-12 08:03:48.495  1355  3827 V WindowManager: Relayout Window{5613d8b u0 InputMethod}: viewVisibility=0 req=1080x2260 ty=2011 d0
10-12 08:03:48.496  3524  3649 I HoneySpace.TaskbarEventTracker: invokeEvent() called with: event = SystemUiStateChanged(stateFlags=268566528)
10-12 08:03:48.496 10994 10994 I ViewRootImpl@6b96086[InputMethod]: registerCallbackForPendingTransactions
10-12 08:03:48.497  3524 24822 I HoneySpace.SystemUiRepository: systemUiFlags: allow_gesture|awake
10-12 08:03:48.497 10994 10994 I HBD     : HoneyBoardService onTrimMemory 20
10-12 08:03:48.498 10994 10994 I HBD     : k Init expand button state by global layout listener
10-12 08:03:48.499   812   812 E HYPER-HAL: [SysfsControlManager.cpp]writeSysfs(): Couldn't Open Sysfs - /sys/class/input_booster/touch/head
10-12 08:03:48.500  2303  2303 D NavigationModeController: getCurrentUserContext: contextUser=0 currentUser=0
10-12 08:03:48.500   812   812 E HYPER-HAL: [SysfsControlManager.cpp]writeSysfs(): Couldn't Open Sysfs - /sys/class/input_booster/touch/tail
10-12 08:03:48.501  3527  3527 I SemDvfsHyPerManager: acquire hyper - TABaseBoost/3527@19, type = 1090523139
10-12 08:03:48.501  1355  3827 V WindowManager: Relayout hash=5613d8b, pid=0, syncId=-1: mAttrs={(0,0)(fillxfill) gr=BOTTOM CENTER_VERTICAL sim={adjust=pan} ty=INPUT_METHOD fmt=TRANSPARENT wanim=0x7f1401b3 preferredMinDisplayRefreshRate=60.0 receive insets ignoring z-order
10-12 08:03:48.501  1355  3827 V WindowManager:   fl=81800108
10-12 08:03:48.501  1355  3827 V WindowManager:   pfl=12000000
10-12 08:03:48.501  1355  3827 V WindowManager:   vsysui=10
10-12 08:03:48.501  1355  3827 V WindowManager:   apr=LIGHT_NAVIGATION_BARS
10-12 08:03:48.501  1355  3827 V WindowManager:   bhv=DEFAULT
10-12 08:03:48.501  1355  3827 V WindowManager:   fitTypes=STATUS_BARS NAVIGATION_BARS
10-12 08:03:48.501  1355  3827 V WindowManager:   fitSides=LEFT TOP RIGHT
10-12 08:03:48.501  1355  3827 V WindowManager:   fitIgnoreVis dimDuration=150 naviIconColor=0}
10-12 08:03:48.502   812   832 I HYPER-HAL: [RequestManager.cpp]acquire(): Acquired ID : 6288850  [3527 / 19]    HINT :      list : [TABoost / 0]
10-12 08:03:48.505 10994 17532 I ViewRootImpl@6b96086[InputMethod]: mWNT: t=0xb400007d3911d580 mBlastBufferQueue=0xb400007e4468c400 fn= 6 mRenderHdrSdrRatio=1.0 caller= android.view.ViewRootImpl$6.onFrameDraw:5635 android.view.ViewRootImpl$2.onFrameDraw:2146 android.view.ThreadedRenderer$1.onFrameDraw:792
10-12 08:03:48.507   844   844 I BufferQueueProducer: [InputMethod$_10994#19573](this:0xb4000071b0024ba0,id:-1,api:0,p:-1,c:844) queueBuffer: fps=0.11 dur=47526.37 max=46849.09 min=22.14
10-12 08:03:48.509  1355  3324 D InputTransport: Input channel constructed: 'ClientS', fd=1130
10-12 08:03:48.511  2303  2303 D NavigationModeController: getCurrentUserContext: contextUser=0 currentUser=0
10-12 08:03:48.512  1355  3324 D InputTransport: Input channel destroyed: 'ClientS', fd=1130
10-12 08:03:48.513 25730 25730 D InputMethodManagerUtils: startInputInner - Id : 0
10-12 08:03:48.513   816   829 I mtkpower@impl: [setMode] type:6, enabled:0
10-12 08:03:48.513   816   829 E mtkpower@impl: [setMode] unknown type
10-12 08:03:48.514  1355  3849 V WindowManager: Relayout Window{6985c32 u0 Splash Screen com.medicare.auth.test}: viewVisibility=8 req=1080x2340 ty=3 d0
10-12 08:03:48.514   800  1202 W hwcomposer: [DRMDEV] paramIsSame(), id 7941, w 1080/1080, h 438/438, pitch 1088/1088, format 0x1/0x2, secure 0/0
10-12 08:03:48.514   844   844 D SurfaceFlinger: Display 4627039422300187648 HWC layers:
10-12 08:03:48.514   844   844 D SurfaceFlinger:      DEVICE | 0xb4000071c223e600 | 0102 | RGBA_8888    |    0.0  331.0 1080.0  438.0 |    0    0 1080  107 | bbq-wrapper#19617
10-12 08:03:48.514   844   844 D SurfaceFlinger:  SOLID_COLOR |              | 0000 |  Unknown  |    0.0    0.0    0.0    0.0 |    0    0 1080 2340 | DimTransitionLayer for Surface(name=Task=750)/@0xa07ea02#19612
10-12 08:03:48.514   844   844 D SurfaceFlinger:      DEVICE | 0xb4000071afae2e00 | 0102 | RGBA_8888    |    0.0    0.0 1080.0 2233.0 |    0  107 1080 2340 | com.medicare.auth.test/androidx.activity.ComponentActivity$_25730#19616
10-12 08:03:48.514   844   844 D SurfaceFlinger:      DEVICE | 0xb4000071c223e9c0 | 0100 | RGBA_8888    |    0.0    0.0 1080.0 2233.0 |    0  107 1080 2340 | Splash Screen com.medicare.auth.test$_2303#19604
10-12 08:03:48.514   844   844 D SurfaceFlinger:      DEVICE | 0xb4000071b9473ec0 | 0100 | RGBA_8888    |    0.0    0.0 1080.0   80.0 |    0    0 1080   80 | StatusBar$_2303#100
10-12 08:03:48.514   844   844 D SurfaceFlinger:      DEVICE | 0xb4000071affef240 | 0100 | RGBA_8888    |    0.0    0.0 1080.0  135.0 |    0 2205 1080 2340 | NavigationBar0$_2303#96
10-12 08:03:48.514   844   844 D SurfaceFlinger:
10-12 08:03:48.515  2303  2303 D NavigationModeController: getCurrentUserContext: contextUser=0 currentUser=0
10-12 08:03:48.516 25730 25744 I ViewRootImpl@98d3ef3[ComponentActivity]: Resizing android.view.ViewRootImpl@c401312: frame = [0,0][1080,2340] reportDraw = false forceLayout = false syncSeqId = -1
10-12 08:03:48.517  1355  3849 V WindowManager: Relayout hash=6985c32, pid=2303, syncId=-1: mAttrs={(0,0)(fillxfill) sim={adjust=pan} ty=APPLICATION_STARTING fmt=TRANSLUCENT wanim=0x10302f2 alpha=0.0
10-12 08:03:48.517  1355  3849 V WindowManager:   fl=81030118
10-12 08:03:48.517  1355  3849 V WindowManager:   pfl=16000010
10-12 08:03:48.517  1355  3849 V WindowManager:   bhv=DEFAULT
10-12 08:03:48.517  1355  3849 V WindowManager:   fitSides= naviIconColor=0}
10-12 08:03:48.517  2303  2387 I InsetsController: onStateChanged: host=Splash Screen com.medicare.auth.test, from=android.view.ViewRootImpl.relayoutWindow:10072, state=InsetsState: {mDisplayFrame=Rect(0, 0 - 1080, 2340), mDisplayCutout=DisplayCutout{insets=Rect(0, 80 - 0, 0) waterfall=Insets{left=0, top=0, right=0, bottom=0} boundingRect={Bounds=[Rect(0, 0 - 0, 0), Rect(472, 0 - 608, 80), Rect(0, 0 - 0, 0), Rect(0, 0 - 0, 0)]} cutoutPathParserInfo={CutoutPathParserInfo{displayWidth=1080 displayHeight=2340 physicalDisplayWidth=1080 physicalDisplayHeight=2340 density={2.8125} cutoutSpec={M 0,0 H -24.177777778 V 28.4444444444 H 24.177777778 V 0 H 0 Z @dp} rotation={0} scale={1.0} physicalPixelDisplaySizeRatio={1.0}}}}, mRoundedCorners=RoundedCorners{[RoundedCorner{position=TopLeft, radius=0, center=Point(0, 0)}, RoundedCorner{position=TopRight, radius=0, center=Point(0, 0)}, RoundedCorner{position=BottomRight, radius=0, center=Point(0, 0)}, RoundedCorner{position=BottomLeft, radius=0, center=Point(0, 0)}]}  mRoundedCornerFrame=Rect(0, 0 - 1080, 2340), mPrivacyIndicatorBounds=PrivacyIndicatorBounds {static bounds=Rect(956, 0 - 1080, 80) rotation=0}, mDisplayShape=DisplayShape{ spec=-311912193 displayWidth=1080 displayHeight=2340 physicalPixelDisplaySizeRatio=1.0 rotation=0 offsetX=0 offsetY=0 scale=1.0}, mSources= { InsetsSource: {3 mType=ime mFrame=[0,1332][1080,2340] mVisible=false mFlags=[]}, InsetsSource: {27 mType=displayCutout mFrame=[0,0][1080,80] mVisible=true mFlags=[]}, InsetsSource: {67fe0000 mType=statusBars mFrame=[0,0][1080,80] mVisible=true mFlags=[]}, InsetsSource: {67fe0005 mType=mandatorySystemGestures mFrame=[0,0][1080,114] mVisible=true mFlags=[]}, InsetsSource: {67fe0006 mType=tappableElement mFrame=[0,0][1080,80] mVisible=true mFlags=[]}, InsetsSource: {789d0001 mType=navigationBars mFrame=[0,2205][1080,2340] mVisible=true mFlags=[]}, InsetsSource: {789d0004 mType=systemGestures mFrame=[0,0][0,0] mVisible=true mFlags=[]}, InsetsSource: {789d0005 mType=mandatorySystemGestures mFrame=[0,2205][1080,2340] mVisible=true mFlags=[]}, InsetsSource: {789d0006 mType=tappableElement mFrame=[0,2205][1080,2340] mVisible=true mFlags=[]}, InsetsSource: {789d0024 mType=systemGestures mFrame=[0,0][0,0] mVisible=true mFlags=[]} }
10-12 08:03:48.518  2303  2387 D BLASTBufferQueue: [ViewRootImpl@81801d9[test]#1301](f:0,a:3) destructor()
10-12 08:03:48.518  2303  2387 D BufferQueueConsumer: [ViewRootImpl@81801d9[test]#1301(BLAST Consumer)1301](id:8ff00000515,api:0,p:-1,c:2303) disconnect
10-12 08:03:48.518  2303  2387 I ViewRootImpl@81801d9[test]: Relayout returned: old=(0,0,1080,2340) new=(0,0,1080,2340) relayoutAsync=false req=(1080,2340)8 dur=13 res=0x402 s={false 0x0} ch=true seqId=0
10-12 08:03:48.519  2303  2387 I ViewRootImpl@81801d9[test]: handleResized, msg = 4 frames=ClientWindowFrames{frame=[0,0][1080,2340] display=[0,0][1080,2340] parentFrame=[0,0][0,0]} forceNextWindowRelayout=false displayId=0 dragResizing=false compatScale=1.0 frameChanged=false attachedFrameChanged=false configChanged=false displayChanged=false compatScaleChanged=false
10-12 08:03:48.519  2303  2387 W WindowOnBackDispatcher: sendCancelIfRunning: isInProgress=falsecallback=android.view.ViewRootImpl$$ExternalSyntheticLambda19@1fde295
10-12 08:03:48.519  2303  2387 I ViewRootImpl@81801d9[test]: dispatchDetachedFromWindow
10-12 08:03:48.520 25730 25730 I ViewRootImpl@98d3ef3[ComponentActivity]: handleResized, msg = 4 frames=ClientWindowFrames{frame=[0,0][1080,2340] display=[0,0][1080,2340] parentFrame=[0,0][0,0]} forceNextWindowRelayout=false displayId=0 dragResizing=false compatScale=1.0 frameChanged=false attachedFrameChanged=false configChanged=false displayChanged=false compatScaleChanged=false
10-12 08:03:48.520  2303  2303 D NavigationModeController: getCurrentUserContext: contextUser=0 currentUser=0
10-12 08:03:48.523 10994 10994 I HBD     : HoneyBoardService onFinishInput
10-12 08:03:48.523 10994 10994 I HBD     : a IC have been unbinding,  RemoteInputConnection{idHash=#16c0681}
10-12 08:03:48.523 10994 10994 I HBD     : HoneyBoardService [PF_CL][onFinishInput]  0 ms
10-12 08:03:48.523 10994 10994 I HBD     : HoneyBoardService [IMI] onStartInput - caller pid : 25730 , caller uid : 10413
10-12 08:03:48.523 10994 10994 I HBD     : k updateConfigs
10-12 08:03:48.523 10994 10994 I HBD     : k isEnabledNightMode : false
10-12 08:03:48.523 10994 10994 I HBD     : a IC have been binding, RemoteInputConnection{idHash=#78e5aac}
10-12 08:03:48.523 10994 10994 I HBD     : h [EditorInputType]setPrivateImeOptionsToTable privateImeOptions ( null )
10-12 08:03:48.523 10994 10994 I HBD     : b incognitoMode : false
10-12 08:03:48.523 10994 10994 I HBD     : b needOff = true , isForceOff = false, isNullInputClass : true
10-12 08:03:48.523   844   844 D SurfaceFlinger: Display 4627039422300187648 HWC layers:
10-12 08:03:48.523   844   844 D SurfaceFlinger:      DEVICE | 0xb4000071c223e600 | 0102 | RGBA_8888    |    0.0  345.0 1080.0  438.0 |    0    0 1080   93 | bbq-wrapper#19617
10-12 08:03:48.523   844   844 D SurfaceFlinger:  SOLID_COLOR |              | 0000 |  Unknown  |    0.0    0.0    0.0    0.0 |    0    0 1080 2340 | DimTransitionLayer for Surface(name=Task=750)/@0xa07ea02#19612
10-12 08:03:48.523   844   844 D SurfaceFlinger:      DEVICE | 0xb4000071afae2e00 | 0102 | RGBA_8888    |    0.0    0.0 1080.0 2247.0 |    0   93 1080 2340 | com.medicare.auth.test/androidx.activity.ComponentActivity$_25730#19616
10-12 08:03:48.523   844   844 D SurfaceFlinger:      DEVICE | 0xb4000071b9473ec0 | 0100 | RGBA_8888    |    0.0    0.0 1080.0   80.0 |    0    0 1080   80 | StatusBar$_2303#100
10-12 08:03:48.523   844   844 D SurfaceFlinger:      DEVICE | 0xb4000071affef240 | 0100 | RGBA_8888    |    0.0    0.0 1080.0  135.0 |    0 2205 1080 2340 | NavigationBar0$_2303#96
10-12 08:03:48.523   844   844 D SurfaceFlinger:
10-12 08:03:48.524 10994 10994 I HBD     : h getDefaultInputRange : UNKNOWN
10-12 08:03:48.524 10994 10994 I HBD     : h getDefaultInputRange : UNKNOWN
10-12 08:03:48.524 10994 10994 I HBD     : h getDefaultInputRange : UNKNOWN
10-12 08:03:48.524  1355  3324 D InputTransport: Input channel destroyed: '6985c32', fd=1124
10-12 08:03:48.524  1355  3324 W InputManager-JNI: Input channel object '6985c32 Splash Screen com.medicare.auth.test (client)' was disposed without first being removed with the input manager!
10-12 08:03:48.524  1355  3324 D InputTransport: Input channel destroyed: '6985c32', fd=1125
10-12 08:03:48.525 10994 10994 I HBD     : b needOff = true , isForceOff = false, isNullInputClass : true
10-12 08:03:48.525 10994 10994 I HBD     : b update cached prediction status : false
10-12 08:03:48.525 10994 10994 I HBD     : h getDefaultInputRange : UNKNOWN
10-12 08:03:48.525 10994 10994 I HBD     : a currentState : 0
10-12 08:03:48.525  2303  2303 D NavigationModeController: getCurrentUserContext: contextUser=0 currentUser=0
10-12 08:03:48.526 10994 10994 I HBD     : a [UpdatePolicy] [post] a: 0 cl: 65555 kit: [0/0] vt: 0 ir: 1
10-12 08:03:48.528  2303  2387 D InputTransport: Input channel destroyed: '6985c32', fd=607
10-12 08:03:48.529   844   844 I Layer   : id=19619 removeFromCurrentState Surface(name=9d84813 com.medicare.auth.test/androidx.activity.ComponentActivity)/@0xf5867d8 - animation-leash of starting_reveal#19619 (152)
10-12 08:03:48.533  2303  2303 I BLASTBufferQueue_Java: update, w= 1080 h= 135 mName = ViewRootImpl@aa4ad1[NavigationBar0] mNativeObject= 0xb400007dcd7f2e80 sc.mNativeObject= 0xb400007d0ab6a1c0 format= -3 caller= android.view.ViewRootImpl.updateBlastSurfaceIfNeeded:3017 android.view.ViewRootImpl.relayoutWindow:10131 android.view.ViewRootImpl.performTraversals:4110 android.view.ViewRootImpl.doTraversal:3288 android.view.ViewRootImpl$TraversalRunnable.run:11344 android.view.Choreographer$CallbackRecord.run:1689
10-12 08:03:48.533  2303  2303 I ViewRootImpl@aa4ad1[NavigationBar0]: Relayout returned: old=(0,2205,1080,2340) new=(0,2205,1080,2340) relayoutAsync=true req=(1080,135)0 dur=3 res=0x0 s={true 0xb400007d28c8e800} ch=false seqId=11
10-12 08:03:48.533  2303  2303 I ViewRootImpl@aa4ad1[NavigationBar0]: registerCallbackForPendingTransactions
10-12 08:03:48.534  2303  3314 I ViewRootImpl@aa4ad1[NavigationBar0]: mWNT: t=0xb400007d28f96080 mBlastBufferQueue=0xb400007dcd7f2e80 fn= 23672 mRenderHdrSdrRatio=1.0 caller= android.view.ViewRootImpl$6.onFrameDraw:5635 android.view.ViewRootImpl$2.onFrameDraw:2146 android.view.ThreadedRenderer$1.onFrameDraw:792
10-12 08:03:48.535   844  1196 E BufferQueueDebug: [Surface(name=5613d8b InputMethod)/@0xad5bf26 - animation-leash of insets_animation#19621](this:0xb4000071ad08fba0,id:-1,api:0,p:-1,c:-1) id info cannot be read from 'Surface(name=5613d8b InputMethod)/@0xad5bf26 - animation-leash of insets_animation#19621'
10-12 08:03:48.535 10994 10994 I HBD     : a [NRIC] resetNoResponseState
10-12 08:03:48.535 10994 10994 I HBD     : b needOff = true , isForceOff = false, isNullInputClass : true
10-12 08:03:48.535   844  1196 I BufferQueueDebug: [Surface(name=5613d8b InputMethod)/@0xad5bf26 - animation-leash of insets_animation#19621](this:0xb4000071ad08fba0,id:-1,api:0,p:-1,c:-1) BufferQueue core=(844:/system/bin/surfaceflinger)
10-12 08:03:48.535 10994 10994 I HBD     : b update cached prediction status : false
10-12 08:03:48.535 10994 10994 I HBD     : b [AiWriter] setContact : com.medicare.auth.test
10-12 08:03:48.535   844  1196 I SurfaceFlinger: id=19621 createSurf, flag=24004, Surface(name=5613d8b InputMethod)/@0xad5bf26 - animation-leash of insets_animation#19621
10-12 08:03:48.536 10994 10994 I HBD     : HoneyBoardService [PF_OP][onStartInput]  13 ms
10-12 08:03:48.537  2303  2303 I ViewRootImpl@aa4ad1[NavigationBar0]: handleResized, msg = 4 frames=ClientWindowFrames{frame=[0,2205][1080,2340] display=[0,0][1080,2340] parentFrame=[0,0][0,0]} forceNextWindowRelayout=false displayId=0 dragResizing=false compatScale=1.0 frameChanged=false attachedFrameChanged=false configChanged=false displayChanged=false compatScaleChanged=false
10-12 08:03:48.540   844   844 I Layer   : id=19595 removeFromCurrentState Surface(name=5613d8b InputMethod)/@0xad5bf26 - animation-leash of insets_animation#19595 (153)
10-12 08:03:48.542  1355  2381 V WindowManager: Relayout Window{159e018 u0 NavigationBar0}: viewVisibility=0 req=1080x135 ty=2019 d0
10-12 08:03:48.544 30346 30346 I InsetsController: onStateChanged: host=com.tv.medicare/com.tv.medicare.MainActivity, from=android.view.ViewRootImpl$ViewRootHandler.handleMessageImpl:7209, state=InsetsState: {mDisplayFrame=Rect(0, 0 - 1080, 2340), mDisplayCutout=DisplayCutout{insets=Rect(0, 80 - 0, 0) waterfall=Insets{left=0, top=0, right=0, bottom=0} boundingRect={Bounds=[Rect(0, 0 - 0, 0), Rect(472, 0 - 608, 80), Rect(0, 0 - 0, 0), Rect(0, 0 - 0, 0)]} cutoutPathParserInfo={CutoutPathParserInfo{displayWidth=1080 displayHeight=2340 physicalDisplayWidth=1080 physicalDisplayHeight=2340 density={2.8125} cutoutSpec={M 0,0 H -24.177777778 V 28.4444444444 H 24.177777778 V 0 H 0 Z @dp} rotation={0} scale={1.0} physicalPixelDisplaySizeRatio={1.0}}}}, mRoundedCorners=RoundedCorners{[RoundedCorner{position=TopLeft, radius=0, center=Point(0, 0)}, RoundedCorner{position=TopRight, radius=0, center=Point(0, 0)}, RoundedCorner{position=BottomRight, radius=0, center=Point(0, 0)}, RoundedCorner{position=BottomLeft, radius=0, center=Point(0, 0)}]}  mRoundedCornerFrame=Rect(0, 0 - 1080, 2340), mPrivacyIndicatorBounds=PrivacyIndicatorBounds {static bounds=Rect(956, 0 - 1080, 80) rotation=0}, mDisplayShape=DisplayShape{ spec=-311912193 displayWidth=1080 displayHeight=2340 physicalPixelDisplaySizeRatio=1.0 rotation=0 offsetX=0 offsetY=0 scale=1.0}, mSources= { InsetsSource: {3 mType=ime mFrame=[0,1332][1080,2340] mVisible=true mFlags=[]}, InsetsSource: {27 mType=displayCutout mFrame=[0,0][1080,80] mVisible=true mFlags=[]}, InsetsSource: {67fe0000 mType=statusBars mFrame=[0,0][1080,80] mVisible=true mFlags=[]}, InsetsSource: {67fe0005 mType=mandatorySystemGestures mFrame=[0,0][1080,114] mVisible=true mFlags=[]}, InsetsSource: {67fe0006 mType=tappableElement mFrame=[0,0][1080,80] mVisible=true mFlags=[]}, InsetsSource: {789d0001 mType=navigationBars mFrame=[0,2205][1080,2340] mVisible=true mFlags=[]}, InsetsSource: {789d0004 mType=systemGestures mFrame=[0,0][0,0] mVisible=true mFlags=[]}, InsetsSource: {789d0005 mType=mandatorySystemGestures mFrame=[0,2205][1080,2340] mVisible=true mFlags=[]}, InsetsSource: {789d0006 mType=tappableElement mFrame=[0,2205][1080,2340] mVisible=true mFlags=[]}, InsetsSource: {789d0024 mType=systemGestures mFrame=[0,0][0,0] mVisible=true mFlags=[]} }
10-12 08:03:48.545 30346 30346 I ImeTracker: com.medicare.auth.test:edb68215: onCancelled at PHASE_CLIENT_ANIMATION_CANCEL
10-12 08:03:48.547 25730 25730 I InsetsSourceConsumer: applyRequestedVisibilityToControl: visible=false, type=ime, host=com.medicare.auth.test/androidx.activity.ComponentActivity
10-12 08:03:48.547 30346 30346 I InsetsController: cancelAnimation: types=ime, animType=1, host=com.tv.medicare/com.tv.medicare.MainActivity, from=android.view.InsetsController.notifyControlRevoked:1786 android.view.InsetsSourceConsumer.setControl:154 android.view.ImeInsetsSourceConsumer.setControl:195
10-12 08:03:48.548 30346 30346 I ImeTracker: com.tv.medicare:68c8ad7f: onRequestHide at ORIGIN_CLIENT_HIDE_SOFT_INPUT reason HIDE_SOFT_INPUT_BY_INSETS_API
10-12 08:03:48.549 30346 30346 I InputMethodManager_LC: notifyImeHidden: IInputMethodManagerGlobalInvoker.hideSoftInput
10-12 08:03:48.549 30346 30346 I ImeTracker: com.tv.medicare:68c8ad7f: onFailed at PHASE_CLIENT_VIEW_SERVED
10-12 08:03:48.551  1355  2381 V WindowManager: Relayout hash=159e018, pid=0, syncId=-1: mAttrs={(0,0)(fillx135) gr=BOTTOM CENTER_VERTICAL sim={adjust=pan} layoutInDisplayCutoutMode=always ty=NAVIGATION_BAR fmt=TRANSLUCENT
10-12 08:03:48.551  1355  2381 V WindowManager:   fl=20840028
10-12 08:03:48.551  1355  2381 V WindowManager:   pfl=33001000
10-12 08:03:48.551  1355  2381 V WindowManager:   bhv=DEFAULT
10-12 08:03:48.551  1355  2381 V WindowManager:   providedInsets:
10-12 08:03:48.551  1355  2381 V WindowManager:     InsetsFrameProvider: {id=#789d0001, index=0, type=navigationBars, source=FRAME, flags=[], insetsSize=Insets{left=0, top=0, right=0, bottom=135}, insetsSizeOverrides=[TypedInsetsSize: {windowType=INPUT_METHOD, insetsSize=null}]}
10-12 08:03:48.551  1355  2381 V WindowManager:     InsetsFrameProvider: {id=#789d0006, index=0, type=tappableElement, source=FRAME, flags=[]}
10-12 08:03:48.551  1355  2381 V WindowManager:     InsetsFrameProvider: {id=#789d0005, index=0, type=mandatorySystemGestures, source=FRAME, flags=[]}
10-12 08:03:48.551  1355  2381 V WindowManager:     InsetsFrameProvider: {id=#789d0004, index=0, type=systemGestures, source=DISPLAY, flags=[], insetsSize=Insets{left=0, top=0, right=0, bottom=0}, mMinimalInsetsSizeInDisplayCutoutSafe=Insets{left=0, top=0, right=0, bottom=0}}
10-12 08:03:48.551  1355  2381 V WindowManager:     InsetsFrameProvider: {id=#789d0024, index=1, type=systemGestures, source=DISPLAY, flags=[], insetsSize=Insets{left=0, top=0, right=0, bottom=0}, mMinimalInsetsSizeInDisplayCutoutSafe=Insets{left=0, top=0, right=0, bottom=0}}
10-12 08:03:48.551  1355  2381 V WindowManager:   paramsForRotation:
10-12 08:03:48.551  1355  2381 V WindowManager:     ROTATION_0={(0,0)(fillx135) gr=BOTTOM CENTER_VERTICAL layoutInDisplayCutoutMode=always ty=NAVIGATION_BAR fmt=TRANSLUCENT
10-12 08:03:48.551  1355  2381 V WindowManager:       fl=20840028
10-12 08:03:48.551  1355  2381 V WindowManager:       pfl=31001000
10-12 08:03:48.551  1355  2381 V WindowManager:       bhv=DEFAULT
10-12 08:03:48.551  1355  2381 V WindowManager:       providedInsets:
10-12 08:03:48.551  1355  2381 V WindowManager:         InsetsFrameProvider: {id=#789d0001, index=0, type=navigationBars, source=FRAME, flags=[], insetsSize=Insets{left=0, top=0, right=0, bottom=135}, insetsSizeOverrides=[TypedInsetsSize: {windowType=INPUT_METHOD, insetsSize=null}]}
10-12 08:03:48.551  1355  2381 V WindowManager:         InsetsFrameProvider: {id=#789d0006, index=0, type=tappableElement, source=FRAME, flags=[]}
10-12 08:03:48.551  1355  2381 V WindowManager:         InsetsFrameProvider: {id=#789d0005, index=0, type=mandatorySystemGestures, source=FRAME, flags=[]}
10-12 08:03:48.551  1355  2381 V WindowManager:         InsetsFrameProvider: {id=#789d0004, index=0, type=systemGestures, source=DISPLAY, flags=[], insetsSize=Insets{left=0, top=0, right=0, bottom=0}, mMinimalInsetsSizeInDisplayCutoutSafe=Insets{left=0, top=0, right=0, bottom=0}}
10-12 08:03:48.551  1355  2381 V WindowManager:         InsetsFrameProvider: {id=#789d0024, index=1, type=systemGestures, source=DISPLAY, flags=[], insetsSize=Insets{left=0, top=0, right=0, bottom=0}, mMinimalInsetsSizeInDisplayCutoutSafe=Insets{left=0, top=0, right=0, bottom=0}} naviIconColor=0}
10-12 08:03:48.551  1355  2381 V WindowManager:     ROTATION_90={(0,0)(135xfill) gr=RIGHT CENTER_HORIZONTAL layoutInDisplayCutoutMode=always ty=NAVIGATION_BAR fmt=TRANSLUCENT
10-12 08:03:48.551  1355  2381 V WindowManager:       fl=20840028
10-12 08:03:48.551  1355  2381 V WindowManager:       pfl=31001000
10-12 08:03:48.551  1355  2381 V WindowManager:       bhv=DEFAULT
10-12 08:03:48.551  1355  2381 V WindowManager:       providedInsets:
10-12 08:03:48.551  1355  2381 V WindowManager:         InsetsFrameProvider: {id=#789d0001, index=0, type=navigationBars, source=FRAME, flags=[], insetsSizeOverrides=[TypedInsetsSize: {windowType=INPUT_METHOD, insetsSize=null}]}
10-12 08:03:48.551  1355  2381 V WindowManager:         InsetsFrameProvider: {id=#789d0006, index=0, type=tappableElement, source=FRAME, flags=[]}
10-12 08:03:48.551  1355  2381 V WindowManager:         InsetsFrameProvider: {id=#789d0005, index=0, type=mandatorySystemGestures, source=FRAME, flags=[]}
10-12 08:03:48.551  1355  2381 V WindowManager:         InsetsFrameProvider: {id=#789d0004, index=0, type=systemGestures, source=DISPLAY, flags=[], insetsSize=Insets{left=0, top=0, right=0, bottom=0}, mMinimalInsetsSizeInDisplayCutoutSafe=Insets{left=0, top=0, right=0, bottom=0}}
10-12 08:03:48.551  1355  2381 V WindowManager:         InsetsFrameProvider: {id=#789d0024, index=1, type=systemGestures, source=DISPLAY, flags=[], insetsSize=Insets{left=0, top=0, right=0, bottom=0}, mMinimalInsetsSizeInDisplayCutoutSafe=Insets{left=0, top=0, right=0, bottom=0}} naviIconColor=0}
10-12 08:03:48.551  1355  2381 V WindowManager:     ROTATION_180={(0,0)(fillx135) gr=BOTTOM CENTER_VERTICAL layoutInDisplayCutoutMode=always ty=NAVIGATION_BAR fmt=TRANSLUCENT
10-12 08:03:48.551  1355  2381 V WindowManager:       fl=20840028
10-12 08:03:48.551  1355  2381 V WindowManager:       pfl=31001000
10-12 08:03:48.551  1355  2381 V WindowManager:       bhv=DEFAULT
10-12 08:03:48.551  1355  2381 V WindowManager:       providedInsets:
10-12 08:03:48.551  1355  2381 V WindowManager:         InsetsFrameProvider: {id=#789d0001, index=0, type=navigationBars, source=FRAME, flags=[], insetsSize=Insets{left=0, top=0, right=0, bottom=135}, insetsSizeOverrides=[TypedInsetsSize: {windowType=INPUT_METHOD, insetsSize=null}]}
10-12 08:03:48.551  1355  2381 V WindowManager:         InsetsFrameProvider: {id=#789d0006, index=0, type=tappableElement, source=FRAME, flags=[]}
10-12 08:03:48.551  1355  2381 V WindowManager:         InsetsFrameProvider: {id=#789d0005, index=0, type=mandatorySystemGestures, source=FRAME, flags=[]}
10-12 08:03:48.551   844   844 I SurfaceFlinger: id=19595 Removed Surface(name=5613d8b InputMethod)/@0xad5bf26 - animation-leash of insets_animation#19595 (153)
